01-24 20:36:52.558  5373  7789 D RGC     : Done teleporting
01-24 20:36:52.720  4443  6610 D AlarmManager: targetPackage = null
01-24 20:36:53.236  4443  4674 D AlarmManager: targetPackage = null
01-24 20:36:53.568 26918 27089 I chatty  : uid=10053(com.nianticlabs.pokemongo) Thread-57768 expire 10 lines
01-24 20:36:53.717  4443  4904 D AlarmManager: targetPackage = null
01-24 20:36:54.141  5373  7358 I RGC     : Starting websocket check
01-24 20:36:54.142  5373  7358 D RGC     : Websocket connection is open, everything should be fine
01-24 20:36:54.142  5373  7358 D RGC     : WebsocketCheck done
01-24 20:36:54.267  4443  4663 D AlarmManager: targetPackage = null
01-24 20:36:54.724  4443  6602 D AlarmManager: targetPackage = null
01-24 20:36:55.143 26918 27090 I chatty  : uid=10053(com.nianticlabs.pokemongo) Thread-57770 expire 12 lines
01-24 20:36:55.239  4443  4663 D AlarmManager: targetPackage = null
01-24 20:36:55.759  4443  7113 D AlarmManager: targetPackage = null
01-24 20:36:55.940  4102  4391 D AudioFlinger: mixer(0xf2203f00) throttle end: throttle time(37)
01-24 20:36:56.280  4443  6613 D AlarmManager: targetPackage = null
01-24 20:36:56.305  4798 16150 I chatty  : uid=10012(com.google.android.gsf.notouch) CMEventHandler expire 14 lines
01-24 20:36:56.807  4443  6109 D AlarmManager: targetPackage = null
01-24 20:36:57.142  5373  7358 I RGC     : Starting websocket check
01-24 20:36:57.142  5373  7358 D RGC     : Websocket connection is open, everything should be fine
01-24 20:36:57.142  5373  7358 D RGC     : WebsocketCheck done
01-24 20:36:57.601  4443  6634 D AlarmManager: targetPackage = null
01-24 20:36:57.648  4443  4465 W art     : Long monitor contention with owner android.bg (4455) at boolean android.os.MessageQueue.enqueueMessage(android.os.Message, long)(MessageQueue.java:541) waiters=0 in android.os.Message android.os.MessageQueue.next() for 247ms
01-24 20:36:57.815  4443 26069 D AlarmManager: targetPackage = null
01-24 20:36:58.283  4443 26243 D AlarmManager: targetPackage = null
01-24 20:36:58.323 18149 18169 I chatty  : uid=10069(de.vahrmap.vmapper) Thread-3 expire 42 lines
01-24 20:36:58.416 18149 18189 I chatty  : uid=10069(de.vahrmap.vmapper) Thread-6 expire 40 lines
01-24 20:36:58.785  4443  4562 D AlarmManager: targetPackage = null
01-24 20:36:59.328  4443  4674 D AlarmManager: targetPackage = null
01-24 20:36:59.783  4443  6602 D AlarmManager: targetPackage = null
01-24 20:36:59.793  4798 16151 I chatty  : uid=10012(com.google.android.gsf.notouch) lowpool[69] expire 14 lines
01-24 20:37:00.002  4443  4443 D AlarmManager: targetPackage = android
01-24 20:37:00.142  5373  7358 I RGC     : Starting websocket check
01-24 20:37:00.143  5373  7358 D RGC     : Websocket connection is open, everything should be fine
01-24 20:37:00.143  5373  7358 D RGC     : WebsocketCheck done
01-24 20:37:00.298  4443  6602 D AlarmManager: targetPackage = null
01-24 20:37:00.653  5373  7783 D RGC     : Websocket received message: 14091;more topmost app
01-24 20:37:00.797  4443  4562 D AlarmManager: targetPackage = null
01-24 20:37:00.817  5373  7783 D RGC     : Websocket received message: 14092;geo fix 51.59471 4.92188 0
01-24 20:37:00.820  5373  7789 D RGC     : Teleporting...
01-24 20:37:00.820  5373  7789 D RGC     : Done teleporting
01-24 20:37:01.307  4443 26243 D AlarmManager: targetPackage = null
01-24 20:37:01.858  4443  4663 D AlarmManager: targetPackage = null
01-24 20:37:02.250 26918 26967 I chatty  : uid=10053(com.nianticlabs.pokemongo) UnityMain expire 14 lines
01-24 20:37:02.309  4443  4904 D AlarmManager: targetPackage = null
01-24 20:37:02.814  4443 26069 D AlarmManager: targetPackage = null
01-24 20:37:03.143  5373  7358 I RGC     : Starting websocket check
01-24 20:37:03.143  5373  7358 D RGC     : Websocket connection is open, everything should be fine
01-24 20:37:03.143  5373  7358 D RGC     : WebsocketCheck done
01-24 20:37:03.323  4443  6613 D AlarmManager: targetPackage = null
01-24 20:37:03.823  4443  4904 D AlarmManager: targetPackage = null
01-24 20:37:04.356  4443  4674 D AlarmManager: targetPackage = null
01-24 20:37:04.450 26918 27034 I chatty  : uid=10053(com.nianticlabs.pokemongo) Receiver expire 14 lines
01-24 20:37:04.815  4102  4391 D AudioFlinger: mixer(0xf2203f00) throttle end: throttle time(17)
01-24 20:37:04.822  4443  4663 D AlarmManager: targetPackage = null
01-24 20:37:05.334  4443  4674 D AlarmManager: targetPackage = null
01-24 20:37:05.629 26918 27089 I chatty  : uid=10053(com.nianticlabs.pokemongo) Thread-57768 expire 14 lines
01-24 20:37:05.827  4443  7113 D AlarmManager: targetPackage = null
01-24 20:37:06.143  5373  7358 I RGC     : Starting websocket check
01-24 20:37:06.144  5373  7358 D RGC     : Websocket connection is open, everything should be fine
01-24 20:37:06.144  5373  7358 D RGC     : WebsocketCheck done
01-24 20:37:06.339  4443  6613 D AlarmManager: targetPackage = null
01-24 20:37:06.475 26918 27090 I chatty  : uid=10053(com.nianticlabs.pokemongo) Thread-57770 expire 14 lines
01-24 20:37:06.840  4443 26243 D AlarmManager: targetPackage = null
01-24 20:37:07.339  4443  4562 D AlarmManager: targetPackage = null
01-24 20:37:07.841  4443  6617 D AlarmManager: targetPackage = null
01-24 20:37:08.360  4443 26244 D AlarmManager: targetPackage = null
01-24 20:37:08.856  4443  6634 D AlarmManager: targetPackage = null
01-24 20:37:09.144  5373  7358 I RGC     : Starting websocket check
01-24 20:37:09.144  5373  7358 D RGC     : Websocket connection is open, everything should be fine
01-24 20:37:09.144  5373  7358 D RGC     : WebsocketCheck done
01-24 20:37:09.356  4443  6602 D AlarmManager: targetPackage = null
01-24 20:37:09.569  5373  7783 D RGC     : Websocket received message: 14093;more logcat
01-24 20:37:09.897  4443  6629 D AlarmManager: targetPackage = null
01-24 20:37:10.384  4443  6617 D AlarmManager: targetPackage = null
01-24 20:37:10.868  4443  6606 D AlarmManager: targetPackage = null
01-24 20:37:11.423  4443  4665 D AlarmManager: targetPackage = null
01-24 20:37:11.939  4443  7113 D AlarmManager: targetPackage = null
01-24 20:37:12.145  5373  7358 I RGC     : Starting websocket check
01-24 20:37:12.145  5373  7358 D RGC     : Websocket connection is open, everything should be fine
01-24 20:37:12.145  5373  7358 D RGC     : WebsocketCheck done
01-24 20:37:12.229  4798 16150 I chatty  : uid=10012(com.google.android.gsf.notouch) CMEventHandler expire 2 lines
01-24 20:37:12.244  4443  6629 W art     : Long monitor contention with owner android.bg (4455) at boolean com.android.server.LocationManagerService.isMockProvider(java.lang.String)(LocationManagerService.java:2381) waiters=0 in void com.android.server.LocationManagerService.locationCallbackFinished(android.location.ILocationListener) for 252ms
01-24 20:37:12.418 20308 20308 D AndroidRuntime: >>>>>> START com.android.internal.os.RuntimeInit uid 0 <<<<<<
01-24 20:37:12.463 20308 20308 D AndroidRuntime: CheckJNI is OFF
01-24 20:37:12.466 20308 20308 E cutils-trace: Error opening trace file: No such file or directory (2)
01-24 20:37:12.496  4443  4904 D AlarmManager: targetPackage = null
01-24 20:37:12.624 26918 26967 I chatty  : uid=10053(com.nianticlabs.pokemongo) UnityMain expire 28 lines
01-24 20:37:12.926  4443 26244 D AlarmManager: targetPackage = null
01-24 20:37:12.965  4102  4391 D AudioFlinger: mixer(0xf2203f00) throttle end: throttle time(6)
01-24 20:37:13.178  4102  4391 D AudioFlinger: mixer(0xf2203f00) throttle end: throttle time(3)
01-24 20:37:13.244 20308 20308 D ICU     : No timezone override file found: /data/misc/zoneinfo/current/icu/icu_tzdata.dat
01-24 20:37:13.547  4443  6602 D AlarmManager: targetPackage = null
01-24 20:37:13.619 18149 18169 I chatty  : uid=10069(de.vahrmap.vmapper) Thread-3 expire 44 lines
01-24 20:37:13.644 18149 18189 I chatty  : uid=10069(de.vahrmap.vmapper) Thread-6 expire 30 lines
01-24 20:37:13.658 20308 20308 I Radio-JNI: register_android_hardware_Radio DONE
01-24 20:37:13.850 20308 20308 D AndroidRuntime: Calling main entry com.android.commands.content.Content
01-24 20:37:14.030  4443  4454 W ActivityManager: Slow operation: 96ms so far, now at getContentProviderImpl: after resolveContentProvider
01-24 20:37:14.060  4443  4454 W ActivityManager: Slow operation: 126ms so far, now at getContentProviderImpl: got app info for user
01-24 20:37:14.060  4443  4454 W ActivityManager: Slow operation: 126ms so far, now at getContentProviderImpl: before checkContentProviderPermission
01-24 20:37:14.060  4443  4454 W ActivityManager: Slow operation: 126ms so far, now at getContentProviderImpl: after checkContentProviderPermission
01-24 20:37:14.073  4443  4454 W ActivityManager: Slow operation: 139ms so far, now at getContentProviderImpl: before getProviderByClass
01-24 20:37:14.073  4443  4454 W ActivityManager: Slow operation: 139ms so far, now at getContentProviderImpl: after getProviderByClass
01-24 20:37:14.073  4443  4454 W ActivityManager: Slow operation: 139ms so far, now at getContentProviderImpl: before getApplicationInfo
01-24 20:37:14.073  4443  4454 W ActivityManager: Slow operation: 139ms so far, now at getContentProviderImpl: after getApplicationInfo
01-24 20:37:14.073  4443  4454 W ActivityManager: Slow operation: 139ms so far, now at getContentProviderImpl: now have ContentProviderRecord
01-24 20:37:14.073  4443  4454 W ActivityManager: Slow operation: 139ms so far, now at getContentProviderImpl: before set stopped state
01-24 20:37:14.073  4443  4454 W ActivityManager: Slow operation: 139ms so far, now at getContentProviderImpl: after set stopped state
01-24 20:37:14.073  4443  4454 W ActivityManager: Slow operation: 139ms so far, now at getContentProviderImpl: looking for process record
01-24 20:37:14.073  4443  4454 W ActivityManager: Slow operation: 139ms so far, now at getContentProviderImpl: before start process
01-24 20:37:14.216  4443  4454 W ActivityManager: Slow operation: 110ms so far, now at startProcess: returned from zygote!
01-24 20:37:14.216  4443  4454 W ActivityManager: Slow operation: 110ms so far, now at startProcess: done updating battery stats
01-24 20:37:14.235  4443  4454 W ActivityManager: Slow operation: 129ms so far, now at startProcess: building log message
01-24 20:37:14.235  4443  4454 I ActivityManager: Start proc 20332:com.ZKus0p4vP41dpN3n/u0a56 for content provider com.ZKus0p4vP41dpN3n/a.p
01-24 20:37:14.235  4443  4454 W ActivityManager: Slow operation: 129ms so far, now at startProcess: starting to update pids map
01-24 20:37:14.235  4443  4454 W ActivityManager: Slow operation: 130ms so far, now at startProcess: done updating pids map
01-24 20:37:14.235  4443  4454 W ActivityManager: Slow operation: 162ms so far, now at startProcess: done starting proc!
01-24 20:37:14.235  4443  4454 W ActivityManager: Slow operation: 302ms so far, now at getContentProviderImpl: after start process
01-24 20:37:14.235  4443  4454 W ActivityManager: Slow operation: 302ms so far, now at getContentProviderImpl: updating data structures
01-24 20:37:14.236  4443  4454 W ActivityManager: Slow operation: 302ms so far, now at getContentProviderImpl: done!
01-24 20:37:14.260  4443  4663 D AlarmManager: targetPackage = null
01-24 20:37:14.337  4798 16151 I chatty  : uid=10012(com.google.android.gsf.notouch) lowpool[69] expire 14 lines
01-24 20:37:14.339  4443  4457 W art     : Long monitor contention with owner Binder:4443_2 (4454) at android.app.IActivityManager$ContentProviderHolder com.android.server.am.ActivityManagerService.getContentProviderImpl(android.app.IApplicationThread, java.lang.String, android.os.IBinder, boolean, int)(ActivityManagerService.java:10782) waiters=2 in void com.android.server.am.ActivityManagerService.dispatchUidsChanged() for 131ms
01-24 20:37:14.339  4443  6109 W art     : Long monitor contention with owner Binder:4443_2 (4454) at android.app.IActivityManager$ContentProviderHolder com.android.server.am.ActivityManagerService.getContentProviderImpl(android.app.IApplicationThread, java.lang.String, android.os.IBinder, boolean, int)(ActivityManagerService.java:10782) waiters=3 in boolean com.android.server.am.ActivityManagerService.stopServiceToken(android.content.ComponentName, android.os.IBinder, int) for 120ms
01-24 20:37:14.586  4443  6109 D AlarmManager: targetPackage = null
01-24 20:37:14.896 20332 20332 W System  : ClassLoader referenced unknown path: /data/app/com.ZKus0p4vP41dpN3n-1/lib/arm
01-24 20:37:14.968  4443  6606 D AlarmManager: targetPackage = null
01-24 20:37:15.145  5373  7358 I RGC     : Starting websocket check
01-24 20:37:15.145  5373  7358 D RGC     : Websocket connection is open, everything should be fine
01-24 20:37:15.145  5373  7358 D RGC     : WebsocketCheck done
01-24 20:37:15.449  4443  7113 D AlarmManager: targetPackage = null
01-24 20:37:15.940  4443  4663 D AlarmManager: targetPackage = null
01-24 20:37:15.978  5373  7783 D RGC     : Websocket received message: 14094;more topmost app
01-24 20:37:16.154 20332 20332 W System  : ClassLoader referenced unknown path: /system/priv-app/PrebuiltGmsCorePano/lib/arm
01-24 20:37:16.160 20332 20332 D ApplicationLoaders: ignored Vulkan layer search path /system/priv-app/PrebuiltGmsCorePano/lib/arm:/system/priv-app/PrebuiltGmsCorePano/PrebuiltGmsCorePano.apk!/lib/armeabi-v7a:/system/lib:/vendor/lib for namespace 0xefc17090
01-24 20:37:16.310  5373  7783 D RGC     : Websocket received message: 14095;geo fix 51.59545 4.921 0
01-24 20:37:16.315  5373  7788 D RGC     : Teleporting...
01-24 20:37:16.316  5373  7788 D RGC     : Done teleporting
01-24 20:37:16.375 20332 20332 V NativeCrypto: Registering com/google/android/gms/org/conscrypt/NativeCrypto's 284 native methods...
01-24 20:37:16.451  4443  4453 D AlarmManager: targetPackage = null
01-24 20:37:16.579 26918 27089 I chatty  : uid=10053(com.nianticlabs.pokemongo) Thread-57768 expire 11 lines
01-24 20:37:16.596 20332 20332 D NetworkSecurityConfig: No Network Security Config specified, using platform default
01-24 20:37:16.702 20332 20332 I ProviderInstaller: Installed default security provider GmsCore_OpenSSL
01-24 20:37:16.978  4443  6629 D AlarmManager: targetPackage = null
01-24 20:37:17.150 26918 27090 I chatty  : uid=10053(com.nianticlabs.pokemongo) Thread-57770 expire 16 lines
01-24 20:37:17.647  4443  4674 D AlarmManager: targetPackage = null
01-24 20:37:17.982  4443  4665 D AlarmManager: targetPackage = null
01-24 20:37:18.005  4798 21700 I chatty  : uid=10012(com.google.android.gsf.notouch) lowpool[65] expire 20 lines
01-24 20:37:18.145  5373  7358 I RGC     : Starting websocket check
01-24 20:37:18.146  5373  7358 D RGC     : Websocket connection is open, everything should be fine
01-24 20:37:18.146  5373  7358 D RGC     : WebsocketCheck done
01-24 20:37:18.514  4443  6609 D AlarmManager: targetPackage = null
01-24 20:37:18.971  4443  7113 D AlarmManager: targetPackage = null
01-24 20:37:19.108  5610  5639 I Finsky  : [131] com.google.android.finsky.bq.ab.run(5): Stats for Executor: BlockingExecutor com.google.android.finsky.bq.ac@77eb193[Running, pool size = 0, active threads = 0, queued tasks = 0, completed tasks = 0]
01-24 20:37:19.109  5610  5639 I Finsky  : [131] com.google.android.finsky.bq.ab.run(5): Stats for Executor: LightweightExecutor com.google.android.finsky.bq.ac@5be95d0[Running, pool size = 1, active threads = 0, queued tasks = 0, completed tasks = 1]
01-24 20:37:19.494  4443  4674 D AlarmManager: targetPackage = null
01-24 20:37:19.993  4443  4562 D AlarmManager: targetPackage = null
01-24 20:37:20.492  4443 26069 D AlarmManager: targetPackage = null
01-24 20:37:20.991  4443  6609 D AlarmManager: targetPackage = null
01-24 20:37:21.146  5373  7358 I RGC     : Starting websocket check
01-24 20:37:21.146  5373  7358 D RGC     : Websocket connection is open, everything should be fine
01-24 20:37:21.146  5373  7358 D RGC     : WebsocketCheck done
01-24 20:37:21.512  4443  7113 D AlarmManager: targetPackage = null
01-24 20:37:22.000  4443  6109 D AlarmManager: targetPackage = null
01-24 20:37:22.510  4443  6602 D AlarmManager: targetPackage = null
01-24 20:37:23.002  4443  6629 D AlarmManager: targetPackage = null
01-24 20:37:23.415 26918 27091 I chatty  : uid=10053(com.nianticlabs.pokemongo) Thread-57733 expire 15 lines
01-24 20:37:23.495  4443  6606 D AlarmManager: targetPackage = null
01-24 20:37:23.844 26918 26967 I chatty  : uid=10053(com.nianticlabs.pokemongo) UnityMain expire 23 lines
01-24 20:37:24.006  4443  4944 D AlarmManager: targetPackage = null
01-24 20:37:24.146  5373  7358 I RGC     : Starting websocket check
01-24 20:37:24.146  5373  7358 D RGC     : Websocket connection is open, everything should be fine
01-24 20:37:24.146  5373  7358 D RGC     : WebsocketCheck done
01-24 20:37:24.437 18149 18189 I chatty  : uid=10069(de.vahrmap.vmapper) Thread-6 expire 36 lines
01-24 20:37:24.483 18149 18169 I chatty  : uid=10069(de.vahrmap.vmapper) Thread-3 expire 33 lines
01-24 20:37:24.514  4443  6613 D AlarmManager: targetPackage = null
01-24 20:37:24.935  5373  7783 D RGC     : Websocket received message: 14096;more topmost app
01-24 20:37:25.018  4443  4665 D AlarmManager: targetPackage = null
01-24 20:37:25.148  5373  7783 D RGC     : Websocket received message: 14097;geo fix 51.59451 4.91997 0
01-24 20:37:25.192  5373  7788 D RGC     : Teleporting...
01-24 20:37:25.192  5373  7788 D RGC     : Done teleporting
01-24 20:37:25.450 18149 18168 I chatty  : uid=10069(de.vahrmap.vmapper) Thread-2 expire 12 lines
01-24 20:37:25.541  4443  6629 D AlarmManager: targetPackage = null
01-24 20:37:26.023  4443  4904 D AlarmManager: targetPackage = null
01-24 20:37:26.543  4443  4454 D AlarmManager: targetPackage = null
01-24 20:37:27.025  4443 26244 D AlarmManager: targetPackage = null
01-24 20:37:27.147  5373  7358 I RGC     : Starting websocket check
01-24 20:37:27.147  5373  7358 D RGC     : Websocket connection is open, everything should be fine
01-24 20:37:27.147  5373  7358 D RGC     : WebsocketCheck done
01-24 20:37:27.555  4443  5033 D AlarmManager: targetPackage = null
01-24 20:37:28.038  4443  6609 D AlarmManager: targetPackage = null
01-24 20:37:28.542  4443  6606 D AlarmManager: targetPackage = null
01-24 20:37:29.043  4443  4904 D AlarmManager: targetPackage = null
01-24 20:37:29.547  4443  6613 D AlarmManager: targetPackage = null
01-24 20:37:29.894  4443  4452 I art     : Background partial concurrent mark sweep GC freed 36496(1722KB) AllocSpace objects, 16(320KB) LOS objects, 33% free, 7MB/11MB, paused 6.534ms total 323.226ms
01-24 20:37:30.054  4443  6634 D AlarmManager: targetPackage = null
01-24 20:37:30.148  5373  7358 I RGC     : Starting websocket check
01-24 20:37:30.148  5373  7358 D RGC     : Websocket connection is open, everything should be fine
01-24 20:37:30.148  5373  7358 D RGC     : WebsocketCheck done
01-24 20:37:30.248 26918 27092 I chatty  : uid=10053(com.nianticlabs.pokemongo) Thread-57740 expire 15 lines
01-24 20:37:30.590  4443  6634 D AlarmManager: targetPackage = null
01-24 20:37:31.060  4443  4674 D AlarmManager: targetPackage = null
01-24 20:37:31.605  4443  4665 D AlarmManager: targetPackage = null
01-24 20:37:32.083  4443  4904 D AlarmManager: targetPackage = null
01-24 20:37:32.585  4443  5033 D AlarmManager: targetPackage = null
01-24 20:37:32.869  4068  4518 E hwcomposer: hdmi is not connected.
01-24 20:37:32.885  4068  4072 E hwcomposer: hdmi is not connected.
01-24 20:37:32.902  4068  4685 E hwcomposer: hdmi is not connected.
01-24 20:37:32.919  4068  4070 E hwcomposer: hdmi is not connected.
01-24 20:37:32.935  4068  4664 E hwcomposer: hdmi is not connected.
01-24 20:37:32.952  4068  4518 E hwcomposer: hdmi is not connected.
01-24 20:37:32.969  4068  4072 E hwcomposer: hdmi is not connected.
01-24 20:37:32.985  4068  4685 E hwcomposer: hdmi is not connected.
01-24 20:37:33.002  4068  4070 E hwcomposer: hdmi is not connected.
01-24 20:37:33.019  4068  4664 E hwcomposer: hdmi is not connected.
01-24 20:37:33.036  4068  4518 E hwcomposer: hdmi is not connected.
01-24 20:37:33.052  4068  4072 E hwcomposer: hdmi is not connected.
01-24 20:37:33.066  4443  6606 D AlarmManager: targetPackage = null
01-24 20:37:33.069  4068  4685 E hwcomposer: hdmi is not connected.
01-24 20:37:33.086  4068  4070 E hwcomposer: hdmi is not connected.
01-24 20:37:33.102  4068  4664 E hwcomposer: hdmi is not connected.
01-24 20:37:33.119  4068  4518 E hwcomposer: hdmi is not connected.
01-24 20:37:33.135  4068  4072 E hwcomposer: hdmi is not connected.
01-24 20:37:33.148  5373  7358 I RGC     : Starting websocket check
01-24 20:37:33.148  5373  7358 D RGC     : Websocket connection is open, everything should be fine
01-24 20:37:33.148  5373  7358 D RGC     : WebsocketCheck done
01-24 20:37:33.152  4068  4685 E hwcomposer: hdmi is not connected.
01-24 20:37:33.169  4068  4070 E hwcomposer: hdmi is not connected.
01-24 20:37:33.185  4068  4664 E hwcomposer: hdmi is not connected.
01-24 20:37:33.202  4068  4518 E hwcomposer: hdmi is not connected.
01-24 20:37:33.219  4068  4072 E hwcomposer: hdmi is not connected.
01-24 20:37:33.235  4068  4685 E hwcomposer: hdmi is not connected.
01-24 20:37:33.252  4068  4070 E hwcomposer: hdmi is not connected.
01-24 20:37:33.269  4068  4664 E hwcomposer: hdmi is not connected.
01-24 20:37:33.272  5373  7783 D RGC     : Websocket received message: 14098;more topmost app
01-24 20:37:33.286  4068  4518 E hwcomposer: hdmi is not connected.
01-24 20:37:33.302  4068  4072 E hwcomposer: hdmi is not connected.
01-24 20:37:33.319  4068  4685 E hwcomposer: hdmi is not connected.
01-24 20:37:33.336  4068  4070 E hwcomposer: hdmi is not connected.
01-24 20:37:33.352  4068  4664 E hwcomposer: hdmi is not connected.
01-24 20:37:33.369  4068  4518 E hwcomposer: hdmi is not connected.
01-24 20:37:33.382  5373  7783 D RGC     : Websocket received message: 14099;geo fix 51.59512 4.91902 0
01-24 20:37:33.383  5373  7788 D RGC     : Teleporting...
01-24 20:37:33.384  5373  7788 D RGC     : Done teleporting
01-24 20:37:33.385  4068  4072 E hwcomposer: hdmi is not connected.
01-24 20:37:33.402  4068  4685 E hwcomposer: hdmi is not connected.
01-24 20:37:33.419  4068  4070 E hwcomposer: hdmi is not connected.
01-24 20:37:33.435  4068  4664 E hwcomposer: hdmi is not connected.
01-24 20:37:33.452  4068  4518 E hwcomposer: hdmi is not connected.
01-24 20:37:33.469  4068  4072 E hwcomposer: hdmi is not connected.
01-24 20:37:33.486  4068  4685 E hwcomposer: hdmi is not connected.
01-24 20:37:33.502  4068  4070 E hwcomposer: hdmi is not connected.
01-24 20:37:33.519  4068  4664 E hwcomposer: hdmi is not connected.
01-24 20:37:33.536  4068  4518 E hwcomposer: hdmi is not connected.
01-24 20:37:33.552  4068  4072 E hwcomposer: hdmi is not connected.
01-24 20:37:33.569  4068  4685 E hwcomposer: hdmi is not connected.
01-24 20:37:33.571  4443  4904 D AlarmManager: targetPackage = null
01-24 20:37:33.586  4068  4070 E hwcomposer: hdmi is not connected.
01-24 20:37:33.602  4068  4664 E hwcomposer: hdmi is not connected.
01-24 20:37:33.619  4068  4518 E hwcomposer: hdmi is not connected.
01-24 20:37:33.636  4068  4072 E hwcomposer: hdmi is not connected.
01-24 20:37:33.652  4068  4685 E hwcomposer: hdmi is not connected.
01-24 20:37:33.669  4068  4070 E hwcomposer: hdmi is not connected.
01-24 20:37:33.685  4068  4664 E hwcomposer: hdmi is not connected.
01-24 20:37:33.702  4068  4518 E hwcomposer: hdmi is not connected.
01-24 20:37:33.719  4068  4072 E hwcomposer: hdmi is not connected.
01-24 20:37:33.736  4068  4685 E hwcomposer: hdmi is not connected.
01-24 20:37:33.752 26918 27090 I chatty  : uid=10053(com.nianticlabs.pokemongo) Thread-57770 expire 10 lines
01-24 20:37:33.752  4068  4070 E hwcomposer: hdmi is not connected.
01-24 20:37:33.756 26918 27089 I chatty  : uid=10053(com.nianticlabs.pokemongo) Thread-57768 expire 15 lines
01-24 20:37:33.769  4068  4664 E hwcomposer: hdmi is not connected.
01-24 20:37:33.786  4068  4518 E hwcomposer: hdmi is not connected.
01-24 20:37:33.802  4068  4072 E hwcomposer: hdmi is not connected.
01-24 20:37:33.819  4068  4685 E hwcomposer: hdmi is not connected.
01-24 20:37:33.836  4068  4664 E hwcomposer: hdmi is not connected.
01-24 20:37:33.838  4068  4518 E hwcomposer: hdmi is not connected.
01-24 20:37:33.852  4068  4072 E hwcomposer: hdmi is not connected.
01-24 20:37:34.077  4443  4944 D AlarmManager: targetPackage = null
01-24 20:37:34.438 26918 26967 I chatty  : uid=10053(com.nianticlabs.pokemongo) UnityMain expire 22 lines
01-24 20:37:34.584  4443  6109 D AlarmManager: targetPackage = null
01-24 20:37:35.093  4443 26069 D AlarmManager: targetPackage = null
01-24 20:37:35.444 18149 18189 I chatty  : uid=10069(de.vahrmap.vmapper) Thread-6 expire 36 lines
01-24 20:37:35.585  4443  6617 D AlarmManager: targetPackage = null
01-24 20:37:35.711 18149 18169 I chatty  : uid=10069(de.vahrmap.vmapper) Thread-3 expire 31 lines
01-24 20:37:36.093  4443 26069 D AlarmManager: targetPackage = null
01-24 20:37:36.148  5373  7358 I RGC     : Starting websocket check
01-24 20:37:36.149  5373  7358 D RGC     : Websocket connection is open, everything should be fine
01-24 20:37:36.149  5373  7358 D RGC     : WebsocketCheck done
01-24 20:37:36.611  4443 26243 D AlarmManager: targetPackage = null
01-24 20:37:37.097  4443  6606 D AlarmManager: targetPackage = null
01-24 20:37:37.611  4443  6610 D AlarmManager: targetPackage = null
01-24 20:37:38.127  4443  6602 D AlarmManager: targetPackage = null
01-24 20:37:38.137  4798 25296 I chatty  : uid=10012(com.google.android.gsf.notouch) lowpool[66] expire 12 lines
01-24 20:37:38.621  4443  4454 D AlarmManager: targetPackage = null
01-24 20:37:39.117  4443  4944 D AlarmManager: targetPackage = null
01-24 20:37:39.149  5373  7358 I RGC     : Starting websocket check
01-24 20:37:39.149  5373  7358 D RGC     : Websocket connection is open, everything should be fine
01-24 20:37:39.149  5373  7358 D RGC     : WebsocketCheck done
01-24 20:37:39.623  4443  4453 D AlarmManager: targetPackage = null
01-24 20:37:40.126  4443 26243 D AlarmManager: targetPackage = null
01-24 20:37:40.629  4443  4453 D AlarmManager: targetPackage = null
01-24 20:37:40.726 26918 27092 I chatty  : uid=10053(com.nianticlabs.pokemongo) Thread-57740 expire 11 lines
01-24 20:37:41.124  4443  4904 D AlarmManager: targetPackage = null
01-24 20:37:41.643  4443  6613 D AlarmManager: targetPackage = null
01-24 20:37:42.131  4443  4904 D AlarmManager: targetPackage = null
01-24 20:37:42.149  5373  7358 I RGC     : Starting websocket check
01-24 20:37:42.150  5373  7358 D RGC     : Websocket connection is open, everything should be fine
01-24 20:37:42.150  5373  7358 D RGC     : WebsocketCheck done
01-24 20:37:42.636  4443  4562 D AlarmManager: targetPackage = null
01-24 20:37:42.758 26918 27091 I chatty  : uid=10053(com.nianticlabs.pokemongo) Thread-57733 expire 11 lines
01-24 20:37:43.003  5373  7783 D RGC     : Websocket received message: 14100;more topmost app
01-24 20:37:43.144  4443 26243 D AlarmManager: targetPackage = null
01-24 20:37:43.153  5373  7783 D RGC     : Websocket received message: 14101;geo fix 51.59588 4.91773 0
01-24 20:37:43.157  5373  7788 D RGC     : Teleporting...
01-24 20:37:43.159  5373  7788 D RGC     : Done teleporting
01-24 20:37:43.657  4443 26244 D AlarmManager: targetPackage = null
01-24 20:37:44.153  4443  7113 D AlarmManager: targetPackage = null
01-24 20:37:44.168  4798 21700 I chatty  : uid=10012(com.google.android.gsf.notouch) lowpool[65] expire 20 lines
01-24 20:37:44.663  4443  4674 D AlarmManager: targetPackage = null
01-24 20:37:45.150  5373  7358 I RGC     : Starting websocket check
01-24 20:37:45.150  5373  7358 D RGC     : Websocket connection is open, everything should be fine
01-24 20:37:45.150  5373  7358 D RGC     : WebsocketCheck done
01-24 20:37:45.161  4443 26069 D AlarmManager: targetPackage = null
01-24 20:37:45.669  4443  4562 D AlarmManager: targetPackage = null
01-24 20:37:45.681 26918 26967 I chatty  : uid=10053(com.nianticlabs.pokemongo) UnityMain expire 11 lines
01-24 20:37:46.166  4443 26069 D AlarmManager: targetPackage = null
01-24 20:37:46.469 18149 18189 I chatty  : uid=10069(de.vahrmap.vmapper) Thread-6 expire 13 lines
01-24 20:37:46.580 18149 18169 I chatty  : uid=10069(de.vahrmap.vmapper) Thread-3 expire 29 lines
01-24 20:37:46.677  4443  4663 D AlarmManager: targetPackage = null
01-24 20:37:47.193  4443  4453 D AlarmManager: targetPackage = null
01-24 20:37:47.703  4443 26069 D AlarmManager: targetPackage = null
01-24 20:37:48.151  5373  7358 I RGC     : Starting websocket check
01-24 20:37:48.151  5373  7358 D RGC     : Websocket connection is open, everything should be fine
01-24 20:37:48.151  5373  7358 D RGC     : WebsocketCheck done
01-24 20:37:48.193  4443  7113 D AlarmManager: targetPackage = null
01-24 20:37:48.705  4443  6109 D AlarmManager: targetPackage = null
01-24 20:37:49.199  4443  4562 D AlarmManager: targetPackage = null
01-24 20:37:49.711  4443  4944 D AlarmManager: targetPackage = null
01-24 20:37:50.223  4443 26069 D AlarmManager: targetPackage = null
01-24 20:37:50.710  4443  4663 D AlarmManager: targetPackage = null
01-24 20:37:51.151  5373  7358 I RGC     : Starting websocket check
01-24 20:37:51.152  5373  7358 D RGC     : Websocket connection is open, everything should be fine
01-24 20:37:51.152  5373  7358 D RGC     : WebsocketCheck done
01-24 20:37:51.223  4443  6602 D AlarmManager: targetPackage = null
01-24 20:37:51.733  4443  6109 D AlarmManager: targetPackage = null
01-24 20:37:52.221  4443  6629 D AlarmManager: targetPackage = null
01-24 20:37:52.736  4443  4454 D AlarmManager: targetPackage = null
01-24 20:37:53.225 26918 27090 I chatty  : uid=10053(com.nianticlabs.pokemongo) Thread-57770 expire 10 lines
01-24 20:37:53.235  4443  6602 D AlarmManager: targetPackage = null
01-24 20:37:53.307 26918 27089 I chatty  : uid=10053(com.nianticlabs.pokemongo) Thread-57768 expire 10 lines
01-24 20:37:53.761  4443  6617 D AlarmManager: targetPackage = null
01-24 20:37:54.152  5373  7358 I RGC     : Starting websocket check
01-24 20:37:54.152  5373  7358 D RGC     : Websocket connection is open, everything should be fine
01-24 20:37:54.152  5373  7358 D RGC     : WebsocketCheck done
01-24 20:37:54.243  4443 26243 D AlarmManager: targetPackage = null
01-24 20:37:54.304  5373  7783 D RGC     : Websocket received message: 14102;more topmost app
01-24 20:37:54.474  5373  7783 D RGC     : Websocket received message: 14103;geo fix 51.59646 4.91961 0
01-24 20:37:54.476  5373  7788 D RGC     : Teleporting...
01-24 20:37:54.476  5373  7788 D RGC     : Done teleporting
01-24 20:37:54.755  4443  6617 D AlarmManager: targetPackage = null
01-24 20:37:55.252  4443  6609 D AlarmManager: targetPackage = null
01-24 20:37:55.267  4798 16151 I chatty  : uid=10012(com.google.android.gsf.notouch) lowpool[69] expire 10 lines
01-24 20:37:55.759  4443 26243 D AlarmManager: targetPackage = null
01-24 20:37:55.907 26918 26967 I chatty  : uid=10053(com.nianticlabs.pokemongo) UnityMain expire 23 lines
01-24 20:37:56.264  4443  6609 D AlarmManager: targetPackage = null
01-24 20:37:56.762  4443 26243 D AlarmManager: targetPackage = null
01-24 20:37:56.896 18149 18169 I chatty  : uid=10069(de.vahrmap.vmapper) Thread-3 expire 44 lines
01-24 20:37:57.153  5373  7358 I RGC     : Starting websocket check
01-24 20:37:57.153  5373  7358 D RGC     : Websocket connection is open, everything should be fine
01-24 20:37:57.153  5373  7358 D RGC     : WebsocketCheck done
01-24 20:37:57.285  4443  4562 D AlarmManager: targetPackage = null
01-24 20:37:57.338  4102  4391 D AudioFlinger: mixer(0xf2203f00) throttle end: throttle time(4)
01-24 20:37:57.341  4798 21700 I chatty  : uid=10012(com.google.android.gsf.notouch) lowpool[65] expire 16 lines
01-24 20:37:57.659 18149 18189 I chatty  : uid=10069(de.vahrmap.vmapper) Thread-6 expire 36 lines
01-24 20:37:57.764  4443 26243 D AlarmManager: targetPackage = null
01-24 20:37:58.267  4443  6109 D AlarmManager: targetPackage = null
01-24 20:37:58.781  4443  6617 D AlarmManager: targetPackage = null
01-24 20:37:59.273  4443  4562 D AlarmManager: targetPackage = null
01-24 20:37:59.787  4443  6609 D AlarmManager: targetPackage = null
01-24 20:38:00.004  4443  4443 D AlarmManager: targetPackage = android
01-24 20:38:00.154  5373  7358 I RGC     : Starting websocket check
01-24 20:38:00.154  5373  7358 D RGC     : Websocket connection is open, everything should be fine
01-24 20:38:00.154  5373  7358 D RGC     : WebsocketCheck done
01-24 20:38:00.203  4443 26069 I ActivityManager: Process com.ZKus0p4vP41dpN3n (pid 20332) has died
01-24 20:38:00.255  4443 26069 D ActivityManager: cleanUpApplicationRecord -- 20332
01-24 20:38:00.965  4102  4391 D AudioFlinger: mixer(0xf2203f00) throttle end: throttle time(2)
01-24 20:38:02.542  4443  6629 D AlarmManager: targetPackage = null
01-24 20:38:02.800  4443  4562 D AlarmManager: targetPackage = null
01-24 20:38:03.154  5373  7358 I RGC     : Starting websocket check
01-24 20:38:03.154  5373  7358 D RGC     : Websocket connection is open, everything should be fine
01-24 20:38:03.154  5373  7358 D RGC     : WebsocketCheck done
01-24 20:38:03.307  4443  4904 D AlarmManager: targetPackage = null
01-24 20:38:03.559  5373  7783 D RGC     : Websocket received message: 14104;more topmost app
01-24 20:38:03.669  5373  7783 D RGC     : Websocket received message: 14105;geo fix 51.59779 4.91934 0
01-24 20:38:03.671  5373  7788 D RGC     : Teleporting...
01-24 20:38:03.671  5373  7788 D RGC     : Done teleporting
01-24 20:38:03.812  4443 26243 D AlarmManager: targetPackage = null
01-24 20:38:04.070 26918 27089 I chatty  : uid=10053(com.nianticlabs.pokemongo) Thread-57768 expire 15 lines
01-24 20:38:04.323  4443  6609 D AlarmManager: targetPackage = null
01-24 20:38:04.817  4443  4663 D AlarmManager: targetPackage = null
01-24 20:38:05.323  4443  4454 D AlarmManager: targetPackage = null
01-24 20:38:05.350 26918 27091 I chatty  : uid=10053(com.nianticlabs.pokemongo) Thread-57733 expire 10 lines
01-24 20:38:05.479  4443  4452 I art     : Background partial concurrent mark sweep GC freed 38951(1887KB) AllocSpace objects, 20(400KB) LOS objects, 33% free, 7MB/11MB, paused 2.156ms total 135.232ms
01-24 20:38:05.822  4443  4944 D AlarmManager: targetPackage = null
01-24 20:38:06.154  5373  7358 I RGC     : Starting websocket check
01-24 20:38:06.155  5373  7358 D RGC     : Websocket connection is open, everything should be fine
01-24 20:38:06.155  5373  7358 D RGC     : WebsocketCheck done
01-24 20:38:06.362  4443  7113 D AlarmManager: targetPackage = null
01-24 20:38:06.362 26918 26967 I chatty  : uid=10053(com.nianticlabs.pokemongo) UnityMain expire 22 lines
01-24 20:38:06.545 18149 18168 I chatty  : uid=10069(de.vahrmap.vmapper) Thread-2 expire 12 lines
01-24 20:38:06.684 26918 27034 I chatty  : uid=10053(com.nianticlabs.pokemongo) Receiver expire 14 lines
01-24 20:38:06.728 26918 27092 I chatty  : uid=10053(com.nianticlabs.pokemongo) Thread-57740 expire 18 lines
01-24 20:38:06.834  4443  4663 D AlarmManager: targetPackage = null
01-24 20:38:07.343  4443  6613 D AlarmManager: targetPackage = null
01-24 20:38:07.356  4798 21700 I chatty  : uid=10012(com.google.android.gsf.notouch) lowpool[65] expire 20 lines
01-24 20:38:07.842  4443  4453 D AlarmManager: targetPackage = null
01-24 20:38:07.967 18149 18169 I chatty  : uid=10069(de.vahrmap.vmapper) Thread-3 expire 29 lines
01-24 20:38:08.349  4443  6609 D AlarmManager: targetPackage = null
01-24 20:38:08.665 18149 18189 I chatty  : uid=10069(de.vahrmap.vmapper) Thread-6 expire 45 lines
01-24 20:38:08.854  4443  6613 D AlarmManager: targetPackage = null
01-24 20:38:09.155  5373  7358 I RGC     : Starting websocket check
01-24 20:38:09.155  5373  7358 D RGC     : Websocket connection is open, everything should be fine
01-24 20:38:09.155  5373  7358 D RGC     : WebsocketCheck done
01-24 20:38:09.357  4443  4453 D AlarmManager: targetPackage = null
01-24 20:38:09.852  4443  4562 D AlarmManager: targetPackage = null
01-24 20:38:10.372  4443  4663 D AlarmManager: targetPackage = null
01-24 20:38:10.464  4546  4558 I art     : Background partial concurrent mark sweep GC freed 6671(224KB) AllocSpace objects, 0(0B) LOS objects, 40% free, 4MB/7MB, paused 864us total 136.662ms
01-24 20:38:10.856  4443  4674 D AlarmManager: targetPackage = null
01-24 20:38:11.377  4443  4453 D AlarmManager: targetPackage = null
01-24 20:38:11.859  4443  6109 D AlarmManager: targetPackage = null
01-24 20:38:12.155  5373  7358 I RGC     : Starting websocket check
01-24 20:38:12.156  5373  7358 D RGC     : Websocket connection is open, everything should be fine
01-24 20:38:12.156  5373  7358 D RGC     : WebsocketCheck done
01-24 20:38:12.370  4443  4665 D AlarmManager: targetPackage = null
01-24 20:38:12.861  4443 26069 D AlarmManager: targetPackage = null
01-24 20:38:13.394  4443 26243 D AlarmManager: targetPackage = null
01-24 20:38:13.776  5373  7783 D RGC     : Websocket received message: 14106;more topmost app
01-24 20:38:13.869  4443 26244 D AlarmManager: targetPackage = null
01-24 20:38:13.876  5373  7783 D RGC     : Websocket received message: 14107;geo fix 51.597174 4.918152 0
01-24 20:38:13.878  5373  7788 D RGC     : Teleporting...
01-24 20:38:13.878  5373  7788 D RGC     : Done teleporting
01-24 20:38:14.376  4443  4453 D AlarmManager: targetPackage = null
01-24 20:38:14.746 26918 27089 I chatty  : uid=10053(com.nianticlabs.pokemongo) Thread-57768 expire 16 lines
01-24 20:38:14.873  4443 26244 D AlarmManager: targetPackage = null
01-24 20:38:15.156  5373  7358 I RGC     : Starting websocket check
01-24 20:38:15.156  5373  7358 D RGC     : Websocket connection is open, everything should be fine
01-24 20:38:15.156  5373  7358 D RGC     : WebsocketCheck done
01-24 20:38:15.395  4443  6634 D AlarmManager: targetPackage = null
01-24 20:38:15.944  4443  4665 D AlarmManager: targetPackage = null
01-24 20:38:16.392  4443  4453 D AlarmManager: targetPackage = null
01-24 20:38:16.891  4443  6617 D AlarmManager: targetPackage = null
01-24 20:38:17.395  4443  6629 D AlarmManager: targetPackage = null
01-24 20:38:17.903  4443  4453 D AlarmManager: targetPackage = null
01-24 20:38:18.156  5373  7358 I RGC     : Starting websocket check
01-24 20:38:18.156  5373  7358 D RGC     : Websocket connection is open, everything should be fine
01-24 20:38:18.156  5373  7358 D RGC     : WebsocketCheck done
01-24 20:38:18.437  4443  7113 D AlarmManager: targetPackage = null
01-24 20:38:18.891 26918 26967 I chatty  : uid=10053(com.nianticlabs.pokemongo) UnityMain expire 17 lines
01-24 20:38:18.924  4443  4454 D AlarmManager: targetPackage = null
01-24 20:38:19.250 26918 27092 I chatty  : uid=10053(com.nianticlabs.pokemongo) Thread-57740 expire 16 lines
01-24 20:38:19.276  5610  5639 I Finsky  : [131] com.google.android.finsky.bq.ab.run(5): Stats for Executor: BlockingExecutor com.google.android.finsky.bq.ac@77eb193[Running, pool size = 0, active threads = 0, queued tasks = 0, completed tasks = 0]
01-24 20:38:19.278  5610  5639 I Finsky  : [131] com.google.android.finsky.bq.ab.run(5): Stats for Executor: LightweightExecutor com.google.android.finsky.bq.ac@5be95d0[Running, pool size = 1, active threads = 0, queued tasks = 0, completed tasks = 1]
01-24 20:38:19.423  4443  6613 D AlarmManager: targetPackage = null
01-24 20:38:19.919  4443  7113 D AlarmManager: targetPackage = null
01-24 20:38:20.429  4443  4453 D AlarmManager: targetPackage = null
01-24 20:38:20.481  4798 16151 I chatty  : uid=10012(com.google.android.gsf.notouch) lowpool[69] expire 24 lines
01-24 20:38:20.928  4443  6602 D AlarmManager: targetPackage = null
01-24 20:38:21.157  5373  7358 I RGC     : Starting websocket check
01-24 20:38:21.157  5373  7358 D RGC     : Websocket connection is open, everything should be fine
01-24 20:38:21.157  5373  7358 D RGC     : WebsocketCheck done
01-24 20:38:21.441  4443  7113 D AlarmManager: targetPackage = null
01-24 20:38:21.924  4443  4665 D AlarmManager: targetPackage = null
01-24 20:38:22.428  4443  7113 D AlarmManager: targetPackage = null
01-24 20:38:22.784 18149 18169 I chatty  : uid=10069(de.vahrmap.vmapper) Thread-3 expire 57 lines
01-24 20:38:22.933  4443  4665 D AlarmManager: targetPackage = null
01-24 20:38:22.963  5373  7783 D RGC     : Websocket received message: 14108;more topmost app
01-24 20:38:23.109  4102  4391 D AudioFlinger: mixer(0xf2203f00) throttle end: throttle time(16)
01-24 20:38:23.144  5373  7783 D RGC     : Websocket received message: 14109;geo fix 51.59668 4.91636 0
01-24 20:38:23.145  5373  7788 D RGC     : Teleporting...
01-24 20:38:23.146  5373  7788 D RGC     : Done teleporting
01-24 20:38:23.435  4443  7113 D AlarmManager: targetPackage = null
01-24 20:38:23.673 18149 18189 I chatty  : uid=10069(de.vahrmap.vmapper) Thread-6 expire 37 lines
01-24 20:38:23.944  4443  6109 D AlarmManager: targetPackage = null
01-24 20:38:24.157  5373  7358 I RGC     : Starting websocket check
01-24 20:38:24.157  5373  7358 D RGC     : Websocket connection is open, everything should be fine
01-24 20:38:24.157  5373  7358 D RGC     : WebsocketCheck done
01-24 20:38:24.477  4443  6629 D AlarmManager: targetPackage = null
01-24 20:38:24.956  4443  4562 D AlarmManager: targetPackage = null
01-24 20:38:25.511  4443 26243 D AlarmManager: targetPackage = null
01-24 20:38:25.978  4443  7113 D AlarmManager: targetPackage = null
01-24 20:38:26.197 26918 27089 I chatty  : uid=10053(com.nianticlabs.pokemongo) Thread-57768 expire 15 lines
01-24 20:38:26.476  4443  6617 D AlarmManager: targetPackage = null
01-24 20:38:26.965  4443  6634 D AlarmManager: targetPackage = null
01-24 20:38:27.158  5373  7358 I RGC     : Starting websocket check
01-24 20:38:27.158  5373  7358 D RGC     : Websocket connection is open, everything should be fine
01-24 20:38:27.158  5373  7358 D RGC     : WebsocketCheck done
01-24 20:38:27.465  4443 26069 D AlarmManager: targetPackage = null
01-24 20:38:27.968  4443  5033 D AlarmManager: targetPackage = null
01-24 20:38:28.482  4443  6609 D AlarmManager: targetPackage = null
01-24 20:38:28.978  4443  4562 D AlarmManager: targetPackage = null
01-24 20:38:29.510  4443  6613 D AlarmManager: targetPackage = null
01-24 20:38:29.942 26918 27092 I chatty  : uid=10053(com.nianticlabs.pokemongo) Thread-57740 expire 11 lines
01-24 20:38:30.001  4443  4454 D AlarmManager: targetPackage = null
01-24 20:38:30.158  5373  7358 I RGC     : Starting websocket check
01-24 20:38:30.158  5373  7358 D RGC     : Websocket connection is open, everything should be fine
01-24 20:38:30.158  5373  7358 D RGC     : WebsocketCheck done
01-24 20:38:30.276 26918 26967 I chatty  : uid=10053(com.nianticlabs.pokemongo) UnityMain expire 18 lines
01-24 20:38:30.512  4443  4674 D AlarmManager: targetPackage = null
01-24 20:38:31.008  4443  6617 D AlarmManager: targetPackage = null
01-24 20:38:31.526  4443  6602 D AlarmManager: targetPackage = null
01-24 20:38:32.004  4443  4944 D AlarmManager: targetPackage = null
01-24 20:38:32.512  4443  6610 D AlarmManager: targetPackage = null
01-24 20:38:32.724 26918 27090 I chatty  : uid=10053(com.nianticlabs.pokemongo) Thread-57770 expire 11 lines
01-24 20:38:33.007  4443  4562 D AlarmManager: targetPackage = null
01-24 20:38:33.012  4798 16151 I chatty  : uid=10012(com.google.android.gsf.notouch) lowpool[69] expire 10 lines
01-24 20:38:33.158  5373  7358 I RGC     : Starting websocket check
01-24 20:38:33.159  5373  7358 D RGC     : Websocket connection is open, everything should be fine
01-24 20:38:33.159  5373  7358 D RGC     : WebsocketCheck done
01-24 20:38:33.507  4443  6109 D AlarmManager: targetPackage = null
01-24 20:38:33.514  5373  7783 D RGC     : Websocket received message: 14110;more topmost app
01-24 20:38:33.690  5373  7783 D RGC     : Websocket received message: 14111;geo fix 51.59667 4.91453 0
01-24 20:38:33.691  5373  7788 D RGC     : Teleporting...
01-24 20:38:33.691  5373  7788 D RGC     : Done teleporting
01-24 20:38:34.041  4443  4665 D AlarmManager: targetPackage = null
01-24 20:38:34.255 26918 27064 I chatty  : uid=10053(com.nianticlabs.pokemongo) UnityGfxDeviceW expire 1 line
01-24 20:38:34.512  4443  4663 D AlarmManager: targetPackage = null
01-24 20:38:34.677 18149 18189 I chatty  : uid=10069(de.vahrmap.vmapper) Thread-6 expire 17 lines
01-24 20:38:35.011  4443  6617 D AlarmManager: targetPackage = null
01-24 20:38:35.515  4443  4674 D AlarmManager: targetPackage = null
01-24 20:38:36.032  4443  6617 D AlarmManager: targetPackage = null
01-24 20:38:36.144  4102  4391 D AudioFlinger: mixer(0xf2203f00) throttle end: throttle time(12)
01-24 20:38:36.159  5373  7358 I RGC     : Starting websocket check
01-24 20:38:36.159  5373  7358 D RGC     : Websocket connection is open, everything should be fine
01-24 20:38:36.159  5373  7358 D RGC     : WebsocketCheck done
01-24 20:38:36.240  4443  4944 W art     : Long monitor contention with owner android.bg (4455) at void com.android.server.LocationManagerService.handleLocationChanged(android.location.Location, boolean)(LocationManagerService.java:2399) waiters=0 in void com.android.server.LocationManagerService.locationCallbackFinished(android.location.ILocationListener) for 105ms
01-24 20:38:36.539  4443  6602 D AlarmManager: targetPackage = null
01-24 20:38:36.788 26918 27089 I chatty  : uid=10053(com.nianticlabs.pokemongo) Thread-57772 expire 10 lines
01-24 20:38:37.045  4443 26244 D AlarmManager: targetPackage = null
01-24 20:38:37.535  4443  6634 D AlarmManager: targetPackage = null
01-24 20:38:38.034  4443  5033 D AlarmManager: targetPackage = null
01-24 20:38:38.066  4798 21700 I chatty  : uid=10012(com.google.android.gsf.notouch) lowpool[65] expire 19 lines
01-24 20:38:38.569  4443  6634 D AlarmManager: targetPackage = null
01-24 20:38:39.050  4443  6617 D AlarmManager: targetPackage = null
01-24 20:38:39.159  5373  7358 I RGC     : Starting websocket check
01-24 20:38:39.159  5373  7358 D RGC     : Websocket connection is open, everything should be fine
01-24 20:38:39.159  5373  7358 D RGC     : WebsocketCheck done
01-24 20:38:39.591  4443  7113 D AlarmManager: targetPackage = null
01-24 20:38:39.762  4443  4452 I art     : Background partial concurrent mark sweep GC freed 39166(1840KB) AllocSpace objects, 18(360KB) LOS objects, 33% free, 7MB/11MB, paused 3.569ms total 210.255ms
01-24 20:38:40.056  4443  6610 D AlarmManager: targetPackage = null
01-24 20:38:40.563  4443  4454 D AlarmManager: targetPackage = null
01-24 20:38:41.064  4443  4904 D AlarmManager: targetPackage = null
01-24 20:38:41.571  4443  4453 D AlarmManager: targetPackage = null
01-24 20:38:41.653 26918 26967 I chatty  : uid=10053(com.nianticlabs.pokemongo) UnityMain expire 21 lines
01-24 20:38:42.057  4443  4674 D AlarmManager: targetPackage = null
01-24 20:38:42.160  5373  7358 I RGC     : Starting websocket check
01-24 20:38:42.160  5373  7358 D RGC     : Websocket connection is open, everything should be fine
01-24 20:38:42.160  5373  7358 D RGC     : WebsocketCheck done
01-24 20:38:42.304 26918 27092 I chatty  : uid=10053(com.nianticlabs.pokemongo) Thread-57740 expire 8 lines
01-24 20:38:42.567  4443  4904 D AlarmManager: targetPackage = null
01-24 20:38:43.078  4443  4453 D AlarmManager: targetPackage = null
01-24 20:38:43.135 18149 18169 I chatty  : uid=10069(de.vahrmap.vmapper) Thread-3 expire 45 lines
01-24 20:38:43.186  4068  4070 E hwcomposer: hdmi is not connected.
01-24 20:38:43.202  4068  4518 E hwcomposer: hdmi is not connected.
01-24 20:38:43.219  4068  4664 E hwcomposer: hdmi is not connected.
01-24 20:38:43.236  4068  4685 E hwcomposer: hdmi is not connected.
01-24 20:38:43.239  4068  4070 E hwcomposer: hdmi is not connected.
01-24 20:38:43.252  4068  4518 E hwcomposer: hdmi is not connected.
01-24 20:38:43.269  4068  4664 E hwcomposer: hdmi is not connected.
01-24 20:38:43.567  4443  4904 D AlarmManager: targetPackage = null
01-24 20:38:43.794  5373  7783 D RGC     : Websocket received message: 14112;more topmost app
01-24 20:38:44.022  5373  7783 D RGC     : Websocket received message: 14113;geo fix 51.59612 4.91297 0
01-24 20:38:44.023  5373  7788 D RGC     : Teleporting...
01-24 20:38:44.024  5373  7788 D RGC     : Done teleporting
01-24 20:38:44.068  4443  6629 D AlarmManager: targetPackage = null
01-24 20:38:44.580  4443  4562 D AlarmManager: targetPackage = null
01-24 20:38:45.079  4443  4453 D AlarmManager: targetPackage = null
01-24 20:38:45.160  5373  7358 I RGC     : Starting websocket check
01-24 20:38:45.160  5373  7358 D RGC     : Websocket connection is open, everything should be fine
01-24 20:38:45.160  5373  7358 D RGC     : WebsocketCheck done
01-24 20:38:45.595  4443  6613 D AlarmManager: targetPackage = null
01-24 20:38:45.681 18149 18189 I chatty  : uid=10069(de.vahrmap.vmapper) Thread-6 expire 40 lines
01-24 20:38:46.082  4443  7113 D AlarmManager: targetPackage = null
01-24 20:38:46.641  4443  4454 D AlarmManager: targetPackage = null
01-24 20:38:47.095  4443 26069 D AlarmManager: targetPackage = null
01-24 20:38:47.610  4443  4674 D AlarmManager: targetPackage = null
01-24 20:38:47.717 18149 18168 I chatty  : uid=10069(de.vahrmap.vmapper) Thread-2 expire 11 lines
01-24 20:38:48.109  4443  4454 D AlarmManager: targetPackage = null
01-24 20:38:48.161  5373  7358 I RGC     : Starting websocket check
01-24 20:38:48.161  5373  7358 D RGC     : Websocket connection is open, everything should be fine
01-24 20:38:48.161  5373  7358 D RGC     : WebsocketCheck done
01-24 20:38:48.657  4443  6109 D AlarmManager: targetPackage = null
01-24 20:38:49.131  4443  6606 D AlarmManager: targetPackage = null
01-24 20:38:49.470  4798  4811 I chatty  : uid=10012(com.google.android.gsf.notouch) HeapTaskDaemon expire 2 lines
01-24 20:38:49.632  4443  7113 D AlarmManager: targetPackage = null
01-24 20:38:49.668  4798 25296 I chatty  : uid=10012(com.google.android.gsf.notouch) lowpool[66] expire 21 lines
