01-24 15:25:16.895  4443  6606 W ActivityManager: Slow operation: 140ms so far, now at getContentProviderImpl: before getProviderByClass
01-24 15:25:16.895  4443  6606 W ActivityManager: Slow operation: 140ms so far, now at getContentProviderImpl: after getProviderByClass
01-24 15:25:16.895  4443  6606 W ActivityManager: Slow operation: 140ms so far, now at getContentProviderImpl: before getApplicationInfo
01-24 15:25:16.895  4443  6606 W ActivityManager: Slow operation: 140ms so far, now at getContentProviderImpl: after getApplicationInfo
01-24 15:25:16.895  4443  6606 W ActivityManager: Slow operation: 140ms so far, now at getContentProviderImpl: now have ContentProviderRecord
01-24 15:25:16.895  4443  6606 W ActivityManager: Slow operation: 140ms so far, now at getContentProviderImpl: before set stopped state
01-24 15:25:16.895  4443  6606 W ActivityManager: Slow operation: 140ms so far, now at getContentProviderImpl: after set stopped state
01-24 15:25:16.895  4443  6606 W ActivityManager: Slow operation: 140ms so far, now at getContentProviderImpl: looking for process record
01-24 15:25:16.895  4443  6606 W ActivityManager: Slow operation: 140ms so far, now at getContentProviderImpl: before start process
01-24 15:25:16.953  4443  6606 W ActivityManager: Slow operation: 57ms so far, now at startProcess: returned from zygote!
01-24 15:25:16.953  4443  6606 W ActivityManager: Slow operation: 57ms so far, now at startProcess: done updating battery stats
01-24 15:25:16.953  4443  6606 W ActivityManager: Slow operation: 58ms so far, now at startProcess: building log message
01-24 15:25:16.953  4443  6606 I ActivityManager: Start proc 22665:com.ZKus0p4vP41dpN3n/u0a56 for content provider com.ZKus0p4vP41dpN3n/a.p
01-24 15:25:16.953  4443  6606 W ActivityManager: Slow operation: 58ms so far, now at startProcess: starting to update pids map
01-24 15:25:16.953  4443  6606 W ActivityManager: Slow operation: 58ms so far, now at startProcess: done updating pids map
01-24 15:25:16.954  4443  6606 W ActivityManager: Slow operation: 59ms so far, now at startProcess: done starting proc!
01-24 15:25:16.954  4443  6606 W ActivityManager: Slow operation: 199ms so far, now at getContentProviderImpl: after start process
01-24 15:25:16.954  4443  6606 W ActivityManager: Slow operation: 199ms so far, now at getContentProviderImpl: updating data structures
01-24 15:25:16.954  4443  6606 W ActivityManager: Slow operation: 199ms so far, now at getContentProviderImpl: done!
01-24 15:25:38.664  4443  4944 I ActivityManager: Process com.ZKus0p4vP41dpN3n (pid 22665) has died
01-24 15:25:38.665  4443  4944 D ActivityManager: cleanUpApplicationRecord -- 22665
01-24 15:25:49.792  4443  6610 W ActivityManager: Slow operation: 216ms so far, now at startProcess: returned from zygote!
01-24 15:25:49.792  4443  6610 W ActivityManager: Slow operation: 216ms so far, now at startProcess: done updating battery stats
01-24 15:25:49.808  4443  6610 W ActivityManager: Slow operation: 232ms so far, now at startProcess: building log message
01-24 15:25:49.808  4443  6610 I ActivityManager: Start proc 22789:com.google.process.gapps/u0a12 for content provider com.google.android.gsf/.gservices.GservicesProvider
01-24 15:25:49.808  4443  6610 W ActivityManager: Slow operation: 233ms so far, now at startProcess: starting to update pids map
01-24 15:25:49.808  4443  6610 W ActivityManager: Slow operation: 233ms so far, now at startProcess: done updating pids map
01-24 15:25:49.808  4443  6610 W ActivityManager: Slow operation: 234ms so far, now at startProcess: done starting proc!
01-24 15:25:49.808  4443  6610 W ActivityManager: Slow operation: 256ms so far, now at getContentProviderImpl: after start process
01-24 15:25:49.808  4443  6610 W ActivityManager: Slow operation: 256ms so far, now at getContentProviderImpl: updating data structures
01-24 15:25:49.809  4443  6610 W ActivityManager: Slow operation: 256ms so far, now at getContentProviderImpl: done!
01-24 15:27:00.352  4443  6634 I ActivityManager: Process com.google.process.gapps (pid 22789) has died
01-24 15:27:00.415  4443  6634 D ActivityManager: cleanUpApplicationRecord -- 22789
01-24 15:29:26.851  4443  4562 I ActivityManager: Process com.android.tv.settings (pid 20092) has died
01-24 15:29:26.851  4443  4562 D ActivityManager: cleanUpApplicationRecord -- 20092
01-24 15:29:26.884  4443  4562 W ActivityManager: Scheduling restart of crashed service com.android.tv.settings/.users.UserSwitchListenerService in 1000ms
01-24 15:29:28.030  4443  4456 W ActivityManager: Slow operation: 77ms so far, now at startProcess: building args
01-24 15:29:28.031  4443  4456 W ActivityManager: Slow operation: 77ms so far, now at startProcess: asking zygote to start proc
01-24 15:29:28.229  4443  4456 W ActivityManager: Slow operation: 275ms so far, now at startProcess: returned from zygote!
01-24 15:29:28.229  4443  4456 W ActivityManager: Slow operation: 275ms so far, now at startProcess: done updating battery stats
01-24 15:29:28.229  4443  4456 W ActivityManager: Slow operation: 276ms so far, now at startProcess: building log message
01-24 15:29:28.243  4443  4456 I ActivityManager: Start proc 23492:com.android.tv.settings/1000 for service com.android.tv.settings/.users.UserSwitchListenerService
01-24 15:29:28.243  4443  4456 W ActivityManager: Slow operation: 289ms so far, now at startProcess: starting to update pids map
01-24 15:29:28.243  4443  4456 W ActivityManager: Slow operation: 289ms so far, now at startProcess: done updating pids map
01-24 15:29:28.243  4443  4456 W ActivityManager: Slow operation: 310ms so far, now at startProcess: done starting proc!
01-24 15:29:29.212  4443  6109 W ActivityManager: Slow operation: 103ms so far, now at attachApplicationLocked: before bindApplication
01-24 15:29:29.212  4443  6109 W ActivityManager: Slow operation: 103ms so far, now at attachApplicationLocked: immediately before bindApplication
01-24 15:29:29.213  4443  6109 W ActivityManager: Slow operation: 104ms so far, now at attachApplicationLocked: immediately after bindApplication
01-24 15:29:29.213  4443  6109 W ActivityManager: Slow operation: 104ms so far, now at attachApplicationLocked: after updateLruProcessLocked
01-24 15:29:29.295  4443  6109 W ActivityManager: Slow operation: 186ms so far, now at attachApplicationLocked: after mServices.attachApplicationLocked
01-24 15:29:35.918  4443  6109 I ActivityManager: Process com.android.tv.settings (pid 23492) has died
01-24 15:29:35.918  4443  6109 D ActivityManager: cleanUpApplicationRecord -- 23492
01-24 15:29:35.918  4443  6109 W ActivityManager: Scheduling restart of crashed service com.android.tv.settings/.users.UserSwitchListenerService in 1000ms
01-24 15:29:36.952  4443  4456 I ActivityManager: Start proc 23529:com.android.tv.settings/1000 for service com.android.tv.settings/.users.UserSwitchListenerService
01-24 15:29:41.161  4443  6610 I ActivityManager: Process com.android.tv.settings (pid 23529) has died
01-24 15:29:41.161  4443  6610 D ActivityManager: cleanUpApplicationRecord -- 23529
01-24 15:29:41.162  4443  6610 W ActivityManager: Scheduling restart of crashed service com.android.tv.settings/.users.UserSwitchListenerService in 1000ms
01-24 15:29:42.196  4443  4456 I ActivityManager: Start proc 23545:com.android.tv.settings/1000 for service com.android.tv.settings/.users.UserSwitchListenerService
01-24 15:29:44.192  4443  6613 I ActivityManager: Process com.android.tv.settings (pid 23545) has died
01-24 15:29:44.192  4443  6613 D ActivityManager: cleanUpApplicationRecord -- 23545
01-24 15:29:44.193  4443  6613 W ActivityManager: Scheduling restart of crashed service com.android.tv.settings/.users.UserSwitchListenerService in 1000ms
01-24 15:29:45.215  4443  4456 I ActivityManager: Start proc 23560:com.android.tv.settings/1000 for service com.android.tv.settings/.users.UserSwitchListenerService
01-24 15:30:59.224  4443  6617 I ActivityManager: Process de.vahrmap.vmapper (pid 22607) has died
01-24 15:30:59.224  4443  6617 D ActivityManager: cleanUpApplicationRecord -- 22607
01-24 15:30:59.224  4443  6617 W ActivityManager: Scheduling restart of crashed service de.vahrmap.vmapper/.PogoPatcher in 1000ms
01-24 15:31:00.274  4443  4456 I ActivityManager: Start proc 23654:de.vahrmap.vmapper/u0a69 for service de.vahrmap.vmapper/.PogoPatcher
01-24 15:31:00.559  4443  6617 W ActivityManager: Slow operation: 81ms so far, now at attachApplicationLocked: before bindApplication
01-24 15:31:00.559  4443  6617 W ActivityManager: Slow operation: 81ms so far, now at attachApplicationLocked: immediately before bindApplication
01-24 15:31:00.575  4443  6617 W ActivityManager: Slow operation: 97ms so far, now at attachApplicationLocked: immediately after bindApplication
01-24 15:31:00.575  4443  6617 W ActivityManager: Slow operation: 97ms so far, now at attachApplicationLocked: after updateLruProcessLocked
01-24 15:31:00.578  4443  6617 W ActivityManager: Slow operation: 100ms so far, now at attachApplicationLocked: after mServices.attachApplicationLocked
01-24 15:31:08.676  4443  6613 W ActivityManager: Slow operation: 56ms so far, now at getContentProviderImpl: after resolveContentProvider
01-24 15:31:08.709  4443  6613 W ActivityManager: Slow operation: 88ms so far, now at getContentProviderImpl: got app info for user
01-24 15:31:08.710  4443  6613 W ActivityManager: Slow operation: 89ms so far, now at getContentProviderImpl: before checkContentProviderPermission
01-24 15:31:08.710  4443  6613 W ActivityManager: Slow operation: 89ms so far, now at getContentProviderImpl: after checkContentProviderPermission
01-24 15:31:08.710  4443  6613 W ActivityManager: Slow operation: 89ms so far, now at getContentProviderImpl: before getProviderByClass
01-24 15:31:08.710  4443  6613 W ActivityManager: Slow operation: 89ms so far, now at getContentProviderImpl: after getProviderByClass
01-24 15:31:08.710  4443  6613 W ActivityManager: Slow operation: 89ms so far, now at getContentProviderImpl: before getApplicationInfo
01-24 15:31:08.710  4443  6613 W ActivityManager: Slow operation: 89ms so far, now at getContentProviderImpl: after getApplicationInfo
01-24 15:31:08.710  4443  6613 W ActivityManager: Slow operation: 89ms so far, now at getContentProviderImpl: now have ContentProviderRecord
01-24 15:31:08.710  4443  6613 W ActivityManager: Slow operation: 89ms so far, now at getContentProviderImpl: before set stopped state
01-24 15:31:08.710  4443  6613 W ActivityManager: Slow operation: 90ms so far, now at getContentProviderImpl: after set stopped state
01-24 15:31:08.710  4443  6613 W ActivityManager: Slow operation: 90ms so far, now at getContentProviderImpl: looking for process record
01-24 15:31:08.710  4443  6613 W ActivityManager: Slow operation: 90ms so far, now at getContentProviderImpl: before start process
01-24 15:31:08.745  4443  6613 I ActivityManager: Start proc 23716:com.ZKus0p4vP41dpN3n/u0a56 for content provider com.ZKus0p4vP41dpN3n/a.p
01-24 15:31:08.745  4443  6613 W ActivityManager: Slow operation: 125ms so far, now at getContentProviderImpl: after start process
01-24 15:31:08.745  4443  6613 W ActivityManager: Slow operation: 125ms so far, now at getContentProviderImpl: updating data structures
01-24 15:31:08.746  4443  6613 W ActivityManager: Slow operation: 125ms so far, now at getContentProviderImpl: done!
01-24 15:32:00.327  4443  6617 I ActivityManager: Process com.ZKus0p4vP41dpN3n (pid 23716) has died
01-24 15:32:00.327  4443  6617 D ActivityManager: cleanUpApplicationRecord -- 23716
01-24 15:32:16.645  4443  4665 I ActivityManager: Process com.android.tv.settings (pid 23560) has died
01-24 15:32:16.645  4443  4665 D ActivityManager: cleanUpApplicationRecord -- 23560
01-24 15:32:16.760  4443  4665 W ActivityManager: Scheduling restart of crashed service com.android.tv.settings/.users.UserSwitchListenerService in 1000ms
01-24 15:32:17.882  4443  4456 W ActivityManager: Slow operation: 184ms so far, now at startProcess: returned from zygote!
01-24 15:32:17.882  4443  4456 W ActivityManager: Slow operation: 184ms so far, now at startProcess: done updating battery stats
01-24 15:32:17.882  4443  4456 W ActivityManager: Slow operation: 184ms so far, now at startProcess: building log message
01-24 15:32:17.882  4443  4456 I ActivityManager: Start proc 23949:com.android.tv.settings/1000 for service com.android.tv.settings/.users.UserSwitchListenerService
01-24 15:32:17.882  4443  4456 W ActivityManager: Slow operation: 184ms so far, now at startProcess: starting to update pids map
01-24 15:32:17.882  4443  4456 W ActivityManager: Slow operation: 185ms so far, now at startProcess: done updating pids map
01-24 15:32:17.882  4443  4456 W ActivityManager: Slow operation: 185ms so far, now at startProcess: done starting proc!
01-24 15:32:18.556  4443  4674 W ActivityManager: Slow operation: 56ms so far, now at attachApplicationLocked: after mServices.attachApplicationLocked
01-24 15:32:21.315  4443  4454 I ActivityManager: Process com.android.tv.settings (pid 23949) has died
01-24 15:32:21.315  4443  4454 D ActivityManager: cleanUpApplicationRecord -- 23949
01-24 15:32:21.315  4443  4454 W ActivityManager: Scheduling restart of crashed service com.android.tv.settings/.users.UserSwitchListenerService in 1000ms
01-24 15:32:22.371  4443  4456 W ActivityManager: Slow operation: 54ms so far, now at startProcess: returned from zygote!
01-24 15:32:22.371  4443  4456 W ActivityManager: Slow operation: 55ms so far, now at startProcess: done updating battery stats
01-24 15:32:22.372  4443  4456 W ActivityManager: Slow operation: 55ms so far, now at startProcess: building log message
01-24 15:32:22.372  4443  4456 I ActivityManager: Start proc 23973:com.android.tv.settings/1000 for service com.android.tv.settings/.users.UserSwitchListenerService
01-24 15:32:22.372  4443  4456 W ActivityManager: Slow operation: 55ms so far, now at startProcess: starting to update pids map
01-24 15:32:22.372  4443  4456 W ActivityManager: Slow operation: 55ms so far, now at startProcess: done updating pids map
01-24 15:32:22.372  4443  4456 W ActivityManager: Slow operation: 56ms so far, now at startProcess: done starting proc!
01-24 15:32:24.294  4443  6634 I ActivityManager: Process com.android.tv.settings (pid 23973) has died
01-24 15:32:24.294  4443  6634 D ActivityManager: cleanUpApplicationRecord -- 23973
01-24 15:32:24.294  4443  6634 W ActivityManager: Scheduling restart of crashed service com.android.tv.settings/.users.UserSwitchListenerService in 1000ms
01-24 15:32:25.358  4443  4456 W ActivityManager: Slow operation: 63ms so far, now at startProcess: returned from zygote!
01-24 15:32:25.358  4443  4456 W ActivityManager: Slow operation: 63ms so far, now at startProcess: done updating battery stats
01-24 15:32:25.358  4443  4456 W ActivityManager: Slow operation: 63ms so far, now at startProcess: building log message
01-24 15:32:25.358  4443  4456 I ActivityManager: Start proc 24004:com.android.tv.settings/1000 for service com.android.tv.settings/.users.UserSwitchListenerService
01-24 15:32:25.358  4443  4456 W ActivityManager: Slow operation: 63ms so far, now at startProcess: starting to update pids map
01-24 15:32:25.358  4443  4456 W ActivityManager: Slow operation: 63ms so far, now at startProcess: done updating pids map
01-24 15:32:25.358  4443  4456 W ActivityManager: Slow operation: 64ms so far, now at startProcess: done starting proc!
01-24 15:32:26.737  4443 26244 I ActivityManager: Process com.android.tv.settings (pid 24004) has died
01-24 15:32:26.737  4443 26244 D ActivityManager: cleanUpApplicationRecord -- 24004
01-24 15:32:26.737  4443 26244 W ActivityManager: Scheduling restart of crashed service com.android.tv.settings/.users.UserSwitchListenerService in 1000ms
01-24 15:32:27.528  4443  4674 W ActivityManager: Slow operation: 79ms so far, now at getContentProviderImpl: after resolveContentProvider
01-24 15:32:27.561  4443  4674 W ActivityManager: Slow operation: 112ms so far, now at getContentProviderImpl: got app info for user
01-24 15:32:27.561  4443  4674 W ActivityManager: Slow operation: 112ms so far, now at getContentProviderImpl: before checkContentProviderPermission
01-24 15:32:27.561  4443  4674 W ActivityManager: Slow operation: 112ms so far, now at getContentProviderImpl: after checkContentProviderPermission
01-24 15:32:27.561  4443  4674 W ActivityManager: Slow operation: 112ms so far, now at getContentProviderImpl: before getProviderByClass
01-24 15:32:27.561  4443  4674 W ActivityManager: Slow operation: 112ms so far, now at getContentProviderImpl: after getProviderByClass
01-24 15:32:27.561  4443  4674 W ActivityManager: Slow operation: 112ms so far, now at getContentProviderImpl: before getApplicationInfo
01-24 15:32:27.561  4443  4674 W ActivityManager: Slow operation: 113ms so far, now at getContentProviderImpl: after getApplicationInfo
01-24 15:32:27.573  4443  4674 W ActivityManager: Slow operation: 124ms so far, now at getContentProviderImpl: now have ContentProviderRecord
01-24 15:32:27.574  4443  4674 W ActivityManager: Slow operation: 125ms so far, now at getContentProviderImpl: before set stopped state
01-24 15:32:27.574  4443  4674 W ActivityManager: Slow operation: 125ms so far, now at getContentProviderImpl: after set stopped state
01-24 15:32:27.574  4443  4674 W ActivityManager: Slow operation: 125ms so far, now at getContentProviderImpl: looking for process record
01-24 15:32:27.574  4443  4674 W ActivityManager: Slow operation: 125ms so far, now at getContentProviderImpl: before start process
01-24 15:32:27.600  4443  4674 I ActivityManager: Start proc 24034:com.ZKus0p4vP41dpN3n/u0a56 for content provider com.ZKus0p4vP41dpN3n/a.p
01-24 15:32:27.600  4443  4674 W ActivityManager: Slow operation: 151ms so far, now at getContentProviderImpl: after start process
01-24 15:32:27.600  4443  4674 W ActivityManager: Slow operation: 151ms so far, now at getContentProviderImpl: updating data structures
01-24 15:32:27.600  4443  4674 W ActivityManager: Slow operation: 152ms so far, now at getContentProviderImpl: done!
01-24 15:32:27.769  4443  4456 I ActivityManager: Start proc 24047:com.android.tv.settings/1000 for service com.android.tv.settings/.users.UserSwitchListenerService
01-24 15:32:35.308  4443  6610 I ActivityManager: Process com.android.tv.settings (pid 24047) has died
01-24 15:32:35.308  4443  6610 D ActivityManager: cleanUpApplicationRecord -- 24047
01-24 15:32:35.309  4443  6610 W ActivityManager: Scheduling restart of crashed service com.android.tv.settings/.users.UserSwitchListenerService in 1000ms
01-24 15:32:36.360  4443  4456 I ActivityManager: Start proc 24096:com.android.tv.settings/1000 for service com.android.tv.settings/.users.UserSwitchListenerService
01-24 15:32:36.625  4443  4562 I ActivityManager: Process com.ZKus0p4vP41dpN3n (pid 24034) has died
01-24 15:32:36.625  4443  4562 D ActivityManager: cleanUpApplicationRecord -- 24034
01-24 15:34:08.539  4443  6609 I ActivityManager: Process de.vahrmap.vmapper (pid 23654) has died
01-24 15:34:08.539  4443  6609 D ActivityManager: cleanUpApplicationRecord -- 23654
01-24 15:34:08.540  4443  6609 W ActivityManager: Scheduling restart of crashed service de.vahrmap.vmapper/.PogoPatcher in 1000ms
01-24 15:34:08.544  4443  4458 I libprocessgroup: Killing pid 23987 in uid 10069 as part of process group 23654
01-24 15:34:08.590  4443  4458 I libprocessgroup: Killing pid 23987 in uid 10069 as part of process group 23654
01-24 15:34:09.667  4443  4456 W ActivityManager: Slow operation: 127ms so far, now at startProcess: returned from zygote!
01-24 15:34:09.668  4443  4456 W ActivityManager: Slow operation: 127ms so far, now at startProcess: done updating battery stats
01-24 15:34:09.681  4443  4456 W ActivityManager: Slow operation: 140ms so far, now at startProcess: building log message
01-24 15:34:09.681  4443  4456 I ActivityManager: Start proc 24403:de.vahrmap.vmapper/u0a69 for service de.vahrmap.vmapper/.PogoPatcher
01-24 15:34:09.681  4443  4456 W ActivityManager: Slow operation: 140ms so far, now at startProcess: starting to update pids map
01-24 15:34:09.681  4443  4456 W ActivityManager: Slow operation: 140ms so far, now at startProcess: done updating pids map
01-24 15:34:09.681  4443  4456 W ActivityManager: Slow operation: 140ms so far, now at startProcess: done starting proc!
01-24 15:34:18.746  4443  4904 I ActivityManager: Start proc 24463:com.ZKus0p4vP41dpN3n/u0a56 for content provider com.ZKus0p4vP41dpN3n/a.p
01-24 15:34:18.746  4443  4904 W ActivityManager: Slow operation: 85ms so far, now at getContentProviderImpl: after start process
01-24 15:34:18.746  4443  4904 W ActivityManager: Slow operation: 85ms so far, now at getContentProviderImpl: updating data structures
01-24 15:34:18.746  4443  4904 W ActivityManager: Slow operation: 85ms so far, now at getContentProviderImpl: done!
01-24 15:34:18.954  4443  6634 W ActivityManager: Slow operation: 53ms so far, now at attachApplicationLocked: after updateOomAdjLocked
01-24 15:34:19.122  4443  6610 I ActivityManager: Process com.android.tv.settings (pid 24096) has died
01-24 15:34:19.122  4443  6610 D ActivityManager: cleanUpApplicationRecord -- 24096
01-24 15:34:19.122  4443  6610 W ActivityManager: Scheduling restart of crashed service com.android.tv.settings/.users.UserSwitchListenerService in 1000ms
01-24 15:34:20.217  4443  4456 W ActivityManager: Slow operation: 52ms so far, now at startProcess: building args
01-24 15:34:20.217  4443  4456 W ActivityManager: Slow operation: 52ms so far, now at startProcess: asking zygote to start proc
01-24 15:34:20.267  4443  4456 W ActivityManager: Slow operation: 102ms so far, now at startProcess: returned from zygote!
01-24 15:34:20.267  4443  4456 W ActivityManager: Slow operation: 102ms so far, now at startProcess: done updating battery stats
01-24 15:34:20.267  4443  4456 W ActivityManager: Slow operation: 103ms so far, now at startProcess: building log message
01-24 15:34:20.267  4443  4456 I ActivityManager: Start proc 24479:com.android.tv.settings/1000 for service com.android.tv.settings/.users.UserSwitchListenerService
01-24 15:34:20.267  4443  4456 W ActivityManager: Slow operation: 103ms so far, now at startProcess: starting to update pids map
01-24 15:34:20.268  4443  4456 W ActivityManager: Slow operation: 103ms so far, now at startProcess: done updating pids map
01-24 15:34:20.268  4443  4456 W ActivityManager: Slow operation: 103ms so far, now at startProcess: done starting proc!
01-24 15:34:20.526  4443  4454 W ActivityManager: Slow operation: 76ms so far, now at attachApplicationLocked: before bindApplication
01-24 15:34:20.526  4443  4454 W ActivityManager: Slow operation: 76ms so far, now at attachApplicationLocked: immediately before bindApplication
01-24 15:34:20.527  4443  4454 W ActivityManager: Slow operation: 78ms so far, now at attachApplicationLocked: immediately after bindApplication
01-24 15:34:20.528  4443  4454 W ActivityManager: Slow operation: 78ms so far, now at attachApplicationLocked: after updateLruProcessLocked
01-24 15:34:20.534  4443  4454 W ActivityManager: Slow operation: 84ms so far, now at attachApplicationLocked: after mServices.attachApplicationLocked
01-24 15:34:22.206  4443  6629 I ActivityManager: Process com.android.tv.settings (pid 24479) has died
01-24 15:34:22.206  4443  6629 D ActivityManager: cleanUpApplicationRecord -- 24479
01-24 15:34:22.207  4443  6629 W ActivityManager: Scheduling restart of crashed service com.android.tv.settings/.users.UserSwitchListenerService in 1000ms
01-24 15:34:23.298  4443  4456 I ActivityManager: Start proc 24496:com.android.tv.settings/1000 for service com.android.tv.settings/.users.UserSwitchListenerService
01-24 15:34:25.377  4443  4454 I ActivityManager: Process com.android.tv.settings (pid 24496) has died
01-24 15:34:25.377  4443  4454 D ActivityManager: cleanUpApplicationRecord -- 24496
01-24 15:34:25.377  4443  4454 W ActivityManager: Scheduling restart of crashed service com.android.tv.settings/.users.UserSwitchListenerService in 1000ms
01-24 15:34:25.682  4443  4665 I ActivityManager: Process com.ZKus0p4vP41dpN3n (pid 24463) has died
01-24 15:34:25.682  4443  4665 D ActivityManager: cleanUpApplicationRecord -- 24463
01-24 15:34:26.411  4443  4456 I ActivityManager: Start proc 24514:com.android.tv.settings/1000 for service com.android.tv.settings/.users.UserSwitchListenerService
01-24 15:34:28.366  4443  4674 I ActivityManager: Process com.android.tv.settings (pid 24514) has died
01-24 15:34:28.367  4443  4674 D ActivityManager: cleanUpApplicationRecord -- 24514
01-24 15:34:28.367  4443  4674 W ActivityManager: Scheduling restart of crashed service com.android.tv.settings/.users.UserSwitchListenerService in 1000ms
01-24 15:34:29.418  4443  4456 W ActivityManager: Slow operation: 51ms so far, now at startProcess: returned from zygote!
01-24 15:34:29.418  4443  4456 W ActivityManager: Slow operation: 51ms so far, now at startProcess: done updating battery stats
01-24 15:34:29.418  4443  4456 W ActivityManager: Slow operation: 51ms so far, now at startProcess: building log message
01-24 15:34:29.418  4443  4456 I ActivityManager: Start proc 24530:com.android.tv.settings/1000 for service com.android.tv.settings/.users.UserSwitchListenerService
01-24 15:34:29.418  4443  4456 W ActivityManager: Slow operation: 51ms so far, now at startProcess: starting to update pids map
01-24 15:34:29.418  4443  4456 W ActivityManager: Slow operation: 52ms so far, now at startProcess: done updating pids map
01-24 15:34:29.418  4443  4456 W ActivityManager: Slow operation: 52ms so far, now at startProcess: done starting proc!
01-24 15:34:29.754  4443 26243 I ActivityManager: Process com.android.tv.settings (pid 24530) has died
01-24 15:34:29.754  4443 26243 D ActivityManager: cleanUpApplicationRecord -- 24530
01-24 15:34:29.754  4443 26243 W ActivityManager: Scheduling restart of crashed service com.android.tv.settings/.users.UserSwitchListenerService in 1000ms
01-24 15:34:30.795  4443  4456 I ActivityManager: Start proc 24545:com.android.tv.settings/1000 for service com.android.tv.settings/.users.UserSwitchListenerService
01-24 15:34:31.798  4443  4562 I ActivityManager: Process com.android.tv.settings (pid 24545) has died
01-24 15:34:31.798  4443  4562 D ActivityManager: cleanUpApplicationRecord -- 24545
01-24 15:34:31.798  4443  4562 W ActivityManager: Scheduling restart of crashed service com.android.tv.settings/.users.UserSwitchListenerService in 1000ms
01-24 15:34:32.818  4443  4456 I ActivityManager: Start proc 24566:com.android.tv.settings/1000 for service com.android.tv.settings/.users.UserSwitchListenerService
01-24 15:34:33.828  4443  6602 I ActivityManager: Process com.android.tv.settings (pid 24566) has died
01-24 15:34:33.828  4443  6602 D ActivityManager: cleanUpApplicationRecord -- 24566
01-24 15:34:33.829  4443  6602 W ActivityManager: Scheduling restart of crashed service com.android.tv.settings/.users.UserSwitchListenerService in 1000ms
01-24 15:34:34.859  4443  4456 I ActivityManager: Start proc 24582:com.android.tv.settings/1000 for service com.android.tv.settings/.users.UserSwitchListenerService
01-24 15:34:35.753  4443  6617 I ActivityManager: Process com.android.tv.settings (pid 24582) has died
01-24 15:34:35.753  4443  6617 D ActivityManager: cleanUpApplicationRecord -- 24582
01-24 15:34:35.753  4443  6617 W ActivityManager: Scheduling restart of crashed service com.android.tv.settings/.users.UserSwitchListenerService in 1000ms
01-24 15:34:36.776  4443  4456 I ActivityManager: Start proc 24597:com.android.tv.settings/1000 for service com.android.tv.settings/.users.UserSwitchListenerService
01-24 15:34:38.362  4443  4663 I ActivityManager: Process com.android.tv.settings (pid 24597) has died
01-24 15:34:38.362  4443  4663 D ActivityManager: cleanUpApplicationRecord -- 24597
01-24 15:34:38.362  4443  4663 W ActivityManager: Scheduling restart of crashed service com.android.tv.settings/.users.UserSwitchListenerService in 1000ms
01-24 15:34:39.388  4443  4456 I ActivityManager: Start proc 24614:com.android.tv.settings/1000 for service com.android.tv.settings/.users.UserSwitchListenerService
01-24 15:34:41.661  4443  6629 I ActivityManager: Process com.android.tv.settings (pid 24614) has died
01-24 15:34:41.661  4443  6629 D ActivityManager: cleanUpApplicationRecord -- 24614
01-24 15:34:41.662  4443  6629 W ActivityManager: Scheduling restart of crashed service com.android.tv.settings/.users.UserSwitchListenerService in 1000ms
01-24 15:34:42.692  4443  4456 I ActivityManager: Start proc 24632:com.android.tv.settings/1000 for service com.android.tv.settings/.users.UserSwitchListenerService
01-24 15:34:44.252  4443  5033 I ActivityManager: Process com.android.tv.settings (pid 24632) has died
01-24 15:34:44.252  4443  5033 D ActivityManager: cleanUpApplicationRecord -- 24632
01-24 15:34:44.253  4443  5033 W ActivityManager: Scheduling restart of crashed service com.android.tv.settings/.users.UserSwitchListenerService in 1000ms
01-24 15:34:45.274  4443  4456 I ActivityManager: Start proc 24652:com.android.tv.settings/1000 for service com.android.tv.settings/.users.UserSwitchListenerService
01-24 15:34:46.702  4443  6617 I ActivityManager: Process com.android.tv.settings (pid 24652) has died
01-24 15:34:46.703  4443  6617 D ActivityManager: cleanUpApplicationRecord -- 24652
01-24 15:34:46.703  4443  6617 W ActivityManager: Scheduling restart of crashed service com.android.tv.settings/.users.UserSwitchListenerService in 1000ms
01-24 15:34:47.724  4443  4456 I ActivityManager: Start proc 24669:com.android.tv.settings/1000 for service com.android.tv.settings/.users.UserSwitchListenerService
01-24 15:34:50.061  4443  6634 I ActivityManager: Process com.android.tv.settings (pid 24669) has died
01-24 15:34:50.061  4443  6634 D ActivityManager: cleanUpApplicationRecord -- 24669
01-24 15:34:50.061  4443  6634 W ActivityManager: Scheduling restart of crashed service com.android.tv.settings/.users.UserSwitchListenerService in 1000ms
01-24 15:34:51.107  4443  4456 I ActivityManager: Start proc 24684:com.android.tv.settings/1000 for service com.android.tv.settings/.users.UserSwitchListenerService
01-24 15:34:52.261  4443  4453 I ActivityManager: Process com.android.tv.settings (pid 24684) has died
01-24 15:34:52.261  4443  4453 D ActivityManager: cleanUpApplicationRecord -- 24684
01-24 15:34:52.261  4443  4453 W ActivityManager: Scheduling restart of crashed service com.android.tv.settings/.users.UserSwitchListenerService in 1000ms
01-24 15:34:53.281  4443  4456 I ActivityManager: Start proc 24703:com.android.tv.settings/1000 for service com.android.tv.settings/.users.UserSwitchListenerService
01-24 15:34:53.951  4443 26244 I ActivityManager: Process com.android.tv.settings (pid 24703) has died
01-24 15:34:53.951  4443 26244 D ActivityManager: cleanUpApplicationRecord -- 24703
01-24 15:34:53.951  4443 26244 W ActivityManager: Scheduling restart of crashed service com.android.tv.settings/.users.UserSwitchListenerService in 1000ms
01-24 15:34:54.994  4443  4456 I ActivityManager: Start proc 24723:com.android.tv.settings/1000 for service com.android.tv.settings/.users.UserSwitchListenerService
01-24 15:34:57.311  4443  6109 I ActivityManager: Process com.android.tv.settings (pid 24723) has died
01-24 15:34:57.311  4443  6109 D ActivityManager: cleanUpApplicationRecord -- 24723
01-24 15:34:57.311  4443  6109 W ActivityManager: Scheduling restart of crashed service com.android.tv.settings/.users.UserSwitchListenerService in 1000ms
01-24 15:34:58.345  4443  4456 I ActivityManager: Start proc 24741:com.android.tv.settings/1000 for service com.android.tv.settings/.users.UserSwitchListenerService
01-24 15:35:00.276  4443  6606 I ActivityManager: Process com.android.tv.settings (pid 24741) has died
01-24 15:35:00.277  4443  6606 D ActivityManager: cleanUpApplicationRecord -- 24741
01-24 15:35:00.277  4443  6606 W ActivityManager: Scheduling restart of crashed service com.android.tv.settings/.users.UserSwitchListenerService in 1000ms
01-24 15:35:01.317  4443  4456 I ActivityManager: Start proc 24756:com.android.tv.settings/1000 for service com.android.tv.settings/.users.UserSwitchListenerService
01-24 15:35:02.368  4443  6606 I ActivityManager: Process de.vahrmap.vmapper (pid 24403) has died
01-24 15:35:02.368  4443  6606 D ActivityManager: cleanUpApplicationRecord -- 24403
01-24 15:35:02.368  4443  6606 W ActivityManager: Scheduling restart of crashed service de.vahrmap.vmapper/.PogoPatcher in 1000ms
01-24 15:35:03.405  4443  4456 I ActivityManager: Start proc 24773:de.vahrmap.vmapper/u0a69 for service de.vahrmap.vmapper/.PogoPatcher
01-24 15:35:09.846  4443  6606 W ActivityManager: Slow operation: 71ms so far, now at getContentProviderImpl: got app info for user
01-24 15:35:09.846  4443  6606 W ActivityManager: Slow operation: 71ms so far, now at getContentProviderImpl: before checkContentProviderPermission
01-24 15:35:09.846  4443  6606 W ActivityManager: Slow operation: 71ms so far, now at getContentProviderImpl: after checkContentProviderPermission
01-24 15:35:09.846  4443  6606 W ActivityManager: Slow operation: 71ms so far, now at getContentProviderImpl: before getProviderByClass
01-24 15:35:09.846  4443  6606 W ActivityManager: Slow operation: 71ms so far, now at getContentProviderImpl: after getProviderByClass
01-24 15:35:09.846  4443  6606 W ActivityManager: Slow operation: 72ms so far, now at getContentProviderImpl: before getApplicationInfo
01-24 15:35:09.846  4443  6606 W ActivityManager: Slow operation: 72ms so far, now at getContentProviderImpl: after getApplicationInfo
01-24 15:35:09.846  4443  6606 W ActivityManager: Slow operation: 72ms so far, now at getContentProviderImpl: now have ContentProviderRecord
01-24 15:35:09.846  4443  6606 W ActivityManager: Slow operation: 72ms so far, now at getContentProviderImpl: before set stopped state
01-24 15:35:09.847  4443  6606 W ActivityManager: Slow operation: 72ms so far, now at getContentProviderImpl: after set stopped state
01-24 15:35:09.847  4443  6606 W ActivityManager: Slow operation: 72ms so far, now at getContentProviderImpl: looking for process record
01-24 15:35:09.847  4443  6606 W ActivityManager: Slow operation: 72ms so far, now at getContentProviderImpl: before start process
01-24 15:35:09.862  4443  6606 I ActivityManager: Start proc 24829:com.ZKus0p4vP41dpN3n/u0a56 for content provider com.ZKus0p4vP41dpN3n/a.p
01-24 15:35:09.862  4443  6606 W ActivityManager: Slow operation: 87ms so far, now at getContentProviderImpl: after start process
01-24 15:35:09.862  4443  6606 W ActivityManager: Slow operation: 87ms so far, now at getContentProviderImpl: updating data structures
01-24 15:35:09.862  4443  6606 W ActivityManager: Slow operation: 88ms so far, now at getContentProviderImpl: done!
01-24 15:35:13.647  4443 26069 I ActivityManager: Process com.android.tv.settings (pid 24756) has died
01-24 15:35:13.647  4443 26069 D ActivityManager: cleanUpApplicationRecord -- 24756
01-24 15:35:13.647  4443 26069 W ActivityManager: Scheduling restart of crashed service com.android.tv.settings/.users.UserSwitchListenerService in 1000ms
01-24 15:35:13.881  4443  7113 I ActivityManager: Process com.ZKus0p4vP41dpN3n (pid 24829) has died
01-24 15:35:13.881  4443  7113 D ActivityManager: cleanUpApplicationRecord -- 24829
01-24 15:35:14.705  4443  4456 W ActivityManager: Slow operation: 53ms so far, now at startProcess: returned from zygote!
01-24 15:35:14.705  4443  4456 W ActivityManager: Slow operation: 54ms so far, now at startProcess: done updating battery stats
01-24 15:35:14.706  4443  4456 W ActivityManager: Slow operation: 54ms so far, now at startProcess: building log message
01-24 15:35:14.706  4443  4456 I ActivityManager: Start proc 24864:com.android.tv.settings/1000 for service com.android.tv.settings/.users.UserSwitchListenerService
01-24 15:35:14.706  4443  4456 W ActivityManager: Slow operation: 54ms so far, now at startProcess: starting to update pids map
01-24 15:35:14.706  4443  4456 W ActivityManager: Slow operation: 54ms so far, now at startProcess: done updating pids map
01-24 15:35:14.706  4443  4456 W ActivityManager: Slow operation: 54ms so far, now at startProcess: done starting proc!
01-24 15:35:16.540  4443  4944 I ActivityManager: Process com.google.android.leanback.ime (pid 26108) has died
01-24 15:35:16.653  4443  4944 D ActivityManager: cleanUpApplicationRecord -- 26108
01-24 15:35:16.770  4443  4944 W ActivityManager: Scheduling restart of crashed service com.google.android.leanback.ime/com.google.leanback.ime.LeanbackImeService in 1000ms
01-24 15:35:18.066  4443  4456 W ActivityManager: Slow operation: 83ms so far, now at startProcess: done creating new process record
01-24 15:35:18.066  4443  4456 W ActivityManager: Slow operation: 83ms so far, now at startProcess: stepping in to startProcess
01-24 15:35:18.705  4443  4456 W ActivityManager: Slow operation: 639ms so far, now at startProcess: building args
01-24 15:35:18.793  4443  4456 W ActivityManager: Slow operation: 727ms so far, now at startProcess: asking zygote to start proc
01-24 15:35:21.586  4443  4456 W ActivityManager: Slow operation: 3520ms so far, now at startProcess: returned from zygote!
01-24 15:35:21.586  4443  4456 W ActivityManager: Slow operation: 3521ms so far, now at startProcess: done updating battery stats
01-24 15:35:21.629  4443  4456 W ActivityManager: Slow operation: 3563ms so far, now at startProcess: building log message
01-24 15:35:21.629  4443  4456 I ActivityManager: Start proc 24879:com.google.android.leanback.ime/u0a42 for service com.google.android.leanback.ime/com.google.leanback.ime.LeanbackImeService
01-24 15:35:21.629  4443  4456 W ActivityManager: Slow operation: 3563ms so far, now at startProcess: starting to update pids map
01-24 15:35:21.629  4443  4456 W ActivityManager: Slow operation: 3563ms so far, now at startProcess: done updating pids map
01-24 15:35:21.629  4443  4456 W ActivityManager: Slow operation: 3646ms so far, now at startProcess: done starting proc!
01-24 15:35:24.164  4443  4443 W InputMethodManagerService: Session failed to close due to remote exception
01-24 15:35:24.164  4443  4443 W InputMethodManagerService: android.os.DeadObjectException
01-24 15:35:24.164  4443  4443 W InputMethodManagerService: 	at android.os.BinderProxy.transactNative(Native Method)
01-24 15:35:24.164  4443  4443 W InputMethodManagerService: 	at android.os.BinderProxy.transact(Binder.java:615)
01-24 15:35:24.164  4443  4443 W InputMethodManagerService: 	at com.android.internal.view.IInputMethodSession$Stub$Proxy.finishSession(IInputMethodSession.java:305)
01-24 15:35:24.164  4443  4443 W InputMethodManagerService: 	at com.android.server.InputMethodManagerService.finishSessionLocked(InputMethodManagerService.java:1631)
01-24 15:35:24.164  4443  4443 W InputMethodManagerService: 	at com.android.server.InputMethodManagerService.clearClientSessionLocked(InputMethodManagerService.java:1622)
01-24 15:35:24.164  4443  4443 W InputMethodManagerService: 	at com.android.server.InputMethodManagerService.clearCurMethodLocked(InputMethodManagerService.java:1648)
01-24 15:35:24.164  4443  4443 W InputMethodManagerService: 	at com.android.server.InputMethodManagerService.onServiceDisconnected(InputMethodManagerService.java:1667)
01-24 15:35:24.164  4443  4443 W InputMethodManagerService: 	at android.app.LoadedApk$ServiceDispatcher.doDeath(LoadedApk.java:1469)
01-24 15:35:24.164  4443  4443 W InputMethodManagerService: 	at android.app.LoadedApk$ServiceDispatcher$RunConnection.run(LoadedApk.java:1483)
01-24 15:35:24.164  4443  4443 W InputMethodManagerService: 	at android.os.Handler.handleCallback(Handler.java:751)
01-24 15:35:24.164  4443  4443 W InputMethodManagerService: 	at android.os.Handler.dispatchMessage(Handler.java:95)
01-24 15:35:24.164  4443  4443 W InputMethodManagerService: 	at android.os.Looper.loop(Looper.java:154)
01-24 15:35:24.164  4443  4443 W InputMethodManagerService: 	at com.android.server.SystemServer.run(SystemServer.java:355)
01-24 15:35:24.164  4443  4443 W InputMethodManagerService: 	at com.android.server.SystemServer.main(SystemServer.java:222)
01-24 15:35:24.164  4443  4443 W InputMethodManagerService: 	at java.lang.reflect.Method.invoke(Native Method)
01-24 15:35:24.164  4443  4443 W InputMethodManagerService: 	at com.android.internal.os.ZygoteInit$MethodAndArgsCaller.run(ZygoteInit.java:892)
01-24 15:35:24.164  4443  4443 W InputMethodManagerService: 	at com.android.internal.os.ZygoteInit.main(ZygoteInit.java:782)
01-24 15:35:29.552  4443  4443 W InputMethodManagerService: Session failed to close due to remote exception
01-24 15:35:29.552  4443  4443 W InputMethodManagerService: android.os.DeadObjectException
01-24 15:35:29.552  4443  4443 W InputMethodManagerService: 	at android.os.BinderProxy.transactNative(Native Method)
01-24 15:35:29.552  4443  4443 W InputMethodManagerService: 	at android.os.BinderProxy.transact(Binder.java:615)
01-24 15:35:29.552  4443  4443 W InputMethodManagerService: 	at com.android.internal.view.IInputMethodSession$Stub$Proxy.finishSession(IInputMethodSession.java:305)
01-24 15:35:29.552  4443  4443 W InputMethodManagerService: 	at com.android.server.InputMethodManagerService.finishSessionLocked(InputMethodManagerService.java:1631)
01-24 15:35:29.552  4443  4443 W InputMethodManagerService: 	at com.android.server.InputMethodManagerService.clearClientSessionLocked(InputMethodManagerService.java:1622)
01-24 15:35:29.552  4443  4443 W InputMethodManagerService: 	at com.android.server.InputMethodManagerService.clearCurMethodLocked(InputMethodManagerService.java:1648)
01-24 15:35:29.552  4443  4443 W InputMethodManagerService: 	at com.android.server.InputMethodManagerService.onServiceDisconnected(InputMethodManagerService.java:1667)
01-24 15:35:29.552  4443  4443 W InputMethodManagerService: 	at android.app.LoadedApk$ServiceDispatcher.doDeath(LoadedApk.java:1469)
01-24 15:35:29.552  4443  4443 W InputMethodManagerService: 	at android.app.LoadedApk$ServiceDispatcher$RunConnection.run(LoadedApk.java:1483)
01-24 15:35:29.552  4443  4443 W InputMethodManagerService: 	at android.os.Handler.handleCallback(Handler.java:751)
01-24 15:35:29.552  4443  4443 W InputMethodManagerService: 	at android.os.Handler.dispatchMessage(Handler.java:95)
01-24 15:35:29.552  4443  4443 W InputMethodManagerService: 	at android.os.Looper.loop(Looper.java:154)
01-24 15:35:29.552  4443  4443 W InputMethodManagerService: 	at com.android.server.SystemServer.run(SystemServer.java:355)
01-24 15:35:29.552  4443  4443 W InputMethodManagerService: 	at com.android.server.SystemServer.main(SystemServer.java:222)
01-24 15:35:29.552  4443  4443 W InputMethodManagerService: 	at java.lang.reflect.Method.invoke(Native Method)
01-24 15:35:29.552  4443  4443 W InputMethodManagerService: 	at com.android.internal.os.ZygoteInit$MethodAndArgsCaller.run(ZygoteInit.java:892)
01-24 15:35:29.552  4443  4443 W InputMethodManagerService: 	at com.android.internal.os.ZygoteInit.main(ZygoteInit.java:782)
01-24 15:35:31.899  4443  4456 W ActivityManager: Process ProcessRecord{7456fbd 24879:com.google.android.leanback.ime/u0a42} failed to attach
01-24 15:35:31.978  4443  4456 W ActivityManager: Forcing bringing down service: ServiceRecord{51af3c6 u0 com.google.android.leanback.ime/com.google.leanback.ime.LeanbackImeService}
01-24 15:35:32.488  4443  4456 I ActivityManager: Killing 24879:com.google.android.leanback.ime/u0a42 (adj -10000): start timeout
01-24 15:35:42.120  4443 26243 I ActivityManager: Process com.android.tv.settings (pid 24864) has died
01-24 15:35:42.121  4443 26243 D ActivityManager: cleanUpApplicationRecord -- 24864
01-24 15:35:42.142  4443 26243 W ActivityManager: Scheduling restart of crashed service com.android.tv.settings/.users.UserSwitchListenerService in 1000ms
01-24 15:35:42.892  4443  6617 W AlarmManager: No in-flight alarm for listener android.os.BinderProxy@4289d03
01-24 15:35:43.456  4443  4456 W ActivityManager: Slow operation: 277ms so far, now at startProcess: done creating new process record
01-24 15:35:43.456  4443  4456 W ActivityManager: Slow operation: 277ms so far, now at startProcess: stepping in to startProcess
01-24 15:35:43.471  4443  4456 I ActivityManager: Start proc 24897:com.android.tv.settings/1000 for service com.android.tv.settings/.users.UserSwitchListenerService
01-24 15:35:43.471  4443  4456 W ActivityManager: Slow operation: 293ms so far, now at startProcess: done starting proc!
01-24 15:35:45.926  4443  6109 W ActivityManager: Slow operation: 63ms so far, now at attachApplicationLocked: before bindApplication
01-24 15:35:45.926  4443  6109 W ActivityManager: Slow operation: 64ms so far, now at attachApplicationLocked: immediately before bindApplication
01-24 15:35:46.001  4443  6109 W ActivityManager: Slow operation: 138ms so far, now at attachApplicationLocked: immediately after bindApplication
01-24 15:35:46.001  4443  6109 W ActivityManager: Slow operation: 138ms so far, now at attachApplicationLocked: after updateLruProcessLocked
01-24 15:35:46.108  4443  6109 W ActivityManager: Slow operation: 245ms so far, now at attachApplicationLocked: after mServices.attachApplicationLocked
01-24 15:35:50.129  4443  6606 I ActivityManager: Process com.android.tv.settings (pid 24897) has died
01-24 15:35:50.129  4443  6606 D ActivityManager: cleanUpApplicationRecord -- 24897
01-24 15:35:50.167  4443  6606 W ActivityManager: Scheduling restart of crashed service com.android.tv.settings/.users.UserSwitchListenerService in 1000ms
01-24 15:35:51.390  4443  4456 W ActivityManager: Slow operation: 173ms so far, now at startProcess: returned from zygote!
01-24 15:35:51.390  4443  4456 W ActivityManager: Slow operation: 173ms so far, now at startProcess: done updating battery stats
01-24 15:35:51.471  4443  4456 W ActivityManager: Slow operation: 254ms so far, now at startProcess: building log message
01-24 15:35:51.471  4443  4456 I ActivityManager: Start proc 24913:com.android.tv.settings/1000 for service com.android.tv.settings/.users.UserSwitchListenerService
01-24 15:35:51.471  4443  4456 W ActivityManager: Slow operation: 254ms so far, now at startProcess: starting to update pids map
01-24 15:35:51.471  4443  4456 W ActivityManager: Slow operation: 254ms so far, now at startProcess: done updating pids map
01-24 15:35:51.471  4443  4456 W ActivityManager: Slow operation: 254ms so far, now at startProcess: done starting proc!
01-24 15:35:58.535  4443  6602 I ActivityManager: Process com.android.tv.settings (pid 24913) has died
01-24 15:35:58.535  4443  6602 D ActivityManager: cleanUpApplicationRecord -- 24913
01-24 15:35:58.535  4443  6602 W ActivityManager: Scheduling restart of crashed service com.android.tv.settings/.users.UserSwitchListenerService in 1000ms
01-24 15:35:59.975  4443  4456 W ActivityManager: Slow operation: 384ms so far, now at startProcess: returned from zygote!
01-24 15:35:59.975  4443  4456 W ActivityManager: Slow operation: 384ms so far, now at startProcess: done updating battery stats
01-24 15:35:59.976  4443  4456 W ActivityManager: Slow operation: 385ms so far, now at startProcess: building log message
01-24 15:35:59.976  4443  4456 I ActivityManager: Start proc 24935:com.android.tv.settings/1000 for service com.android.tv.settings/.users.UserSwitchListenerService
01-24 15:35:59.976  4443  4456 W ActivityManager: Slow operation: 385ms so far, now at startProcess: starting to update pids map
01-24 15:35:59.976  4443  4456 W ActivityManager: Slow operation: 385ms so far, now at startProcess: done updating pids map
01-24 15:35:59.976  4443  4456 W ActivityManager: Slow operation: 385ms so far, now at startProcess: done starting proc!
01-24 15:36:02.440  4443  4674 W ActivityManager: Slow operation: 53ms so far, now at attachApplicationLocked: before bindApplication
01-24 15:36:02.440  4443  4674 W ActivityManager: Slow operation: 53ms so far, now at attachApplicationLocked: immediately before bindApplication
01-24 15:36:02.441  4443  4674 W ActivityManager: Slow operation: 54ms so far, now at attachApplicationLocked: immediately after bindApplication
01-24 15:36:02.441  4443  4674 W ActivityManager: Slow operation: 54ms so far, now at attachApplicationLocked: after updateLruProcessLocked
01-24 15:36:02.443  4443  4674 W ActivityManager: Slow operation: 56ms so far, now at attachApplicationLocked: after mServices.attachApplicationLocked
01-24 15:36:10.982  4443  5033 I ActivityManager: Process com.android.tv.settings (pid 24935) has died
01-24 15:36:10.982  4443  5033 D ActivityManager: cleanUpApplicationRecord -- 24935
01-24 15:36:11.021  4443  5033 W ActivityManager: Scheduling restart of crashed service com.android.tv.settings/.users.UserSwitchListenerService in 1000ms
01-24 15:36:12.164  4443  4456 W ActivityManager: Slow operation: 126ms so far, now at startProcess: returned from zygote!
01-24 15:36:12.164  4443  4456 W ActivityManager: Slow operation: 127ms so far, now at startProcess: done updating battery stats
01-24 15:36:12.164  4443  4456 W ActivityManager: Slow operation: 127ms so far, now at startProcess: building log message
01-24 15:36:12.164  4443  4456 I ActivityManager: Start proc 24952:com.android.tv.settings/1000 for service com.android.tv.settings/.users.UserSwitchListenerService
01-24 15:36:12.164  4443  4456 W ActivityManager: Slow operation: 127ms so far, now at startProcess: starting to update pids map
01-24 15:36:12.164  4443  4456 W ActivityManager: Slow operation: 127ms so far, now at startProcess: done updating pids map
01-24 15:36:12.164  4443  4456 W ActivityManager: Slow operation: 172ms so far, now at startProcess: done starting proc!
01-24 15:36:15.811  4443  4562 I ActivityManager: Process com.android.tv.settings (pid 24952) has died
