01-24 10:20:49.529  4443  5033 W ActivityManager: Slow operation: 60ms so far, now at attachApplicationLocked: after updateLruProcessLocked
01-24 10:20:49.566  4443  5033 W ActivityManager: Slow operation: 97ms so far, now at attachApplicationLocked: after mServices.attachApplicationLocked
01-24 10:20:55.961  4443  4454 I ActivityManager: Process com.android.tv.settings (pid 25913) has died
01-24 10:20:55.962  4443  4454 D ActivityManager: cleanUpApplicationRecord -- 25913
01-24 10:20:55.962  4443  4454 W ActivityManager: Scheduling restart of crashed service com.android.tv.settings/.users.UserSwitchListenerService in 1000ms
01-24 10:20:57.242  4443  4456 W ActivityManager: Slow operation: 93ms so far, now at startProcess: done creating new process record
01-24 10:20:57.242  4443  4456 W ActivityManager: Slow operation: 94ms so far, now at startProcess: stepping in to startProcess
01-24 10:20:57.326  4443  4456 W ActivityManager: Slow operation: 84ms so far, now at startProcess: building args
01-24 10:20:57.327  4443  4456 W ActivityManager: Slow operation: 84ms so far, now at startProcess: asking zygote to start proc
01-24 10:21:00.272  4443  4456 W ActivityManager: Slow operation: 3029ms so far, now at startProcess: returned from zygote!
01-24 10:21:00.272  4443  4456 W ActivityManager: Slow operation: 3030ms so far, now at startProcess: done updating battery stats
01-24 10:21:00.459  4443  5033 I WindowManager: WIN DEATH: Window{803f0c u0 com.nianticlabs.pokemongo/com.nianticproject.holoholo.libholoholo.unity.UnityMainActivity}
01-24 10:21:00.459  4443  4456 W ActivityManager: Slow operation: 3216ms so far, now at startProcess: building log message
01-24 10:21:00.459  4443  4456 I ActivityManager: Start proc 26064:com.android.tv.settings/1000 for service com.android.tv.settings/.users.UserSwitchListenerService
01-24 10:21:00.459  4443  4456 W ActivityManager: Slow operation: 3217ms so far, now at startProcess: starting to update pids map
01-24 10:21:00.460  4443  4456 W ActivityManager: Slow operation: 3217ms so far, now at startProcess: done updating pids map
01-24 10:21:00.460  4443  4456 W ActivityManager: Slow operation: 3311ms so far, now at startProcess: done starting proc!
01-24 10:21:00.757  4443  6629 I ActivityManager: Process com.google.android.leanback.ime (pid 5069) has died
01-24 10:21:00.757  4443  6629 D ActivityManager: cleanUpApplicationRecord -- 5069
01-24 10:21:00.758  4443  6629 W ActivityManager: Scheduling restart of crashed service com.google.android.leanback.ime/com.google.leanback.ime.LeanbackImeService in 1000ms
01-24 10:21:00.759  4443  5033 W WindowManager: Force-removing child win Window{f686291 u0 SurfaceView - com.nianticlabs.pokemongo/com.nianticproject.holoholo.libholoholo.unity.UnityMainActivity} from container Window{803f0c u0 com.nianticlabs.pokemongo/com.nianticproject.holoholo.libholoholo.unity.UnityMainActivity}
01-24 10:21:00.761  4443  4904 I ActivityManager: Process com.nianticlabs.pokemongo (pid 6453) has died
01-24 10:21:00.761  4443  6609 D ConnectivityService: ConnectivityService NetworkRequestInfo binderDied(NetworkRequest [ TRACK_DEFAULT id=9, [ Capabilities: INTERNET&NOT_RESTRICTED&TRUSTED&NOT_VPN] ], android.os.BinderProxy@b5c855b)
01-24 10:21:00.761  4443  4904 D ActivityManager: cleanUpApplicationRecord -- 6453
01-24 10:21:00.762  4443  4496 D ConnectivityService: releasing NetworkRequest [ TRACK_DEFAULT id=9, [ Capabilities: INTERNET&NOT_RESTRICTED&TRUSTED&NOT_VPN] ]
01-24 10:21:00.769  4443  4904 W ActivityManager: Force removing ActivityRecord{e18163e u0 com.nianticlabs.pokemongo/com.nianticproject.holoholo.libholoholo.unity.UnityMainActivity t10552}: app died, no saved state
01-24 10:21:00.803  4443  4443 W InputMethodManagerService: Session failed to close due to remote exception
01-24 10:21:00.803  4443  4443 W InputMethodManagerService: android.os.DeadObjectException
01-24 10:21:00.803  4443  4443 W InputMethodManagerService: 	at android.os.BinderProxy.transactNative(Native Method)
01-24 10:21:00.803  4443  4443 W InputMethodManagerService: 	at android.os.BinderProxy.transact(Binder.java:615)
01-24 10:21:00.803  4443  4443 W InputMethodManagerService: 	at com.android.internal.view.IInputMethodSession$Stub$Proxy.finishSession(IInputMethodSession.java:305)
01-24 10:21:00.803  4443  4443 W InputMethodManagerService: 	at com.android.server.InputMethodManagerService.finishSessionLocked(InputMethodManagerService.java:1631)
01-24 10:21:00.803  4443  4443 W InputMethodManagerService: 	at com.android.server.InputMethodManagerService.clearClientSessionLocked(InputMethodManagerService.java:1622)
01-24 10:21:00.803  4443  4443 W InputMethodManagerService: 	at com.android.server.InputMethodManagerService.clearCurMethodLocked(InputMethodManagerService.java:1648)
01-24 10:21:00.803  4443  4443 W InputMethodManagerService: 	at com.android.server.InputMethodManagerService.onServiceDisconnected(InputMethodManagerService.java:1667)
01-24 10:21:00.803  4443  4443 W InputMethodManagerService: 	at android.app.LoadedApk$ServiceDispatcher.doDeath(LoadedApk.java:1469)
01-24 10:21:00.803  4443  4443 W InputMethodManagerService: 	at android.app.LoadedApk$ServiceDispatcher$RunConnection.run(LoadedApk.java:1483)
01-24 10:21:00.803  4443  4443 W InputMethodManagerService: 	at android.os.Handler.handleCallback(Handler.java:751)
01-24 10:21:00.803  4443  4443 W InputMethodManagerService: 	at android.os.Handler.dispatchMessage(Handler.java:95)
01-24 10:21:00.803  4443  4443 W InputMethodManagerService: 	at android.os.Looper.loop(Looper.java:154)
01-24 10:21:00.803  4443  4443 W InputMethodManagerService: 	at com.android.server.SystemServer.run(SystemServer.java:355)
01-24 10:21:00.803  4443  4443 W InputMethodManagerService: 	at com.android.server.SystemServer.main(SystemServer.java:222)
01-24 10:21:00.803  4443  4443 W InputMethodManagerService: 	at java.lang.reflect.Method.invoke(Native Method)
01-24 10:21:00.803  4443  4443 W InputMethodManagerService: 	at com.android.internal.os.ZygoteInit$MethodAndArgsCaller.run(ZygoteInit.java:892)
01-24 10:21:00.803  4443  4443 W InputMethodManagerService: 	at com.android.internal.os.ZygoteInit.main(ZygoteInit.java:782)
01-24 10:21:00.821  4443  4496 E ConnectivityService: RemoteException caught trying to send a callback msg for NetworkRequest [ TRACK_DEFAULT id=9, [ Capabilities: INTERNET&NOT_RESTRICTED&TRUSTED&NOT_VPN] ]
01-24 10:21:01.032  4443  4453 W WindowManager: Failed looking up window
01-24 10:21:01.032  4443  4453 W WindowManager: java.lang.IllegalArgumentException: Requested window android.os.BinderProxy@d6f1610 does not exist
01-24 10:21:01.032  4443  4453 W WindowManager: 	at com.android.server.wm.WindowManagerService.windowForClientLocked(WindowManagerService.java:9415)
01-24 10:21:01.032  4443  4453 W WindowManager: 	at com.android.server.wm.WindowManagerService.windowForClientLocked(WindowManagerService.java:9406)
01-24 10:21:01.032  4443  4453 W WindowManager: 	at com.android.server.wm.WindowState$DeathRecipient.binderDied(WindowState.java:1800)
01-24 10:21:01.032  4443  4453 W WindowManager: 	at android.os.BinderProxy.sendDeathNotice(Binder.java:688)
01-24 10:21:01.032  4443  4453 I WindowManager: WIN DEATH: null
01-24 10:21:01.261  4443  4904 I ActivityManager: Start proc 26081:com.ZKus0p4vP41dpN3n/u0a56 for activity com.ZKus0p4vP41dpN3n/a.m
01-24 10:21:01.773  4443  4562 I ActivityManager: Start proc 26096:com.google.android.atv.customization/u0a0 for broadcast com.google.android.atv.customization/.PartnerReceiver
01-24 10:21:01.806  4443  4456 I ActivityManager: Start proc 26108:com.google.android.leanback.ime/u0a42 for service com.google.android.leanback.ime/com.google.leanback.ime.LeanbackImeService
01-24 10:21:02.204  4443  6609 I ActivityManager: Start proc 26134:com.google.process.gapps/u0a12 for content provider com.google.android.gsf/.gservices.GservicesProvider
01-24 10:21:03.675  4443  6109 W ActivityManager: Unable to start service Intent { act=com.google.android.apps.gsa.search.core.BroadcastListenerService.action.START cmp=com.google.android.katniss/com.google.android.apps.gsa.search.core.BroadcastListenerService } U=0: not found
01-24 10:21:03.904  4443  6613 I ActivityManager: Config changes=480 {1.0 ?mcc?mnc [en_US] ldltr sw720dp w1280dp h696dp 160dpi xlrg long land television -touch qwerty/v/v dpad/v s.7}
01-24 10:21:04.671  4443  7113 W WindowManager: animateResizePinnedStack: stackId 4 not found.
01-24 10:21:05.374  4443  4463 I WindowManager: Screen frozen for +1s514ms due to Window{b7724e2 u0 com.google.android.leanbacklauncher/com.google.android.leanbacklauncher.MainActivity}
01-24 10:24:13.540  4443  4663 I ActivityManager: START u0 {act=android.intent.action.MAIN cat=[android.intent.category.LAUNCHER] flg=0x10000000 pkg=com.nianticlabs.pokemongo cmp=com.nianticlabs.pokemongo/com.nianticproject.holoholo.libholoholo.unity.UnityMainActivity} from uid 10055 on display 0
01-24 10:24:13.573  4443  4904 I ActivityManager: Start proc 26772:com.nianticlabs.pokemongo/u0a53 for activity com.nianticlabs.pokemongo/com.nianticproject.holoholo.libholoholo.unity.UnityMainActivity
01-24 10:24:13.688  4443  4665 I ActivityManager: Config changes=480 {1.0 ?mcc?mnc [en_US] ldltr sw720dp w720dp h1256dp 160dpi xlrg long port television -touch qwerty/v/v dpad/v s.8}
01-24 10:24:13.738  4443  4665 W ActivityManager: Slow operation: 106ms so far, now at attachApplicationLocked: after mServices.attachApplicationLocked
01-24 10:24:13.891  4443  6602 W WindowManager: animateResizePinnedStack: stackId 4 not found.
01-24 10:24:15.008  4443  4663 D ConnectivityService: requestNetwork for uid/pid:10053/26772 NetworkRequest [ TRACK_DEFAULT id=13, [ Capabilities: INTERNET&NOT_RESTRICTED&TRUSTED&NOT_VPN] ]
01-24 10:24:15.226  4443  4463 E WindowManager: Performed 6 layouts in a row. Skipping
01-24 10:24:15.335  4443  4463 I WindowManager: Screen frozen for +1s700ms due to Window{885c49b u0 Starting com.nianticlabs.pokemongo}
01-24 10:24:15.806  4443  4496 D ConnectivityService: releasing NetworkRequest [ TRACK_DEFAULT id=13, [ Capabilities: INTERNET&NOT_RESTRICTED&TRUSTED&NOT_VPN] ]
01-24 10:24:16.083  4443  6634 I WindowManager: WIN DEATH: Window{8ffafac u0 com.nianticlabs.pokemongo/com.nianticproject.holoholo.libholoholo.unity.UnityMainActivity}
01-24 10:24:16.083  4443  5033 I ActivityManager: Process com.nianticlabs.pokemongo (pid 26772) has died
01-24 10:24:16.083  4443  5033 D ActivityManager: cleanUpApplicationRecord -- 26772
01-24 10:24:16.085  4443  6634 W WindowManager: Force-removing child win Window{2a054e5 u0 SurfaceView - com.nianticlabs.pokemongo/com.nianticproject.holoholo.libholoholo.unity.UnityMainActivity} from container Window{8ffafac u0 com.nianticlabs.pokemongo/com.nianticproject.holoholo.libholoholo.unity.UnityMainActivity}
01-24 10:24:16.087  4443  5033 W ActivityManager: Force removing ActivityRecord{84be9dd u0 com.nianticlabs.pokemongo/com.nianticproject.holoholo.libholoholo.unity.UnityMainActivity t10558}: app died, no saved state
01-24 10:24:16.093  4443  4562 W WindowManager: Failed looking up window
01-24 10:24:16.093  4443  4562 W WindowManager: java.lang.IllegalArgumentException: Requested window android.os.BinderProxy@76c6475 does not exist
01-24 10:24:16.093  4443  4562 W WindowManager: 	at com.android.server.wm.WindowManagerService.windowForClientLocked(WindowManagerService.java:9415)
01-24 10:24:16.093  4443  4562 W WindowManager: 	at com.android.server.wm.WindowManagerService.windowForClientLocked(WindowManagerService.java:9406)
01-24 10:24:16.093  4443  4562 W WindowManager: 	at com.android.server.wm.WindowState$DeathRecipient.binderDied(WindowState.java:1800)
01-24 10:24:16.093  4443  4562 W WindowManager: 	at android.os.BinderProxy.sendDeathNotice(Binder.java:688)
01-24 10:24:16.093  4443  4562 I WindowManager: WIN DEATH: null
01-24 10:24:16.125  4443  5033 I ActivityManager: Config changes=480 {1.0 ?mcc?mnc [en_US] ldltr sw720dp w1280dp h696dp 160dpi xlrg long land television -touch qwerty/v/v dpad/v s.9}
01-24 10:24:16.279  4443 26244 W WindowManager: animateResizePinnedStack: stackId 4 not found.
01-24 10:24:16.326  4443  4463 I WindowManager: Screen frozen for +226ms due to Window{b7724e2 u0 com.google.android.leanbacklauncher/com.google.android.leanbacklauncher.MainActivity}
01-24 10:24:18.305  4443  7113 I ActivityManager: START u0 {flg=0x10000000 cmp=com.nianticlabs.pokemongo/com.nianticproject.holoholo.libholoholo.unity.UnityMainActivity} from uid 0 on display 0
01-24 10:24:18.333  4443  6609 I ActivityManager: Start proc 26917:com.nianticlabs.pokemongo/u0a53 for activity com.nianticlabs.pokemongo/com.nianticproject.holoholo.libholoholo.unity.UnityMainActivity
01-24 10:24:18.390  4443  4463 I ActivityManager: Config changes=480 {1.0 ?mcc?mnc [en_US] ldltr sw720dp w720dp h1256dp 160dpi xlrg long port television -touch qwerty/v/v dpad/v s.10}
01-24 10:24:18.645  4443  5033 W WindowManager: animateResizePinnedStack: stackId 4 not found.
01-24 10:24:19.561  4443  4463 I WindowManager: Screen frozen for +1s218ms due to Window{d447d1f u0 com.nianticlabs.pokemongo/com.nianticproject.holoholo.libholoholo.unity.UnityMainActivity}
01-24 10:24:19.789  4443 26244 D ConnectivityService: requestNetwork for uid/pid:10053/26917 NetworkRequest [ TRACK_DEFAULT id=14, [ Capabilities: INTERNET&NOT_RESTRICTED&TRUSTED&NOT_VPN] ]
01-24 10:24:20.070  4443  4496 D ConnectivityService: releasing NetworkRequest [ TRACK_DEFAULT id=14, [ Capabilities: INTERNET&NOT_RESTRICTED&TRUSTED&NOT_VPN] ]
01-24 10:24:23.538  4443  4443 W WindowManager: Attempted to remove non-existing token: android.os.Binder@4de6ce9
01-24 10:24:48.242  4443 26243 I ActivityManager: Start proc 27195:com.google.android.gms.ui/u0a12 for service com.google.android.gms/.chimera.UiIntentOperationService
01-24 10:25:00.382  4443  4453 I ActivityManager: Start proc 27268:com.google.android.gms.unstable/u0a12 for service com.google.android.gms/.droidguard.DroidGuardService
01-24 10:25:27.116  4443  6109 D ConnectivityService: requestNetwork for uid/pid:10053/26917 NetworkRequest [ TRACK_DEFAULT id=15, [ Capabilities: INTERNET&NOT_RESTRICTED&TRUSTED&NOT_VPN] ]
01-24 10:27:44.025  4443  4455 I UsageStatsService: User[0] Flushing usage stats to disk
01-24 10:42:38.841  4443  4459 E BatteryStatsService: no controller energy info supplied
01-24 10:42:38.841  4443  4459 E BatteryStatsService: no controller energy info supplied
01-24 10:42:38.841  4443  4459 E BatteryStatsService: no controller energy info supplied
01-24 10:42:38.843  4443  4459 E KernelUidCpuTimeReader: Failed to read uid_cputime: /proc/uid_cputime/show_uid_stat (No such file or directory)
01-24 10:47:00.011  4443  4456 I ProcessStatsService: Prepared write state in 4ms
01-24 10:56:53.105  4443  4484 I ActivityManager: Start proc 1139:com.google.android.atv.widget/u0a29 for broadcast com.google.android.atv.widget/.ClockWidgetProvider
01-24 11:12:38.691  4443  4459 E BatteryStatsService: no controller energy info supplied
01-24 11:12:38.691  4443  4459 E BatteryStatsService: no controller energy info supplied
01-24 11:12:38.691  4443  4459 E BatteryStatsService: no controller energy info supplied
01-24 11:12:38.693  4443  4459 E KernelUidCpuTimeReader: Failed to read uid_cputime: /proc/uid_cputime/show_uid_stat (No such file or directory)
01-24 11:17:00.017  4443  4456 I ProcessStatsService: Prepared write state in 3ms
01-24 11:17:00.464  4443  4455 I UsageStatsService: User[0] Flushing usage stats to disk
01-24 11:42:38.721  4443  4459 E BatteryStatsService: no controller energy info supplied
01-24 11:42:38.721  4443  4459 E BatteryStatsService: no controller energy info supplied
01-24 11:42:38.721  4443  4459 E BatteryStatsService: no controller energy info supplied
01-24 11:42:38.765  4443  4459 E KernelUidCpuTimeReader: Failed to read uid_cputime: /proc/uid_cputime/show_uid_stat (No such file or directory)
01-24 11:47:00.031  4443  4456 I ProcessStatsService: Prepared write state in 3ms
01-24 11:49:04.057  4443  4455 I UsageStatsService: User[0] Flushing usage stats to disk
01-24 12:12:38.721  4443  4459 E BatteryStatsService: no controller energy info supplied
01-24 12:12:38.721  4443  4459 E BatteryStatsService: no controller energy info supplied
01-24 12:12:38.721  4443  4459 E BatteryStatsService: no controller energy info supplied
01-24 12:12:38.770  4443  4459 E KernelUidCpuTimeReader: Failed to read uid_cputime: /proc/uid_cputime/show_uid_stat (No such file or directory)
01-24 12:13:14.848  4443  4443 I EntropyMixer: Added HW RNG output to entropy pool
01-24 12:13:14.849  4443  4443 I EntropyMixer: Writing entropy...
01-24 12:17:00.110  4443  4456 I ProcessStatsService: Prepared write state in 70ms
01-24 12:17:03.116  4443  4455 I ProcessStatsService: Pruning old procstats: /data/system/procstats/state-2022-01-23-09-05-00.bin
01-24 12:19:05.630  4443  4455 I UsageStatsService: User[0] Flushing usage stats to disk
01-24 12:42:38.916  4443  4459 E BatteryStatsService: no controller energy info supplied
01-24 12:42:38.916  4443  4459 E BatteryStatsService: no controller energy info supplied
01-24 12:42:38.916  4443  4459 E BatteryStatsService: no controller energy info supplied
01-24 12:42:39.021  4443  4459 E KernelUidCpuTimeReader: Failed to read uid_cputime: /proc/uid_cputime/show_uid_stat (No such file or directory)
01-24 12:46:25.009  4443  4455 I UsageStatsService: User[0] Flushing usage stats to disk
01-24 12:48:00.007  4443  4456 I ProcessStatsService: Prepared write state in 2ms
01-24 12:57:35.874  4443  4674 I ActivityManager: Process de.vahrmap.vmapper (pid 26040) has died
01-24 12:57:35.874  4443  4674 D ActivityManager: cleanUpApplicationRecord -- 26040
01-24 12:57:35.874  4443  4674 W ActivityManager: Scheduling restart of crashed service de.vahrmap.vmapper/.PogoPatcher in 1000ms
01-24 12:57:35.941  4443  4458 I libprocessgroup: Killing pid 26157 in uid 10069 as part of process group 26040
01-24 12:57:37.227  4443  4456 W ActivityManager: Slow operation: 350ms so far, now at startProcess: returned from zygote!
01-24 12:57:37.227  4443  4456 W ActivityManager: Slow operation: 350ms so far, now at startProcess: done updating battery stats
01-24 12:57:37.247  4443  4456 W ActivityManager: Slow operation: 370ms so far, now at startProcess: building log message
01-24 12:57:37.247  4443  4456 I ActivityManager: Start proc 25265:de.vahrmap.vmapper/u0a69 for service de.vahrmap.vmapper/.PogoPatcher
01-24 12:57:37.247  4443  4456 W ActivityManager: Slow operation: 370ms so far, now at startProcess: starting to update pids map
01-24 12:57:37.247  4443  4456 W ActivityManager: Slow operation: 370ms so far, now at startProcess: done updating pids map
01-24 12:57:37.247  4443  4456 W ActivityManager: Slow operation: 372ms so far, now at startProcess: done starting proc!
01-24 12:59:01.085  4443  6602 I ActivityManager: Process com.google.android.gms.unstable (pid 27268) has died
01-24 12:59:01.085  4443  6602 D ActivityManager: cleanUpApplicationRecord -- 27268
01-24 12:59:14.793  4443 26069 I ActivityManager: Process com.google.android.katniss:search (pid 25890) has died
01-24 12:59:14.793  4443 26069 D ActivityManager: cleanUpApplicationRecord -- 25890
01-24 13:00:35.849  4443  6109 I ActivityManager: Start proc 25886:android.process.media/u0a10 for content provider com.android.providers.media/.MediaProvider
01-24 13:00:35.849  4443  6109 W ActivityManager: Slow operation: 84ms so far, now at getContentProviderImpl: after start process
01-24 13:00:35.849  4443  6109 W ActivityManager: Slow operation: 84ms so far, now at getContentProviderImpl: updating data structures
01-24 13:00:35.850  4443  6109 W ActivityManager: Slow operation: 85ms so far, now at getContentProviderImpl: done!
01-24 13:01:25.681  4443  4665 I ActivityManager: Process android.process.media (pid 25886) has died
01-24 13:01:25.681  4443  4665 D ActivityManager: cleanUpApplicationRecord -- 25886
01-24 13:01:25.775  4443  4458 W libprocessgroup: failed to kill pid 25886: No such process
01-24 13:01:41.257  4443  4453 I ActivityManager: Process com.ZKus0p4vP41dpN3n (pid 26081) has died
01-24 13:01:41.257  4443  4453 D ActivityManager: cleanUpApplicationRecord -- 26081
01-24 13:01:41.267  4443  4458 I libprocessgroup: Killing pid 26165 in uid 10056 as part of process group 26081
01-24 13:01:41.310  4443  4458 I libprocessgroup: Killing pid 26165 in uid 10056 as part of process group 26081
01-24 13:01:41.354  4443  4458 I libprocessgroup: Killing pid 26165 in uid 10056 as part of process group 26081
01-24 13:01:41.962  4443  6109 I ActivityManager: Process com.google.android.gms.ui (pid 27195) has died
01-24 13:01:41.963  4443  6109 D ActivityManager: cleanUpApplicationRecord -- 27195
01-24 13:01:42.153  4443  4665 I ActivityManager: Process com.google.process.gapps (pid 26134) has died
01-24 13:01:42.153  4443  4665 D ActivityManager: cleanUpApplicationRecord -- 26134
01-24 13:04:41.272  4443 26243 I ActivityManager: Process com.android.tv.settings (pid 26064) has died
01-24 13:04:41.272  4443 26243 D ActivityManager: cleanUpApplicationRecord -- 26064
01-24 13:04:41.273  4443 26243 W ActivityManager: Scheduling restart of crashed service com.android.tv.settings/.users.UserSwitchListenerService in 1000ms
01-24 13:04:41.951  4443 26069 I ActivityManager: Process com.google.android.atv.widget (pid 1139) has died
01-24 13:04:41.951  4443 26069 D ActivityManager: cleanUpApplicationRecord -- 1139
01-24 13:04:42.298  4443  4456 I ActivityManager: Start proc 26768:com.android.tv.settings/1000 for service com.android.tv.settings/.users.UserSwitchListenerService
01-24 13:04:42.491  4443  4562 I ActivityManager: Process com.google.android.atv.customization (pid 26096) has died
01-24 13:04:42.491  4443  4562 D ActivityManager: cleanUpApplicationRecord -- 26096
01-24 13:12:38.992  4443  4459 E BatteryStatsService: no controller energy info supplied
01-24 13:12:38.992  4443  4459 E BatteryStatsService: no controller energy info supplied
01-24 13:12:38.992  4443  4459 E BatteryStatsService: no controller energy info supplied
01-24 13:12:39.027  4443  4459 E KernelUidCpuTimeReader: Failed to read uid_cputime: /proc/uid_cputime/show_uid_stat (No such file or directory)
01-24 13:17:43.493  4443  4455 I UsageStatsService: User[0] Flushing usage stats to disk
01-24 13:18:00.027  4443  4456 I ProcessStatsService: Prepared write state in 16ms
01-24 13:24:03.919  4443  4484 W ActivityManager: Slow operation: 215ms so far, now at startProcess: returned from zygote!
01-24 13:24:03.919  4443  4484 W ActivityManager: Slow operation: 215ms so far, now at startProcess: done updating battery stats
01-24 13:24:03.921  4443  4484 W ActivityManager: Slow operation: 217ms so far, now at startProcess: building log message
01-24 13:24:03.933  4443  4484 I ActivityManager: Start proc 30608:com.google.android.atv.widget/u0a29 for broadcast com.google.android.atv.widget/.ClockWidgetProvider
01-24 13:24:03.934  4443  4484 W ActivityManager: Slow operation: 230ms so far, now at startProcess: starting to update pids map
01-24 13:24:03.934  4443  4484 W ActivityManager: Slow operation: 230ms so far, now at startProcess: done updating pids map
01-24 13:24:03.934  4443  4484 W ActivityManager: Slow operation: 246ms so far, now at startProcess: done starting proc!
01-24 13:24:07.452  4443  5033 I ActivityManager: Process com.google.android.atv.widget (pid 30608) has died
01-24 13:24:07.452  4443  5033 D ActivityManager: cleanUpApplicationRecord -- 30608
01-24 13:25:56.386  4443  4461 E NetdConnector: Error handling '601 limit alert  ': java.lang.IllegalStateException: Invalid event from daemon (601 limit alert  )
01-24 13:28:18.285  4443  6109 I ActivityManager: Process de.vahrmap.vmapper (pid 25265) has died
01-24 13:28:18.285  4443  6109 D ActivityManager: cleanUpApplicationRecord -- 25265
01-24 13:28:18.289  4443  4458 I libprocessgroup: Killing pid 25286 in uid 10069 as part of process group 25265
01-24 13:28:18.327  4443  6109 W ActivityManager: Scheduling restart of crashed service de.vahrmap.vmapper/.PogoPatcher in 1000ms
01-24 13:28:18.334  4443  4458 I libprocessgroup: Killing pid 25286 in uid 10069 as part of process group 25265
01-24 13:28:19.328  4443  4456 I ActivityManager: Start proc 31456:de.vahrmap.vmapper/u0a69 for service de.vahrmap.vmapper/.PogoPatcher
01-24 13:28:25.556  4443 26243 I ActivityManager: Start proc 31510:com.ZKus0p4vP41dpN3n/u0a56 for content provider com.ZKus0p4vP41dpN3n/a.p
01-24 13:28:25.556  4443 26243 W ActivityManager: Slow operation: 89ms so far, now at getContentProviderImpl: after start process
01-24 13:28:25.556  4443 26243 W ActivityManager: Slow operation: 89ms so far, now at getContentProviderImpl: updating data structures
01-24 13:28:25.556  4443 26243 W ActivityManager: Slow operation: 90ms so far, now at getContentProviderImpl: done!
01-24 13:29:00.231  4443 26244 I ActivityManager: Process com.ZKus0p4vP41dpN3n (pid 31510) has died
01-24 13:29:00.231  4443 26244 D ActivityManager: cleanUpApplicationRecord -- 31510
01-24 13:29:37.781  4443 26069 I ActivityManager: Start proc 31780:com.google.process.gapps/u0a12 for content provider com.google.android.gsf/.gservices.GservicesProvider
01-24 13:30:00.284  4443  6617 I ActivityManager: Process com.google.process.gapps (pid 31780) has died
01-24 13:30:00.284  4443  6617 D ActivityManager: cleanUpApplicationRecord -- 31780
01-24 13:35:03.522  4443  4674 I ActivityManager: Process com.android.tv.settings (pid 26768) has died
01-24 13:35:03.523  4443  4674 D ActivityManager: cleanUpApplicationRecord -- 26768
01-24 13:35:03.523  4443  4674 W ActivityManager: Scheduling restart of crashed service com.android.tv.settings/.users.UserSwitchListenerService in 1000ms
01-24 13:35:04.608  4443  4456 W ActivityManager: Slow operation: 83ms so far, now at startProcess: returned from zygote!
01-24 13:35:04.608  4443  4456 W ActivityManager: Slow operation: 84ms so far, now at startProcess: done updating battery stats
01-24 13:35:04.619  4443  4456 W ActivityManager: Slow operation: 85ms so far, now at startProcess: building log message
01-24 13:35:04.619  4443  4456 I ActivityManager: Start proc 387:com.android.tv.settings/1000 for service com.android.tv.settings/.users.UserSwitchListenerService
01-24 13:35:04.619  4443  4456 W ActivityManager: Slow operation: 94ms so far, now at startProcess: starting to update pids map
01-24 13:35:04.619  4443  4456 W ActivityManager: Slow operation: 95ms so far, now at startProcess: done updating pids map
01-24 13:35:04.619  4443  4456 W ActivityManager: Slow operation: 95ms so far, now at startProcess: done starting proc!
01-24 13:42:39.060  4443  4459 E BatteryStatsService: no controller energy info supplied
01-24 13:42:39.060  4443  4459 E BatteryStatsService: no controller energy info supplied
01-24 13:42:39.060  4443  4459 E BatteryStatsService: no controller energy info supplied
01-24 13:42:39.104  4443  4459 E KernelUidCpuTimeReader: Failed to read uid_cputime: /proc/uid_cputime/show_uid_stat (No such file or directory)
01-24 13:48:00.073  4443  4456 I ProcessStatsService: Prepared write state in 32ms
01-24 13:48:25.890  4443  4455 I UsageStatsService: User[0] Flushing usage stats to disk
01-24 13:57:55.767  4443  4484 W ActivityManager: Slow operation: 253ms so far, now at startProcess: returned from zygote!
01-24 13:57:55.768  4443  4484 W ActivityManager: Slow operation: 254ms so far, now at startProcess: done updating battery stats
01-24 13:57:55.781  4443  4484 W ActivityManager: Slow operation: 267ms so far, now at startProcess: building log message
01-24 13:57:55.790  4443  4484 I ActivityManager: Start proc 5201:com.google.android.atv.widget/u0a29 for broadcast com.google.android.atv.widget/.ClockWidgetProvider
01-24 13:57:55.790  4443  4484 W ActivityManager: Slow operation: 276ms so far, now at startProcess: starting to update pids map
01-24 13:57:55.790  4443  4484 W ActivityManager: Slow operation: 277ms so far, now at startProcess: done updating pids map
01-24 13:57:55.790  4443  4484 W ActivityManager: Slow operation: 280ms so far, now at startProcess: done starting proc!
01-24 13:57:59.564  4443  7113 I ActivityManager: Process com.google.android.atv.widget (pid 5201) has died
01-24 13:57:59.564  4443  7113 D ActivityManager: cleanUpApplicationRecord -- 5201
01-24 13:58:02.318  4443  4944 I ActivityManager: Start proc 5248:com.google.process.gapps/u0a12 for content provider com.google.android.gsf/.gservices.GservicesProvider
01-24 13:58:36.102  4443  6613 I ActivityManager: Process de.vahrmap.vmapper (pid 31456) has died
01-24 13:58:36.102  4443  6613 D ActivityManager: cleanUpApplicationRecord -- 31456
01-24 13:58:36.103  4443  6613 W ActivityManager: Scheduling restart of crashed service de.vahrmap.vmapper/.PogoPatcher in 1000ms
01-24 13:58:36.168  4443  4458 I libprocessgroup: Killing pid 31478 in uid 10069 as part of process group 31456
01-24 13:58:36.341  4443  4458 I libprocessgroup: Killing pid 31478 in uid 10069 as part of process group 31456
01-24 13:58:36.380  4443  4458 I libprocessgroup: Killing pid 31478 in uid 10069 as part of process group 31456
01-24 13:58:36.420  4443  4458 I libprocessgroup: Killing pid 31478 in uid 10069 as part of process group 31456
01-24 13:58:37.124  4443  4456 I ActivityManager: Start proc 5408:de.vahrmap.vmapper/u0a69 for service de.vahrmap.vmapper/.PogoPatcher
01-24 13:58:37.711  4443  4453 I ActivityManager: Process com.google.process.gapps (pid 5248) has died
01-24 13:58:37.711  4443  4453 D ActivityManager: cleanUpApplicationRecord -- 5248
01-24 13:58:43.215  4443  4562 I ActivityManager: Start proc 5469:com.ZKus0p4vP41dpN3n/u0a56 for content provider com.ZKus0p4vP41dpN3n/a.p
01-24 13:59:00.122  4443  6609 I ActivityManager: Process com.ZKus0p4vP41dpN3n (pid 5469) has died
01-24 13:59:00.122  4443  6609 D ActivityManager: cleanUpApplicationRecord -- 5469
01-24 14:06:26.391  4443  7113 I ActivityManager: Process com.android.tv.settings (pid 387) has died
01-24 14:06:26.391  4443  7113 D ActivityManager: cleanUpApplicationRecord -- 387
01-24 14:06:26.392  4443  7113 W ActivityManager: Scheduling restart of crashed service com.android.tv.settings/.users.UserSwitchListenerService in 1000ms
01-24 14:06:27.470  4443  4456 W ActivityManager: Slow operation: 78ms so far, now at startProcess: returned from zygote!
01-24 14:06:27.471  4443  4456 W ActivityManager: Slow operation: 78ms so far, now at startProcess: done updating battery stats
01-24 14:06:27.471  4443  4456 W ActivityManager: Slow operation: 78ms so far, now at startProcess: building log message
01-24 14:06:27.477  4443  4456 I ActivityManager: Start proc 7150:com.android.tv.settings/1000 for service com.android.tv.settings/.users.UserSwitchListenerService
01-24 14:06:27.478  4443  4456 W ActivityManager: Slow operation: 85ms so far, now at startProcess: starting to update pids map
01-24 14:06:27.478  4443  4456 W ActivityManager: Slow operation: 85ms so far, now at startProcess: done updating pids map
01-24 14:06:27.478  4443  4456 W ActivityManager: Slow operation: 85ms so far, now at startProcess: done starting proc!
01-24 14:06:27.660  4443  4663 W ActivityManager: Slow operation: 55ms so far, now at attachApplicationLocked: after mServices.attachApplicationLocked
01-24 14:12:39.270  4443  4459 E BatteryStatsService: no controller energy info supplied
01-24 14:12:39.270  4443  4459 E BatteryStatsService: no controller energy info supplied
01-24 14:12:39.270  4443  4459 E BatteryStatsService: no controller energy info supplied
01-24 14:12:39.355  4443  4459 E KernelUidCpuTimeReader: Failed to read uid_cputime: /proc/uid_cputime/show_uid_stat (No such file or directory)
01-24 14:18:00.113  4443  4456 I ProcessStatsService: Prepared write state in 32ms
01-24 14:18:03.054  4443  4455 I UsageStatsService: User[0] Flushing usage stats to disk
01-24 14:26:25.683  4443  4484 W ActivityManager: Slow operation: 248ms so far, now at startProcess: returned from zygote!
01-24 14:26:25.683  4443  4484 W ActivityManager: Slow operation: 248ms so far, now at startProcess: done updating battery stats
01-24 14:26:25.683  4443  4484 W ActivityManager: Slow operation: 249ms so far, now at startProcess: building log message
01-24 14:26:25.711  4443  4484 I ActivityManager: Start proc 11147:com.google.android.atv.widget/u0a29 for broadcast com.google.android.atv.widget/.ClockWidgetProvider
01-24 14:26:25.711  4443  4484 W ActivityManager: Slow operation: 276ms so far, now at startProcess: starting to update pids map
01-24 14:26:25.711  4443  4484 W ActivityManager: Slow operation: 276ms so far, now at startProcess: done updating pids map
01-24 14:26:25.711  4443  4484 W ActivityManager: Slow operation: 282ms so far, now at startProcess: done starting proc!
01-24 14:26:26.496  4443  4674 W ActivityManager: Slow operation: 53ms so far, now at attachApplicationLocked: before bindApplication
01-24 14:26:26.496  4443  4674 W ActivityManager: Slow operation: 53ms so far, now at attachApplicationLocked: immediately before bindApplication
01-24 14:26:26.498  4443  4674 W ActivityManager: Slow operation: 55ms so far, now at attachApplicationLocked: immediately after bindApplication
01-24 14:26:26.498  4443  4674 W ActivityManager: Slow operation: 55ms so far, now at attachApplicationLocked: after updateLruProcessLocked
01-24 14:26:26.502  4443  4674 W ActivityManager: Slow operation: 59ms so far, now at attachApplicationLocked: after mServices.attachApplicationLocked
01-24 14:26:26.560  4443  4674 W ActivityManager: Slow operation: 117ms so far, now at attachApplicationLocked: after sendPendingBroadcastsLocked
01-24 14:26:30.535  4443  6606 I ActivityManager: Process com.google.android.atv.widget (pid 11147) has died
01-24 14:26:30.568  4443  6606 D ActivityManager: cleanUpApplicationRecord -- 11147
01-24 14:26:34.531  4443  5033 I ActivityManager: Start proc 11197:com.google.process.gapps/u0a12 for content provider com.google.android.gsf/.gservices.GservicesProvider
01-24 14:26:35.318  4443  6609 W ActivityManager: Slow operation: 91ms so far, now at attachApplicationLocked: before bindApplication
01-24 14:26:35.318  4443  6609 W ActivityManager: Slow operation: 91ms so far, now at attachApplicationLocked: immediately before bindApplication
01-24 14:26:35.319  4443  6609 W ActivityManager: Slow operation: 92ms so far, now at attachApplicationLocked: immediately after bindApplication
01-24 14:26:35.319  4443  6609 W ActivityManager: Slow operation: 92ms so far, now at attachApplicationLocked: after updateLruProcessLocked
01-24 14:26:35.319  4443  6609 W ActivityManager: Slow operation: 92ms so far, now at attachApplicationLocked: after mServices.attachApplicationLocked
01-24 14:26:35.448  4443  6609 W ActivityManager: Slow operation: 221ms so far, now at attachApplicationLocked: after updateOomAdjLocked
01-24 14:27:00.361  4443 26243 I ActivityManager: Process com.google.process.gapps (pid 11197) has died
01-24 14:27:00.362  4443 26243 D ActivityManager: cleanUpApplicationRecord -- 11197
01-24 14:29:00.338  4443  4674 I ActivityManager: Process de.vahrmap.vmapper (pid 5408) has died
01-24 14:29:00.338  4443  4674 D ActivityManager: cleanUpApplicationRecord -- 5408
01-24 14:29:00.338  4443  4674 W ActivityManager: Scheduling restart of crashed service de.vahrmap.vmapper/.PogoPatcher in 1000ms
01-24 14:29:00.348  4443  4458 I libprocessgroup: Killing pid 5431 in uid 10069 as part of process group 5408
01-24 14:29:00.390  4443  4458 I libprocessgroup: Killing pid 5431 in uid 10069 as part of process group 5408
01-24 14:29:00.449  4443  4458 I libprocessgroup: Killing pid 5431 in uid 10069 as part of process group 5408
01-24 14:29:01.523  4443  4456 W ActivityManager: Slow operation: 181ms so far, now at startProcess: returned from zygote!
01-24 14:29:01.523  4443  4456 W ActivityManager: Slow operation: 182ms so far, now at startProcess: done updating battery stats
01-24 14:29:01.589  4443  4456 W ActivityManager: Slow operation: 247ms so far, now at startProcess: building log message
01-24 14:29:01.610  4443  4456 I ActivityManager: Start proc 11716:de.vahrmap.vmapper/u0a69 for service de.vahrmap.vmapper/.PogoPatcher
01-24 14:29:01.610  4443  4456 W ActivityManager: Slow operation: 268ms so far, now at startProcess: starting to update pids map
01-24 14:29:01.610  4443  4456 W ActivityManager: Slow operation: 268ms so far, now at startProcess: done updating pids map
01-24 14:29:01.610  4443  4456 W ActivityManager: Slow operation: 270ms so far, now at startProcess: done starting proc!
01-24 14:29:02.113  4443  6109 W ActivityManager: Slow operation: 68ms so far, now at attachApplicationLocked: after mServices.attachApplicationLocked
01-24 14:29:10.631  4443 26244 I ActivityManager: Start proc 11770:com.ZKus0p4vP41dpN3n/u0a56 for content provider com.ZKus0p4vP41dpN3n/a.p
01-24 14:29:10.632  4443 26244 W ActivityManager: Slow operation: 82ms so far, now at getContentProviderImpl: after start process
01-24 14:29:10.632  4443 26244 W ActivityManager: Slow operation: 82ms so far, now at getContentProviderImpl: updating data structures
01-24 14:29:10.632  4443 26244 W ActivityManager: Slow operation: 82ms so far, now at getContentProviderImpl: done!
01-24 14:30:00.324  4443  6617 I ActivityManager: Process com.ZKus0p4vP41dpN3n (pid 11770) has died
01-24 14:30:00.324  4443  6617 D ActivityManager: cleanUpApplicationRecord -- 11770
01-24 14:37:00.513  4443  4674 I ActivityManager: Process com.android.tv.settings (pid 7150) has died
01-24 14:37:00.513  4443  4674 D ActivityManager: cleanUpApplicationRecord -- 7150
01-24 14:37:00.529  4443  4674 W ActivityManager: Scheduling restart of crashed service com.android.tv.settings/.users.UserSwitchListenerService in 1000ms
01-24 14:37:01.600  4443  4456 W ActivityManager: Slow operation: 51ms so far, now at startProcess: asking zygote to start proc
01-24 14:37:01.886  4443  4456 W ActivityManager: Slow operation: 336ms so far, now at startProcess: returned from zygote!
01-24 14:37:01.888  4443  4456 W ActivityManager: Slow operation: 338ms so far, now at startProcess: done updating battery stats
01-24 14:37:01.888  4443  4456 W ActivityManager: Slow operation: 338ms so far, now at startProcess: building log message
01-24 14:37:01.888  4443  4456 I ActivityManager: Start proc 13316:com.android.tv.settings/1000 for service com.android.tv.settings/.users.UserSwitchListenerService
01-24 14:37:01.888  4443  4456 W ActivityManager: Slow operation: 339ms so far, now at startProcess: starting to update pids map
01-24 14:37:01.888  4443  4456 W ActivityManager: Slow operation: 339ms so far, now at startProcess: done updating pids map
01-24 14:37:01.888  4443  4456 W ActivityManager: Slow operation: 350ms so far, now at startProcess: done starting proc!
01-24 14:37:02.769  4443  6602 W ActivityManager: Slow operation: 120ms so far, now at attachApplicationLocked: before bindApplication
01-24 14:37:02.769  4443  6602 W ActivityManager: Slow operation: 120ms so far, now at attachApplicationLocked: immediately before bindApplication
01-24 14:37:02.770  4443  6602 W ActivityManager: Slow operation: 121ms so far, now at attachApplicationLocked: immediately after bindApplication
01-24 14:37:02.770  4443  6602 W ActivityManager: Slow operation: 121ms so far, now at attachApplicationLocked: after updateLruProcessLocked
01-24 14:37:02.821  4443  6602 W ActivityManager: Slow operation: 172ms so far, now at attachApplicationLocked: after mServices.attachApplicationLocked
01-24 14:42:39.332  4443  4459 E BatteryStatsService: no controller energy info supplied
01-24 14:42:39.332  4443  4459 E BatteryStatsService: no controller energy info supplied
01-24 14:42:39.332  4443  4459 E BatteryStatsService: no controller energy info supplied
01-24 14:42:39.432  4443  4459 E KernelUidCpuTimeReader: Failed to read uid_cputime: /proc/uid_cputime/show_uid_stat (No such file or directory)
01-24 14:46:35.524  4443  4455 I UsageStatsService: User[0] Flushing usage stats to disk
01-24 14:49:00.028  4443  4456 I ProcessStatsService: Prepared write state in 20ms
01-24 14:56:37.798  4443  4484 I ActivityManager: Start proc 17169:com.google.android.atv.widget/u0a29 for broadcast com.google.android.atv.widget/.ClockWidgetProvider
01-24 14:56:39.110  4443  6629 I ActivityManager: Start proc 17190:com.google.process.gapps/u0a12 for content provider com.google.android.gsf/.gservices.GservicesProvider
01-24 14:56:39.111  4443  6629 W ActivityManager: Slow operation: 70ms so far, now at getContentProviderImpl: after start process
01-24 14:56:39.111  4443  6629 W ActivityManager: Slow operation: 70ms so far, now at getContentProviderImpl: updating data structures
01-24 14:56:39.111  4443  6629 W ActivityManager: Slow operation: 71ms so far, now at getContentProviderImpl: done!
01-24 15:11:38.547  4443  6109 I ActivityManager: Process de.vahrmap.vmapper (pid 11716) has died
01-24 15:11:38.629  4443  6109 D ActivityManager: cleanUpApplicationRecord -- 11716
01-24 15:11:38.630  4443  6109 W ActivityManager: Scheduling restart of crashed service de.vahrmap.vmapper/.PogoPatcher in 1000ms
01-24 15:11:39.933  4443  4456 W ActivityManager: Slow operation: 300ms so far, now at startProcess: returned from zygote!
01-24 15:11:39.933  4443  4456 W ActivityManager: Slow operation: 301ms so far, now at startProcess: done updating battery stats
01-24 15:11:39.934  4443  4456 W ActivityManager: Slow operation: 301ms so far, now at startProcess: building log message
01-24 15:11:39.944  4443  4456 I ActivityManager: Start proc 20009:de.vahrmap.vmapper/u0a69 for service de.vahrmap.vmapper/.PogoPatcher
01-24 15:11:39.944  4443  4456 W ActivityManager: Slow operation: 312ms so far, now at startProcess: starting to update pids map
01-24 15:11:39.945  4443  4456 W ActivityManager: Slow operation: 312ms so far, now at startProcess: done updating pids map
01-24 15:11:39.945  4443  4456 W ActivityManager: Slow operation: 313ms so far, now at startProcess: done starting proc!
01-24 15:11:48.741  4443 26243 I ActivityManager: Start proc 20067:com.ZKus0p4vP41dpN3n/u0a56 for content provider com.ZKus0p4vP41dpN3n/a.p
01-24 15:11:48.742  4443 26243 W ActivityManager: Slow operation: 78ms so far, now at getContentProviderImpl: after start process
01-24 15:11:48.742  4443 26243 W ActivityManager: Slow operation: 78ms so far, now at getContentProviderImpl: updating data structures
01-24 15:11:48.742  4443 26243 W ActivityManager: Slow operation: 78ms so far, now at getContentProviderImpl: done!
01-24 15:11:50.638  4443  4453 I ActivityManager: Process com.android.tv.settings (pid 13316) has died
01-24 15:11:50.638  4443  4453 D ActivityManager: cleanUpApplicationRecord -- 13316
01-24 15:11:50.638  4443  4453 W ActivityManager: Scheduling restart of crashed service com.android.tv.settings/.users.UserSwitchListenerService in 1000ms
01-24 15:11:51.679  4443  4456 I ActivityManager: Start proc 20092:com.android.tv.settings/1000 for service com.android.tv.settings/.users.UserSwitchListenerService
01-24 15:12:06.874  4443  4665 I ActivityManager: Process com.ZKus0p4vP41dpN3n (pid 20067) has died
01-24 15:12:06.875  4443  4665 D ActivityManager: cleanUpApplicationRecord -- 20067
01-24 15:12:13.881  4443 26069 I ActivityManager: Process com.google.process.gapps (pid 17190) has died
01-24 15:12:13.881  4443 26069 D ActivityManager: cleanUpApplicationRecord -- 17190
01-24 15:12:15.401  4443  6629 I ActivityManager: Process com.google.android.atv.widget (pid 17169) has died
01-24 15:12:15.401  4443  6629 D ActivityManager: cleanUpApplicationRecord -- 17169
01-24 15:12:39.341  4443  4464 W ProcessCpuTracker: Skipping unknown process pid 20244
01-24 15:12:39.388  4443  4464 W ProcessCpuTracker: Skipping unknown process pid 20245
01-24 15:12:39.606  4443  4459 E BatteryStatsService: no controller energy info supplied
01-24 15:12:39.606  4443  4459 E BatteryStatsService: no controller energy info supplied
01-24 15:12:39.606  4443  4459 E BatteryStatsService: no controller energy info supplied
01-24 15:12:39.608  4443  4459 E KernelUidCpuTimeReader: Failed to read uid_cputime: /proc/uid_cputime/show_uid_stat (No such file or directory)
01-24 15:13:14.954  4443  4443 I EntropyMixer: Added HW RNG output to entropy pool
01-24 15:13:14.954  4443  4443 I EntropyMixer: Writing entropy...
01-24 15:16:39.392  4443  4455 I UsageStatsService: User[0] Flushing usage stats to disk
01-24 15:17:55.740  4443  4484 W ActivityManager: Slow operation: 146ms so far, now at startProcess: returned from zygote!
01-24 15:17:55.740  4443  4484 W ActivityManager: Slow operation: 146ms so far, now at startProcess: done updating battery stats
01-24 15:17:55.741  4443  4484 W ActivityManager: Slow operation: 147ms so far, now at startProcess: building log message
01-24 15:17:55.741  4443  4484 I ActivityManager: Start proc 21264:com.google.android.atv.widget/u0a29 for broadcast com.google.android.atv.widget/.ClockWidgetProvider
01-24 15:17:55.741  4443  4484 W ActivityManager: Slow operation: 147ms so far, now at startProcess: starting to update pids map
01-24 15:17:55.741  4443  4484 W ActivityManager: Slow operation: 147ms so far, now at startProcess: done updating pids map
01-24 15:17:55.741  4443  4484 W ActivityManager: Slow operation: 192ms so far, now at startProcess: done starting proc!
01-24 15:17:56.342  4443  4454 W ActivityManager: Slow operation: 72ms so far, now at attachApplicationLocked: before bindApplication
01-24 15:17:56.342  4443  4454 W ActivityManager: Slow operation: 73ms so far, now at attachApplicationLocked: immediately before bindApplication
01-24 15:17:56.392  4443  4454 W ActivityManager: Slow operation: 122ms so far, now at attachApplicationLocked: immediately after bindApplication
01-24 15:17:56.392  4443  4454 W ActivityManager: Slow operation: 122ms so far, now at attachApplicationLocked: after updateLruProcessLocked
01-24 15:17:56.393  4443  4454 W ActivityManager: Slow operation: 123ms so far, now at attachApplicationLocked: after mServices.attachApplicationLocked
01-24 15:17:56.398  4443  4454 W ActivityManager: Slow operation: 128ms so far, now at attachApplicationLocked: after sendPendingBroadcastsLocked
01-24 15:17:59.696  4443  4674 I ActivityManager: Process com.google.android.atv.widget (pid 21264) has died
01-24 15:17:59.696  4443  4674 D ActivityManager: cleanUpApplicationRecord -- 21264
01-24 15:19:00.312  4443  4456 I ProcessStatsService: Prepared write state in 261ms
01-24 15:19:00.511  4443  4455 I ProcessStatsService: Pruning old procstats: /data/system/procstats/state-2022-01-23-12-08-00.bin
01-24 15:24:58.277  4443 26069 I ActivityManager: Process de.vahrmap.vmapper (pid 20009) has died
01-24 15:24:58.278  4443 26069 D ActivityManager: cleanUpApplicationRecord -- 20009
01-24 15:24:58.313  4443  4458 I libprocessgroup: Killing pid 20031 in uid 10069 as part of process group 20009
01-24 15:24:58.318  4443 26069 W ActivityManager: Scheduling restart of crashed service de.vahrmap.vmapper/.PogoPatcher in 1000ms
01-24 15:24:58.376  4443  4458 I libprocessgroup: Killing pid 20031 in uid 10069 as part of process group 20009
01-24 15:24:58.419  4443  4458 I libprocessgroup: Killing pid 20031 in uid 10069 as part of process group 20009
01-24 15:24:59.395  4443  4456 W ActivityManager: Slow operation: 72ms so far, now at startProcess: getting gids from package manager
01-24 15:24:59.529  4443  4456 W ActivityManager: Slow operation: 206ms so far, now at startProcess: building args
01-24 15:24:59.529  4443  4456 W ActivityManager: Slow operation: 206ms so far, now at startProcess: asking zygote to start proc
01-24 15:24:59.822  4443  4456 W ActivityManager: Slow operation: 499ms so far, now at startProcess: returned from zygote!
01-24 15:24:59.822  4443  4456 W ActivityManager: Slow operation: 500ms so far, now at startProcess: done updating battery stats
01-24 15:24:59.844  4443  4456 W ActivityManager: Slow operation: 521ms so far, now at startProcess: building log message
01-24 15:24:59.845  4443  4456 I ActivityManager: Start proc 22607:de.vahrmap.vmapper/u0a69 for service de.vahrmap.vmapper/.PogoPatcher
01-24 15:24:59.845  4443  4456 W ActivityManager: Slow operation: 522ms so far, now at startProcess: starting to update pids map
01-24 15:24:59.845  4443  4456 W ActivityManager: Slow operation: 522ms so far, now at startProcess: done updating pids map
01-24 15:24:59.845  4443  4456 W ActivityManager: Slow operation: 527ms so far, now at startProcess: done starting proc!
01-24 15:25:01.335  4443  6617 W ActivityManager: Slow operation: 80ms so far, now at attachApplicationLocked: before bindApplication
01-24 15:25:01.335  4443  6617 W ActivityManager: Slow operation: 81ms so far, now at attachApplicationLocked: immediately before bindApplication
01-24 15:25:01.336  4443  6617 W ActivityManager: Slow operation: 81ms so far, now at attachApplicationLocked: immediately after bindApplication
01-24 15:25:01.336  4443  6617 W ActivityManager: Slow operation: 81ms so far, now at attachApplicationLocked: after updateLruProcessLocked
01-24 15:25:01.349  4443  6617 W ActivityManager: Slow operation: 94ms so far, now at attachApplicationLocked: after mServices.attachApplicationLocked
01-24 15:25:16.832  4443  6606 W ActivityManager: Slow operation: 77ms so far, now at getContentProviderImpl: after resolveContentProvider
01-24 15:25:16.894  4443  6606 W ActivityManager: Slow operation: 139ms so far, now at getContentProviderImpl: got app info for user
01-24 15:25:16.894  4443  6606 W ActivityManager: Slow operation: 140ms so far, now at getContentProviderImpl: before checkContentProviderPermission
01-24 15:25:16.895  4443  6606 W ActivityManager: Slow operation: 140ms so far, now at getContentProviderImpl: after checkContentProviderPermission
