01-24 15:36:15.811  4443  4562 D ActivityManager: cleanUpApplicationRecord -- 24952
01-24 15:36:15.812  4443  4562 W ActivityManager: Scheduling restart of crashed service com.android.tv.settings/.users.UserSwitchListenerService in 1000ms
01-24 15:36:17.121  4443  4456 W ActivityManager: Slow operation: 252ms so far, now at startProcess: returned from zygote!
01-24 15:36:17.122  4443  4456 W ActivityManager: Slow operation: 252ms so far, now at startProcess: done updating battery stats
01-24 15:36:17.122  4443  4456 W ActivityManager: Slow operation: 252ms so far, now at startProcess: building log message
01-24 15:36:17.122  4443  4456 I ActivityManager: Start proc 24973:com.android.tv.settings/1000 for service com.android.tv.settings/.users.UserSwitchListenerService
01-24 15:36:17.122  4443  4456 W ActivityManager: Slow operation: 253ms so far, now at startProcess: starting to update pids map
01-24 15:36:17.123  4443  4456 W ActivityManager: Slow operation: 253ms so far, now at startProcess: done updating pids map
01-24 15:36:17.123  4443  4456 W ActivityManager: Slow operation: 253ms so far, now at startProcess: done starting proc!
01-24 15:36:19.483  4443 26244 I ActivityManager: Process com.android.tv.settings (pid 24973) has died
01-24 15:36:19.483  4443 26244 D ActivityManager: cleanUpApplicationRecord -- 24973
01-24 15:36:19.484  4443 26244 W ActivityManager: Scheduling restart of crashed service com.android.tv.settings/.users.UserSwitchListenerService in 1000ms
01-24 15:36:20.608  4443  4456 W ActivityManager: Slow operation: 103ms so far, now at startProcess: returned from zygote!
01-24 15:36:20.608  4443  4456 W ActivityManager: Slow operation: 103ms so far, now at startProcess: done updating battery stats
01-24 15:36:20.608  4443  4456 W ActivityManager: Slow operation: 103ms so far, now at startProcess: building log message
01-24 15:36:20.608  4443  4456 I ActivityManager: Start proc 24989:com.android.tv.settings/1000 for service com.android.tv.settings/.users.UserSwitchListenerService
01-24 15:36:20.608  4443  4456 W ActivityManager: Slow operation: 104ms so far, now at startProcess: starting to update pids map
01-24 15:36:20.608  4443  4456 W ActivityManager: Slow operation: 104ms so far, now at startProcess: done updating pids map
01-24 15:36:20.608  4443  4456 W ActivityManager: Slow operation: 104ms so far, now at startProcess: done starting proc!
01-24 15:36:22.511  4443  4562 I ActivityManager: Process com.android.tv.settings (pid 24989) has died
01-24 15:36:22.511  4443  4562 D ActivityManager: cleanUpApplicationRecord -- 24989
01-24 15:36:22.511  4443  4562 W ActivityManager: Scheduling restart of crashed service com.android.tv.settings/.users.UserSwitchListenerService in 1000ms
01-24 15:36:23.572  4443  4456 W ActivityManager: Slow operation: 60ms so far, now at startProcess: returned from zygote!
01-24 15:36:23.573  4443  4456 W ActivityManager: Slow operation: 61ms so far, now at startProcess: done updating battery stats
01-24 15:36:23.581  4443  4456 W ActivityManager: Slow operation: 69ms so far, now at startProcess: building log message
01-24 15:36:23.581  4443  4456 I ActivityManager: Start proc 25005:com.android.tv.settings/1000 for service com.android.tv.settings/.users.UserSwitchListenerService
01-24 15:36:23.581  4443  4456 W ActivityManager: Slow operation: 69ms so far, now at startProcess: starting to update pids map
01-24 15:36:23.581  4443  4456 W ActivityManager: Slow operation: 69ms so far, now at startProcess: done updating pids map
01-24 15:36:23.581  4443  4456 W ActivityManager: Slow operation: 69ms so far, now at startProcess: done starting proc!
01-24 15:36:25.581  4443  6109 I ActivityManager: Process com.android.tv.settings (pid 25005) has died
01-24 15:36:25.581  4443  6109 D ActivityManager: cleanUpApplicationRecord -- 25005
01-24 15:36:25.581  4443  6109 W ActivityManager: Scheduling restart of crashed service com.android.tv.settings/.users.UserSwitchListenerService in 1000ms
01-24 15:36:26.605  4443  4456 I ActivityManager: Start proc 25026:com.android.tv.settings/1000 for service com.android.tv.settings/.users.UserSwitchListenerService
01-24 15:36:27.933  4443  6609 I ActivityManager: Process com.android.tv.settings (pid 25026) has died
01-24 15:36:27.935  4443  6609 D ActivityManager: cleanUpApplicationRecord -- 25026
01-24 15:36:27.936  4443  6609 W ActivityManager: Scheduling restart of crashed service com.android.tv.settings/.users.UserSwitchListenerService in 1000ms
01-24 15:36:28.955  4443  4456 I ActivityManager: Start proc 25042:com.android.tv.settings/1000 for service com.android.tv.settings/.users.UserSwitchListenerService
01-24 15:36:31.343  4443  4454 I ActivityManager: Process com.android.tv.settings (pid 25042) has died
01-24 15:36:31.343  4443  4454 D ActivityManager: cleanUpApplicationRecord -- 25042
01-24 15:36:31.344  4443  4454 W ActivityManager: Scheduling restart of crashed service com.android.tv.settings/.users.UserSwitchListenerService in 1000ms
01-24 15:36:32.371  4443  4456 I ActivityManager: Start proc 25058:com.android.tv.settings/1000 for service com.android.tv.settings/.users.UserSwitchListenerService
01-24 15:36:33.471  4443 26069 I ActivityManager: Process com.android.tv.settings (pid 25058) has died
01-24 15:36:33.471  4443 26069 D ActivityManager: cleanUpApplicationRecord -- 25058
01-24 15:36:33.471  4443 26069 W ActivityManager: Scheduling restart of crashed service com.android.tv.settings/.users.UserSwitchListenerService in 1000ms
01-24 15:36:34.490  4443  4456 I ActivityManager: Start proc 25080:com.android.tv.settings/1000 for service com.android.tv.settings/.users.UserSwitchListenerService
01-24 15:36:37.002  4443 26243 I ActivityManager: Process com.android.tv.settings (pid 25080) has died
01-24 15:36:37.002  4443 26243 D ActivityManager: cleanUpApplicationRecord -- 25080
01-24 15:36:37.007  4443 26243 W ActivityManager: Scheduling restart of crashed service com.android.tv.settings/.users.UserSwitchListenerService in 1000ms
01-24 15:36:38.033  4443  4456 I ActivityManager: Start proc 25096:com.android.tv.settings/1000 for service com.android.tv.settings/.users.UserSwitchListenerService
01-24 15:36:39.881  4443  4454 I ActivityManager: Process com.android.tv.settings (pid 25096) has died
01-24 15:36:39.881  4443  4454 D ActivityManager: cleanUpApplicationRecord -- 25096
01-24 15:36:39.882  4443  4454 W ActivityManager: Scheduling restart of crashed service com.android.tv.settings/.users.UserSwitchListenerService in 1000ms
01-24 15:36:40.911  4443  4456 I ActivityManager: Start proc 25111:com.android.tv.settings/1000 for service com.android.tv.settings/.users.UserSwitchListenerService
01-24 15:36:41.442  4443 26244 I ActivityManager: Process com.android.tv.settings (pid 25111) has died
01-24 15:36:41.442  4443 26244 D ActivityManager: cleanUpApplicationRecord -- 25111
01-24 15:36:41.442  4443 26244 W ActivityManager: Scheduling restart of crashed service com.android.tv.settings/.users.UserSwitchListenerService in 1000ms
01-24 15:36:42.461  4443  4456 I ActivityManager: Start proc 25131:com.android.tv.settings/1000 for service com.android.tv.settings/.users.UserSwitchListenerService
01-24 15:36:42.922  4443  4904 I ActivityManager: Process com.android.tv.settings (pid 25131) has died
01-24 15:36:42.922  4443  4904 D ActivityManager: cleanUpApplicationRecord -- 25131
01-24 15:36:42.922  4443  4904 W ActivityManager: Scheduling restart of crashed service com.android.tv.settings/.users.UserSwitchListenerService in 1000ms
01-24 15:36:43.958  4443  4456 I ActivityManager: Start proc 25147:com.android.tv.settings/1000 for service com.android.tv.settings/.users.UserSwitchListenerService
01-24 15:36:44.509  4443  4904 I ActivityManager: Process com.android.tv.settings (pid 25147) has died
01-24 15:36:44.510  4443  4904 D ActivityManager: cleanUpApplicationRecord -- 25147
01-24 15:36:44.510  4443  4904 W ActivityManager: Scheduling restart of crashed service com.android.tv.settings/.users.UserSwitchListenerService in 1000ms
01-24 15:36:45.533  4443  4456 I ActivityManager: Start proc 25162:com.android.tv.settings/1000 for service com.android.tv.settings/.users.UserSwitchListenerService
01-24 15:36:45.943  4443  6629 I ActivityManager: Process com.android.tv.settings (pid 25162) has died
01-24 15:36:45.943  4443  6629 D ActivityManager: cleanUpApplicationRecord -- 25162
01-24 15:36:45.943  4443  6629 W ActivityManager: Scheduling restart of crashed service com.android.tv.settings/.users.UserSwitchListenerService in 1000ms
01-24 15:36:46.967  4443  4456 I ActivityManager: Start proc 25177:com.android.tv.settings/1000 for service com.android.tv.settings/.users.UserSwitchListenerService
01-24 15:36:48.008  4443  6109 I ActivityManager: Process com.android.tv.settings (pid 25177) has died
01-24 15:36:48.008  4443  6109 D ActivityManager: cleanUpApplicationRecord -- 25177
01-24 15:36:48.008  4443  6109 W ActivityManager: Scheduling restart of crashed service com.android.tv.settings/.users.UserSwitchListenerService in 1000ms
01-24 15:36:49.044  4443  4456 I ActivityManager: Start proc 25198:com.android.tv.settings/1000 for service com.android.tv.settings/.users.UserSwitchListenerService
01-24 15:36:49.591  4443  6609 I ActivityManager: Process com.android.tv.settings (pid 25198) has died
01-24 15:36:49.591  4443  6609 D ActivityManager: cleanUpApplicationRecord -- 25198
01-24 15:36:49.591  4443  6609 W ActivityManager: Scheduling restart of crashed service com.android.tv.settings/.users.UserSwitchListenerService in 1000ms
01-24 15:36:50.623  4443  4456 I ActivityManager: Start proc 25221:com.android.tv.settings/1000 for service com.android.tv.settings/.users.UserSwitchListenerService
01-24 15:36:51.071  4443 26244 I ActivityManager: Process com.android.tv.settings (pid 25221) has died
01-24 15:36:51.071  4443 26244 D ActivityManager: cleanUpApplicationRecord -- 25221
01-24 15:36:51.071  4443 26244 W ActivityManager: Scheduling restart of crashed service com.android.tv.settings/.users.UserSwitchListenerService in 1000ms
01-24 15:36:52.095  4443  4456 I ActivityManager: Start proc 25236:com.android.tv.settings/1000 for service com.android.tv.settings/.users.UserSwitchListenerService
01-24 15:36:52.482  4443  4562 I ActivityManager: Process com.android.tv.settings (pid 25236) has died
01-24 15:36:52.482  4443  4562 D ActivityManager: cleanUpApplicationRecord -- 25236
01-24 15:36:52.482  4443  4562 W ActivityManager: Scheduling restart of crashed service com.android.tv.settings/.users.UserSwitchListenerService in 1000ms
01-24 15:36:53.514  4443  4456 I ActivityManager: Start proc 25253:com.android.tv.settings/1000 for service com.android.tv.settings/.users.UserSwitchListenerService
01-24 15:36:54.551  4443  4453 I ActivityManager: Process com.android.tv.settings (pid 25253) has died
01-24 15:36:54.552  4443  4453 D ActivityManager: cleanUpApplicationRecord -- 25253
01-24 15:36:54.552  4443  4453 W ActivityManager: Scheduling restart of crashed service com.android.tv.settings/.users.UserSwitchListenerService in 1000ms
01-24 15:36:55.719  4443  4456 W ActivityManager: Slow operation: 107ms so far, now at startProcess: returned from zygote!
01-24 15:36:55.719  4443  4456 W ActivityManager: Slow operation: 108ms so far, now at startProcess: done updating battery stats
01-24 15:36:55.720  4443  4456 W ActivityManager: Slow operation: 108ms so far, now at startProcess: building log message
01-24 15:36:55.720  4443  4456 I ActivityManager: Start proc 25274:com.android.tv.settings/1000 for service com.android.tv.settings/.users.UserSwitchListenerService
01-24 15:36:55.720  4443  4456 W ActivityManager: Slow operation: 108ms so far, now at startProcess: starting to update pids map
01-24 15:36:55.720  4443  4456 W ActivityManager: Slow operation: 108ms so far, now at startProcess: done updating pids map
01-24 15:36:55.720  4443  4456 W ActivityManager: Slow operation: 108ms so far, now at startProcess: done starting proc!
01-24 15:36:57.132  4443 26243 I ActivityManager: Process com.android.tv.settings (pid 25274) has died
01-24 15:36:57.132  4443 26243 D ActivityManager: cleanUpApplicationRecord -- 25274
01-24 15:36:57.132  4443 26243 W ActivityManager: Scheduling restart of crashed service com.android.tv.settings/.users.UserSwitchListenerService in 1000ms
01-24 15:36:58.151  4443  4456 I ActivityManager: Start proc 25289:com.android.tv.settings/1000 for service com.android.tv.settings/.users.UserSwitchListenerService
01-24 15:36:59.162  4443  6610 I ActivityManager: Process com.android.tv.settings (pid 25289) has died
01-24 15:36:59.162  4443  6610 D ActivityManager: cleanUpApplicationRecord -- 25289
01-24 15:36:59.163  4443  6610 W ActivityManager: Scheduling restart of crashed service com.android.tv.settings/.users.UserSwitchListenerService in 1000ms
01-24 15:37:00.177  4443  4456 I ActivityManager: Start proc 25305:com.android.tv.settings/1000 for service com.android.tv.settings/.users.UserSwitchListenerService
01-24 15:37:00.591  4443 26069 I ActivityManager: Process com.android.tv.settings (pid 25305) has died
01-24 15:37:00.591  4443 26069 D ActivityManager: cleanUpApplicationRecord -- 25305
01-24 15:37:00.591  4443 26069 W ActivityManager: Scheduling restart of crashed service com.android.tv.settings/.users.UserSwitchListenerService in 1000ms
01-24 15:37:01.655  4443  4456 I ActivityManager: Start proc 25327:com.android.tv.settings/1000 for service com.android.tv.settings/.users.UserSwitchListenerService
01-24 15:37:01.965  4443  4944 I ActivityManager: Process com.android.tv.settings (pid 25327) has died
01-24 15:37:01.965  4443  4944 D ActivityManager: cleanUpApplicationRecord -- 25327
01-24 15:37:01.965  4443  4944 W ActivityManager: Scheduling restart of crashed service com.android.tv.settings/.users.UserSwitchListenerService in 1000ms
01-24 15:37:02.977  4443  4456 I ActivityManager: Start proc 25343:com.android.tv.settings/1000 for service com.android.tv.settings/.users.UserSwitchListenerService
01-24 15:37:03.340  4443 26244 I ActivityManager: Process com.android.tv.settings (pid 25343) has died
01-24 15:37:03.341  4443 26244 D ActivityManager: cleanUpApplicationRecord -- 25343
01-24 15:37:03.341  4443 26244 W ActivityManager: Scheduling restart of crashed service com.android.tv.settings/.users.UserSwitchListenerService in 1000ms
01-24 15:37:04.390  4443  4456 I ActivityManager: Start proc 25358:com.android.tv.settings/1000 for service com.android.tv.settings/.users.UserSwitchListenerService
01-24 15:37:05.813  4443  6109 I ActivityManager: Process com.android.tv.settings (pid 25358) has died
01-24 15:37:05.814  4443  6109 D ActivityManager: cleanUpApplicationRecord -- 25358
01-24 15:37:05.814  4443  6109 W ActivityManager: Scheduling restart of crashed service com.android.tv.settings/.users.UserSwitchListenerService in 1000ms
01-24 15:37:06.848  4443  4456 I ActivityManager: Start proc 25373:com.android.tv.settings/1000 for service com.android.tv.settings/.users.UserSwitchListenerService
01-24 15:37:09.041  4443  4665 I ActivityManager: Process com.android.tv.settings (pid 25373) has died
01-24 15:37:09.041  4443  4665 D ActivityManager: cleanUpApplicationRecord -- 25373
01-24 15:37:09.041  4443  4665 W ActivityManager: Scheduling restart of crashed service com.android.tv.settings/.users.UserSwitchListenerService in 1000ms
01-24 15:37:10.053  4443  4456 I ActivityManager: Start proc 25390:com.android.tv.settings/1000 for service com.android.tv.settings/.users.UserSwitchListenerService
01-24 15:37:11.142  4443  6602 I ActivityManager: Process com.android.tv.settings (pid 25390) has died
01-24 15:37:11.142  4443  6602 D ActivityManager: cleanUpApplicationRecord -- 25390
01-24 15:37:11.142  4443  6602 W ActivityManager: Scheduling restart of crashed service com.android.tv.settings/.users.UserSwitchListenerService in 1000ms
01-24 15:37:12.175  4443  4456 I ActivityManager: Start proc 25410:com.android.tv.settings/1000 for service com.android.tv.settings/.users.UserSwitchListenerService
01-24 15:37:13.481  4443  6629 I ActivityManager: Process com.android.tv.settings (pid 25410) has died
01-24 15:37:13.481  4443  6629 D ActivityManager: cleanUpApplicationRecord -- 25410
01-24 15:37:13.482  4443  6629 W ActivityManager: Scheduling restart of crashed service com.android.tv.settings/.users.UserSwitchListenerService in 1000ms
01-24 15:37:14.535  4443  4456 W ActivityManager: Slow operation: 52ms so far, now at startProcess: returned from zygote!
01-24 15:37:14.535  4443  4456 W ActivityManager: Slow operation: 52ms so far, now at startProcess: done updating battery stats
01-24 15:37:14.535  4443  4456 W ActivityManager: Slow operation: 52ms so far, now at startProcess: building log message
01-24 15:37:14.535  4443  4456 I ActivityManager: Start proc 25430:com.android.tv.settings/1000 for service com.android.tv.settings/.users.UserSwitchListenerService
01-24 15:37:14.535  4443  4456 W ActivityManager: Slow operation: 52ms so far, now at startProcess: starting to update pids map
01-24 15:37:14.535  4443  4456 W ActivityManager: Slow operation: 52ms so far, now at startProcess: done updating pids map
01-24 15:37:14.535  4443  4456 W ActivityManager: Slow operation: 52ms so far, now at startProcess: done starting proc!
01-24 15:37:16.931  4443  6617 I ActivityManager: Process com.android.tv.settings (pid 25430) has died
01-24 15:37:16.931  4443  6617 D ActivityManager: cleanUpApplicationRecord -- 25430
01-24 15:37:16.931  4443  6617 W ActivityManager: Scheduling restart of crashed service com.android.tv.settings/.users.UserSwitchListenerService in 1000ms
01-24 15:37:17.972  4443  4456 I ActivityManager: Start proc 25447:com.android.tv.settings/1000 for service com.android.tv.settings/.users.UserSwitchListenerService
01-24 15:37:18.541  4443  6606 I ActivityManager: Process com.android.tv.settings (pid 25447) has died
01-24 15:37:18.541  4443  6606 D ActivityManager: cleanUpApplicationRecord -- 25447
01-24 15:37:18.541  4443  6606 W ActivityManager: Scheduling restart of crashed service com.android.tv.settings/.users.UserSwitchListenerService in 1000ms
01-24 15:37:19.562  4443  4456 I ActivityManager: Start proc 25462:com.android.tv.settings/1000 for service com.android.tv.settings/.users.UserSwitchListenerService
01-24 15:37:19.801  4443  4904 I ActivityManager: Process com.android.tv.settings (pid 25462) has died
01-24 15:37:19.801  4443  4904 D ActivityManager: cleanUpApplicationRecord -- 25462
01-24 15:37:19.801  4443  4904 W ActivityManager: Scheduling restart of crashed service com.android.tv.settings/.users.UserSwitchListenerService in 1000ms
01-24 15:37:20.823  4443  4456 I ActivityManager: Start proc 25479:com.android.tv.settings/1000 for service com.android.tv.settings/.users.UserSwitchListenerService
01-24 15:37:21.588  4443  6617 I ActivityManager: Process com.android.tv.settings (pid 25479) has died
01-24 15:37:21.588  4443  6617 D ActivityManager: cleanUpApplicationRecord -- 25479
01-24 15:37:21.588  4443  6617 W ActivityManager: Scheduling restart of crashed service com.android.tv.settings/.users.UserSwitchListenerService in 1000ms
01-24 15:37:22.601  4443  4456 I ActivityManager: Start proc 25502:com.android.tv.settings/1000 for service com.android.tv.settings/.users.UserSwitchListenerService
01-24 15:37:23.409  4443 26069 I ActivityManager: Process com.android.tv.settings (pid 25502) has died
01-24 15:37:23.409  4443 26069 D ActivityManager: cleanUpApplicationRecord -- 25502
01-24 15:37:23.410  4443 26069 W ActivityManager: Scheduling restart of crashed service com.android.tv.settings/.users.UserSwitchListenerService in 1000ms
01-24 15:37:24.463  4443  4456 W ActivityManager: Slow operation: 52ms so far, now at startProcess: returned from zygote!
01-24 15:37:24.463  4443  4456 W ActivityManager: Slow operation: 52ms so far, now at startProcess: done updating battery stats
01-24 15:37:24.463  4443  4456 W ActivityManager: Slow operation: 53ms so far, now at startProcess: building log message
01-24 15:37:24.463  4443  4456 I ActivityManager: Start proc 25517:com.android.tv.settings/1000 for service com.android.tv.settings/.users.UserSwitchListenerService
01-24 15:37:24.463  4443  4456 W ActivityManager: Slow operation: 53ms so far, now at startProcess: starting to update pids map
01-24 15:37:24.463  4443  4456 W ActivityManager: Slow operation: 53ms so far, now at startProcess: done updating pids map
01-24 15:37:24.463  4443  4456 W ActivityManager: Slow operation: 53ms so far, now at startProcess: done starting proc!
01-24 15:37:26.671  4443  4562 I ActivityManager: Process com.android.tv.settings (pid 25517) has died
01-24 15:37:26.671  4443  4562 D ActivityManager: cleanUpApplicationRecord -- 25517
01-24 15:37:26.672  4443  4562 W ActivityManager: Scheduling restart of crashed service com.android.tv.settings/.users.UserSwitchListenerService in 1000ms
01-24 15:37:27.706  4443  4456 I ActivityManager: Start proc 25533:com.android.tv.settings/1000 for service com.android.tv.settings/.users.UserSwitchListenerService
01-24 15:37:28.861  4443  4453 I ActivityManager: Process com.android.tv.settings (pid 25533) has died
01-24 15:37:28.861  4443  4453 D ActivityManager: cleanUpApplicationRecord -- 25533
01-24 15:37:28.861  4443  4453 W ActivityManager: Scheduling restart of crashed service com.android.tv.settings/.users.UserSwitchListenerService in 1000ms
01-24 15:37:29.888  4443  4456 I ActivityManager: Start proc 25553:com.android.tv.settings/1000 for service com.android.tv.settings/.users.UserSwitchListenerService
01-24 15:37:31.340  4443 26244 I ActivityManager: Process com.android.tv.settings (pid 25553) has died
01-24 15:37:31.340  4443 26244 D ActivityManager: cleanUpApplicationRecord -- 25553
01-24 15:37:31.340  4443 26244 W ActivityManager: Scheduling restart of crashed service com.android.tv.settings/.users.UserSwitchListenerService in 1000ms
01-24 15:37:32.360  4443  4456 I ActivityManager: Start proc 25568:com.android.tv.settings/1000 for service com.android.tv.settings/.users.UserSwitchListenerService
01-24 15:37:33.162  4443  6606 I ActivityManager: Process com.android.tv.settings (pid 25568) has died
01-24 15:37:33.162  4443  6606 D ActivityManager: cleanUpApplicationRecord -- 25568
01-24 15:37:33.162  4443  6606 W ActivityManager: Scheduling restart of crashed service com.android.tv.settings/.users.UserSwitchListenerService in 1000ms
01-24 15:37:34.204  4443  4456 I ActivityManager: Start proc 25584:com.android.tv.settings/1000 for service com.android.tv.settings/.users.UserSwitchListenerService
01-24 15:37:36.695  4443  6610 I ActivityManager: Process com.android.tv.settings (pid 25584) has died
01-24 15:37:36.695  4443  6610 D ActivityManager: cleanUpApplicationRecord -- 25584
01-24 15:37:36.695  4443  6610 W ActivityManager: Scheduling restart of crashed service com.android.tv.settings/.users.UserSwitchListenerService in 1000ms
01-24 15:37:37.751  4443  4456 I ActivityManager: Start proc 25601:com.android.tv.settings/1000 for service com.android.tv.settings/.users.UserSwitchListenerService
01-24 15:37:38.696  4443 26244 I ActivityManager: Process com.android.tv.settings (pid 25601) has died
01-24 15:37:38.696  4443 26244 D ActivityManager: cleanUpApplicationRecord -- 25601
01-24 15:37:38.696  4443 26244 W ActivityManager: Scheduling restart of crashed service com.android.tv.settings/.users.UserSwitchListenerService in 1000ms
01-24 15:37:39.711  4443  4456 I ActivityManager: Start proc 25621:com.android.tv.settings/1000 for service com.android.tv.settings/.users.UserSwitchListenerService
01-24 15:37:39.961  4443  6609 I ActivityManager: Process com.android.tv.settings (pid 25621) has died
01-24 15:37:39.961  4443  6609 D ActivityManager: cleanUpApplicationRecord -- 25621
01-24 15:37:39.961  4443  6609 W ActivityManager: Scheduling restart of crashed service com.android.tv.settings/.users.UserSwitchListenerService in 1000ms
01-24 15:37:40.975  4443  4456 I ActivityManager: Start proc 25636:com.android.tv.settings/1000 for service com.android.tv.settings/.users.UserSwitchListenerService
01-24 15:37:41.271  4443  6609 I ActivityManager: Process com.android.tv.settings (pid 25636) has died
01-24 15:37:41.272  4443  6609 D ActivityManager: cleanUpApplicationRecord -- 25636
01-24 15:37:41.272  4443  6609 W ActivityManager: Scheduling restart of crashed service com.android.tv.settings/.users.UserSwitchListenerService in 1000ms
01-24 15:37:42.307  4443  4456 I ActivityManager: Start proc 25651:com.android.tv.settings/1000 for service com.android.tv.settings/.users.UserSwitchListenerService
01-24 15:37:42.724  4443  5033 I ActivityManager: Process com.android.tv.settings (pid 25651) has died
01-24 15:37:42.724  4443  5033 D ActivityManager: cleanUpApplicationRecord -- 25651
01-24 15:37:42.724  4443  5033 W ActivityManager: Scheduling restart of crashed service com.android.tv.settings/.users.UserSwitchListenerService in 1000ms
01-24 15:37:43.755  4443  4456 I ActivityManager: Start proc 25667:com.android.tv.settings/1000 for service com.android.tv.settings/.users.UserSwitchListenerService
01-24 15:37:44.207  4443  4944 I ActivityManager: Process com.android.tv.settings (pid 25667) has died
01-24 15:37:44.207  4443  4944 D ActivityManager: cleanUpApplicationRecord -- 25667
01-24 15:37:44.208  4443  4944 W ActivityManager: Scheduling restart of crashed service com.android.tv.settings/.users.UserSwitchListenerService in 1000ms
01-24 15:37:45.228  4443  4456 I ActivityManager: Start proc 25682:com.android.tv.settings/1000 for service com.android.tv.settings/.users.UserSwitchListenerService
01-24 15:37:47.591  4443  4944 I ActivityManager: Process com.android.tv.settings (pid 25682) has died
01-24 15:37:47.591  4443  4944 D ActivityManager: cleanUpApplicationRecord -- 25682
01-24 15:37:47.591  4443  4944 W ActivityManager: Scheduling restart of crashed service com.android.tv.settings/.users.UserSwitchListenerService in 1000ms
01-24 15:37:48.612  4443  4456 I ActivityManager: Start proc 25698:com.android.tv.settings/1000 for service com.android.tv.settings/.users.UserSwitchListenerService
01-24 15:37:48.950  4443  6109 I ActivityManager: Process com.android.tv.settings (pid 25698) has died
01-24 15:37:48.950  4443  6109 D ActivityManager: cleanUpApplicationRecord -- 25698
01-24 15:37:48.950  4443  6109 W ActivityManager: Scheduling restart of crashed service com.android.tv.settings/.users.UserSwitchListenerService in 1000ms
01-24 15:37:49.965  4443  4456 I ActivityManager: Start proc 25719:com.android.tv.settings/1000 for service com.android.tv.settings/.users.UserSwitchListenerService
01-24 15:37:50.230  4443  4674 I ActivityManager: Process com.android.tv.settings (pid 25719) has died
01-24 15:37:50.231  4443  4674 D ActivityManager: cleanUpApplicationRecord -- 25719
01-24 15:37:50.231  4443  4674 W ActivityManager: Scheduling restart of crashed service com.android.tv.settings/.users.UserSwitchListenerService in 1000ms
01-24 15:37:51.256  4443  4456 I ActivityManager: Start proc 25734:com.android.tv.settings/1000 for service com.android.tv.settings/.users.UserSwitchListenerService
01-24 15:37:53.317  4443  6610 I ActivityManager: Process com.android.tv.settings (pid 25734) has died
01-24 15:37:53.317  4443  6610 D ActivityManager: cleanUpApplicationRecord -- 25734
01-24 15:37:53.317  4443  6610 W ActivityManager: Scheduling restart of crashed service com.android.tv.settings/.users.UserSwitchListenerService in 1000ms
01-24 15:37:54.360  4443  4456 I ActivityManager: Start proc 25750:com.android.tv.settings/1000 for service com.android.tv.settings/.users.UserSwitchListenerService
01-24 15:37:54.903  4443  4944 I ActivityManager: Process com.android.tv.settings (pid 25750) has died
01-24 15:37:54.903  4443  4944 D ActivityManager: cleanUpApplicationRecord -- 25750
01-24 15:37:54.903  4443  4944 W ActivityManager: Scheduling restart of crashed service com.android.tv.settings/.users.UserSwitchListenerService in 1000ms
01-24 15:37:55.948  4443  4456 I ActivityManager: Start proc 25765:com.android.tv.settings/1000 for service com.android.tv.settings/.users.UserSwitchListenerService
01-24 15:37:56.401  4443  6609 I ActivityManager: Process com.android.tv.settings (pid 25765) has died
01-24 15:37:56.401  4443  6609 D ActivityManager: cleanUpApplicationRecord -- 25765
01-24 15:37:56.401  4443  6609 W ActivityManager: Scheduling restart of crashed service com.android.tv.settings/.users.UserSwitchListenerService in 1000ms
01-24 15:37:57.416  4443  4456 I ActivityManager: Start proc 25780:com.android.tv.settings/1000 for service com.android.tv.settings/.users.UserSwitchListenerService
01-24 15:37:57.822  4443  6602 I ActivityManager: Process com.android.tv.settings (pid 25780) has died
01-24 15:37:57.822  4443  6602 D ActivityManager: cleanUpApplicationRecord -- 25780
01-24 15:37:57.823  4443  6602 W ActivityManager: Scheduling restart of crashed service com.android.tv.settings/.users.UserSwitchListenerService in 1000ms
01-24 15:37:58.847  4443  4456 I ActivityManager: Start proc 25796:com.android.tv.settings/1000 for service com.android.tv.settings/.users.UserSwitchListenerService
01-24 15:37:59.112  4443  6617 I ActivityManager: Process com.android.tv.settings (pid 25796) has died
01-24 15:37:59.112  4443  6617 D ActivityManager: cleanUpApplicationRecord -- 25796
01-24 15:37:59.112  4443  6617 W ActivityManager: Scheduling restart of crashed service com.android.tv.settings/.users.UserSwitchListenerService in 1000ms
01-24 15:38:00.167  4443  4456 I ActivityManager: Start proc 25812:com.android.tv.settings/1000 for service com.android.tv.settings/.users.UserSwitchListenerService
01-24 15:38:01.325  4443  6617 I ActivityManager: Process com.android.tv.settings (pid 25812) has died
01-24 15:38:01.326  4443  6617 D ActivityManager: cleanUpApplicationRecord -- 25812
01-24 15:38:01.326  4443  6617 W ActivityManager: Scheduling restart of crashed service com.android.tv.settings/.users.UserSwitchListenerService in 1000ms
01-24 15:38:01.460  4443 26244 I ActivityManager: Process de.vahrmap.vmapper (pid 24773) has died
01-24 15:38:01.460  4443 26244 D ActivityManager: cleanUpApplicationRecord -- 24773
01-24 15:38:01.461  4443 26244 W ActivityManager: Scheduling restart of crashed service de.vahrmap.vmapper/.PogoPatcher in 10865ms
01-24 15:38:02.346  4443  4456 I ActivityManager: Start proc 25831:com.android.tv.settings/1000 for service com.android.tv.settings/.users.UserSwitchListenerService
01-24 15:38:03.293  4443  4454 I ActivityManager: Process com.android.tv.settings (pid 25831) has died
01-24 15:38:03.293  4443  4454 D ActivityManager: cleanUpApplicationRecord -- 25831
01-24 15:38:03.294  4443  4454 W ActivityManager: Scheduling restart of crashed service com.android.tv.settings/.users.UserSwitchListenerService in 19032ms
01-24 15:38:12.351  4443  4456 I ActivityManager: Start proc 25855:de.vahrmap.vmapper/u0a69 for service de.vahrmap.vmapper/.PogoPatcher
01-24 15:38:20.960  4443  4663 W ActivityManager: Slow operation: 77ms so far, now at getContentProviderImpl: after resolveContentProvider
01-24 15:38:20.998  4443  4663 W ActivityManager: Slow operation: 116ms so far, now at getContentProviderImpl: got app info for user
01-24 15:38:20.999  4443  4663 W ActivityManager: Slow operation: 116ms so far, now at getContentProviderImpl: before checkContentProviderPermission
01-24 15:38:20.999  4443  4663 W ActivityManager: Slow operation: 116ms so far, now at getContentProviderImpl: after checkContentProviderPermission
01-24 15:38:20.999  4443  4663 W ActivityManager: Slow operation: 116ms so far, now at getContentProviderImpl: before getProviderByClass
01-24 15:38:20.999  4443  4663 W ActivityManager: Slow operation: 116ms so far, now at getContentProviderImpl: after getProviderByClass
01-24 15:38:20.999  4443  4663 W ActivityManager: Slow operation: 116ms so far, now at getContentProviderImpl: before getApplicationInfo
01-24 15:38:20.999  4443  4663 W ActivityManager: Slow operation: 116ms so far, now at getContentProviderImpl: after getApplicationInfo
01-24 15:38:20.999  4443  4663 W ActivityManager: Slow operation: 116ms so far, now at getContentProviderImpl: now have ContentProviderRecord
01-24 15:38:20.999  4443  4663 W ActivityManager: Slow operation: 116ms so far, now at getContentProviderImpl: before set stopped state
01-24 15:38:20.999  4443  4663 W ActivityManager: Slow operation: 117ms so far, now at getContentProviderImpl: after set stopped state
01-24 15:38:20.999  4443  4663 W ActivityManager: Slow operation: 117ms so far, now at getContentProviderImpl: looking for process record
01-24 15:38:20.999  4443  4663 W ActivityManager: Slow operation: 117ms so far, now at getContentProviderImpl: before start process
01-24 15:38:21.048  4443  4663 I ActivityManager: Start proc 25904:com.ZKus0p4vP41dpN3n/u0a56 for content provider com.ZKus0p4vP41dpN3n/a.p
01-24 15:38:21.048  4443  4663 W ActivityManager: Slow operation: 166ms so far, now at getContentProviderImpl: after start process
01-24 15:38:21.049  4443  4663 W ActivityManager: Slow operation: 166ms so far, now at getContentProviderImpl: updating data structures
01-24 15:38:21.049  4443  4663 W ActivityManager: Slow operation: 166ms so far, now at getContentProviderImpl: done!
01-24 15:38:22.362  4443  4456 I ActivityManager: Start proc 25921:com.android.tv.settings/1000 for service com.android.tv.settings/.users.UserSwitchListenerService
01-24 15:39:00.331  4443  5033 I ActivityManager: Process com.ZKus0p4vP41dpN3n (pid 25904) has died
01-24 15:39:00.331  4443  5033 D ActivityManager: cleanUpApplicationRecord -- 25904
01-24 15:39:25.942  4443  6617 I ActivityManager: Process de.vahrmap.vmapper (pid 25855) has died
01-24 15:39:25.942  4443  6617 D ActivityManager: cleanUpApplicationRecord -- 25855
01-24 15:39:25.988  4443  6617 W ActivityManager: Scheduling restart of crashed service de.vahrmap.vmapper/.PogoPatcher in 1000ms
01-24 15:39:26.372  4443 26243 I ActivityManager: Process com.android.tv.settings (pid 25921) has died
01-24 15:39:26.372  4443 26243 D ActivityManager: cleanUpApplicationRecord -- 25921
01-24 15:39:26.372  4443 26243 W ActivityManager: Scheduling restart of crashed service com.android.tv.settings/.users.UserSwitchListenerService in 10617ms
01-24 15:39:27.043  4443  4456 I ActivityManager: Start proc 26000:de.vahrmap.vmapper/u0a69 for service de.vahrmap.vmapper/.PogoPatcher
01-24 15:39:35.162  4443  6629 I ActivityManager: Process de.vahrmap.vmapper (pid 26000) has died
01-24 15:39:35.162  4443  6629 D ActivityManager: cleanUpApplicationRecord -- 26000
01-24 15:39:35.162  4443  6629 W ActivityManager: Scheduling restart of crashed service de.vahrmap.vmapper/.PogoPatcher in 11827ms
01-24 15:39:37.023  4443  4456 I ActivityManager: Start proc 26022:com.android.tv.settings/1000 for service com.android.tv.settings/.users.UserSwitchListenerService
01-24 15:39:40.042  4443  4904 I ActivityManager: Process com.android.tv.settings (pid 26022) has died
01-24 15:39:40.042  4443  4904 D ActivityManager: cleanUpApplicationRecord -- 26022
01-24 15:39:40.043  4443  4904 W ActivityManager: Scheduling restart of crashed service com.android.tv.settings/.users.UserSwitchListenerService in 16946ms
01-24 15:39:47.043  4443  4456 I ActivityManager: Start proc 26040:de.vahrmap.vmapper/u0a69 for service de.vahrmap.vmapper/.PogoPatcher
01-24 15:39:50.565  4443  6613 I ActivityManager: Process de.vahrmap.vmapper (pid 26040) has died
01-24 15:39:50.565  4443  6613 D ActivityManager: cleanUpApplicationRecord -- 26040
01-24 15:39:50.566  4443  6613 W ActivityManager: Scheduling restart of crashed service de.vahrmap.vmapper/.PogoPatcher in 16423ms
01-24 15:39:57.025  4443  4456 I ActivityManager: Start proc 26063:com.android.tv.settings/1000 for service com.android.tv.settings/.users.UserSwitchListenerService
01-24 15:39:59.761  4443  6610 I ActivityManager: Process com.android.tv.settings (pid 26063) has died
01-24 15:39:59.761  4443  6610 D ActivityManager: cleanUpApplicationRecord -- 26063
01-24 15:39:59.762  4443  6610 W ActivityManager: Scheduling restart of crashed service com.android.tv.settings/.users.UserSwitchListenerService in 17227ms
01-24 15:40:07.094  4443  4456 I ActivityManager: Start proc 26083:de.vahrmap.vmapper/u0a69 for service de.vahrmap.vmapper/.PogoPatcher
01-24 15:40:11.393  4443  7113 I ActivityManager: Process de.vahrmap.vmapper (pid 26083) has died
01-24 15:40:11.394  4443  7113 D ActivityManager: cleanUpApplicationRecord -- 26083
01-24 15:40:11.394  4443  7113 W ActivityManager: Scheduling restart of crashed service de.vahrmap.vmapper/.PogoPatcher in 15595ms
01-24 15:40:17.017  4443  4456 I ActivityManager: Start proc 26109:com.android.tv.settings/1000 for service com.android.tv.settings/.users.UserSwitchListenerService
01-24 15:40:17.391  4443  4453 W ActivityManager: Slow operation: 56ms so far, now at attachApplicationLocked: immediately after bindApplication
01-24 15:40:17.391  4443  4453 W ActivityManager: Slow operation: 56ms so far, now at attachApplicationLocked: after updateLruProcessLocked
01-24 15:40:17.398  4443  4453 W ActivityManager: Slow operation: 63ms so far, now at attachApplicationLocked: after mServices.attachApplicationLocked
01-24 15:40:18.642  4443  4665 I ActivityManager: Process com.android.tv.settings (pid 26109) has died
01-24 15:40:18.642  4443  4665 D ActivityManager: cleanUpApplicationRecord -- 26109
01-24 15:40:18.643  4443  4665 W ActivityManager: Scheduling restart of crashed service com.android.tv.settings/.users.UserSwitchListenerService in 18346ms
01-24 15:40:27.031  4443  4456 I ActivityManager: Start proc 26126:de.vahrmap.vmapper/u0a69 for service de.vahrmap.vmapper/.PogoPatcher
01-24 15:40:29.972  4443  4904 I ActivityManager: Process de.vahrmap.vmapper (pid 26126) has died
01-24 15:40:29.972  4443  4904 D ActivityManager: cleanUpApplicationRecord -- 26126
01-24 15:40:29.973  4443  4904 W ActivityManager: Scheduling restart of crashed service de.vahrmap.vmapper/.PogoPatcher in 17016ms
01-24 15:40:37.006  4443  4456 I ActivityManager: Start proc 26152:com.android.tv.settings/1000 for service com.android.tv.settings/.users.UserSwitchListenerService
01-24 15:40:38.951  4443  6609 I ActivityManager: Process com.android.tv.settings (pid 26152) has died
01-24 15:40:38.951  4443  6609 D ActivityManager: cleanUpApplicationRecord -- 26152
01-24 15:40:38.952  4443  6609 W ActivityManager: Scheduling restart of crashed service com.android.tv.settings/.users.UserSwitchListenerService in 18037ms
01-24 15:40:47.015  4443  4456 I ActivityManager: Start proc 26174:de.vahrmap.vmapper/u0a69 for service de.vahrmap.vmapper/.PogoPatcher
01-24 15:40:50.990  4443  6629 I ActivityManager: Process de.vahrmap.vmapper (pid 26174) has died
01-24 15:40:50.990  4443  6629 D ActivityManager: cleanUpApplicationRecord -- 26174
01-24 15:40:50.991  4443  6629 W ActivityManager: Scheduling restart of crashed service de.vahrmap.vmapper/.PogoPatcher in 15998ms
01-24 15:40:57.021  4443  4456 I ActivityManager: Start proc 26203:com.android.tv.settings/1000 for service com.android.tv.settings/.users.UserSwitchListenerService
01-24 15:40:59.230  4443  6613 I ActivityManager: Process com.android.tv.settings (pid 26203) has died
01-24 15:40:59.231  4443  6613 D ActivityManager: cleanUpApplicationRecord -- 26203
01-24 15:40:59.231  4443  6613 W ActivityManager: Scheduling restart of crashed service com.android.tv.settings/.users.UserSwitchListenerService in 17758ms
01-24 15:41:07.024  4443  4456 I ActivityManager: Start proc 26227:de.vahrmap.vmapper/u0a69 for service de.vahrmap.vmapper/.PogoPatcher
01-24 15:41:09.872  4443 26243 I ActivityManager: Process de.vahrmap.vmapper (pid 26227) has died
01-24 15:41:09.872  4443 26243 D ActivityManager: cleanUpApplicationRecord -- 26227
01-24 15:41:09.872  4443 26243 W ActivityManager: Scheduling restart of crashed service de.vahrmap.vmapper/.PogoPatcher in 17117ms
01-24 15:41:17.007  4443  4456 I ActivityManager: Start proc 26251:com.android.tv.settings/1000 for service com.android.tv.settings/.users.UserSwitchListenerService
01-24 15:41:19.992  4443  6609 I ActivityManager: Process com.android.tv.settings (pid 26251) has died
01-24 15:41:19.992  4443  6609 D ActivityManager: cleanUpApplicationRecord -- 26251
01-24 15:41:19.993  4443  6609 W ActivityManager: Scheduling restart of crashed service com.android.tv.settings/.users.UserSwitchListenerService in 16996ms
01-24 15:41:27.011  4443  4456 I ActivityManager: Start proc 26268:de.vahrmap.vmapper/u0a69 for service de.vahrmap.vmapper/.PogoPatcher
01-24 15:41:29.473  4443 26243 I ActivityManager: Process de.vahrmap.vmapper (pid 26268) has died
01-24 15:41:29.474  4443 26243 D ActivityManager: cleanUpApplicationRecord -- 26268
01-24 15:41:29.474  4443 26243 W ActivityManager: Scheduling restart of crashed service de.vahrmap.vmapper/.PogoPatcher in 17515ms
01-24 15:41:37.016  4443  4456 I ActivityManager: Start proc 26294:com.android.tv.settings/1000 for service com.android.tv.settings/.users.UserSwitchListenerService
01-24 15:41:39.663  4443  4454 I ActivityManager: Process com.android.tv.settings (pid 26294) has died
01-24 15:41:39.663  4443  4454 D ActivityManager: cleanUpApplicationRecord -- 26294
01-24 15:41:39.663  4443  4454 W ActivityManager: Scheduling restart of crashed service com.android.tv.settings/.users.UserSwitchListenerService in 17326ms
01-24 15:41:47.024  4443  4456 I ActivityManager: Start proc 26316:de.vahrmap.vmapper/u0a69 for service de.vahrmap.vmapper/.PogoPatcher
01-24 15:41:50.280  4443  6610 I ActivityManager: Process de.vahrmap.vmapper (pid 26316) has died
01-24 15:41:50.281  4443  6610 D ActivityManager: cleanUpApplicationRecord -- 26316
01-24 15:41:50.281  4443  6610 W ActivityManager: Scheduling restart of crashed service de.vahrmap.vmapper/.PogoPatcher in 16708ms
01-24 15:41:57.034  4443  4456 I ActivityManager: Start proc 26342:com.android.tv.settings/1000 for service com.android.tv.settings/.users.UserSwitchListenerService
01-24 15:41:57.361  4443  4665 W ActivityManager: Slow operation: 68ms so far, now at attachApplicationLocked: after mServices.attachApplicationLocked
01-24 15:42:00.012  4443  6606 I ActivityManager: Process com.android.tv.settings (pid 26342) has died
01-24 15:42:00.012  4443  6606 D ActivityManager: cleanUpApplicationRecord -- 26342
01-24 15:42:00.013  4443  6606 W ActivityManager: Scheduling restart of crashed service com.android.tv.settings/.users.UserSwitchListenerService in 16976ms
01-24 15:42:07.035  4443  4456 I ActivityManager: Start proc 26360:de.vahrmap.vmapper/u0a69 for service de.vahrmap.vmapper/.PogoPatcher
01-24 15:42:14.782  4443  6602 I ActivityManager: Process de.vahrmap.vmapper (pid 26360) has died
01-24 15:42:14.782  4443  6602 D ActivityManager: cleanUpApplicationRecord -- 26360
01-24 15:42:14.783  4443  6602 W ActivityManager: Scheduling restart of crashed service de.vahrmap.vmapper/.PogoPatcher in 12206ms
01-24 15:42:17.033  4443  4456 I ActivityManager: Start proc 26383:com.android.tv.settings/1000 for service com.android.tv.settings/.users.UserSwitchListenerService
01-24 15:42:19.741  4443  6609 I ActivityManager: Process com.android.tv.settings (pid 26383) has died
01-24 15:42:19.741  4443  6609 D ActivityManager: cleanUpApplicationRecord -- 26383
01-24 15:42:19.762  4443  6609 W ActivityManager: Scheduling restart of crashed service com.android.tv.settings/.users.UserSwitchListenerService in 17227ms
01-24 15:42:27.014  4443  4456 I ActivityManager: Start proc 26400:de.vahrmap.vmapper/u0a69 for service de.vahrmap.vmapper/.PogoPatcher
01-24 15:42:31.942  4443  4904 I ActivityManager: Process de.vahrmap.vmapper (pid 26400) has died
01-24 15:42:31.942  4443  4904 D ActivityManager: cleanUpApplicationRecord -- 26400
01-24 15:42:31.942  4443  4904 W ActivityManager: Scheduling restart of crashed service de.vahrmap.vmapper/.PogoPatcher in 15047ms
01-24 15:42:37.073  4443  4456 W ActivityManager: Slow operation: 83ms so far, now at startProcess: building args
01-24 15:42:37.073  4443  4456 W ActivityManager: Slow operation: 83ms so far, now at startProcess: asking zygote to start proc
01-24 15:42:37.123  4443  4456 W ActivityManager: Slow operation: 133ms so far, now at startProcess: returned from zygote!
01-24 15:42:37.123  4443  4456 W ActivityManager: Slow operation: 133ms so far, now at startProcess: done updating battery stats
01-24 15:42:37.140  4443  4456 W ActivityManager: Slow operation: 150ms so far, now at startProcess: building log message
01-24 15:42:37.140  4443  4456 I ActivityManager: Start proc 26428:com.android.tv.settings/1000 for service com.android.tv.settings/.users.UserSwitchListenerService
01-24 15:42:37.140  4443  4456 W ActivityManager: Slow operation: 151ms so far, now at startProcess: starting to update pids map
01-24 15:42:37.141  4443  4456 W ActivityManager: Slow operation: 151ms so far, now at startProcess: done updating pids map
01-24 15:42:37.141  4443  4456 W ActivityManager: Slow operation: 151ms so far, now at startProcess: done starting proc!
01-24 15:42:37.510  4443  4665 W ActivityManager: Slow operation: 73ms so far, now at attachApplicationLocked: immediately after bindApplication
01-24 15:42:37.511  4443  4665 W ActivityManager: Slow operation: 73ms so far, now at attachApplicationLocked: after updateLruProcessLocked
01-24 15:42:37.514  4443  4665 W ActivityManager: Slow operation: 76ms so far, now at attachApplicationLocked: after mServices.attachApplicationLocked
01-24 15:42:39.560  4443  5033 I ActivityManager: Process com.android.tv.settings (pid 26428) has died
01-24 15:42:39.560  4443  5033 D ActivityManager: cleanUpApplicationRecord -- 26428
01-24 15:42:39.560  4443  5033 W ActivityManager: Scheduling restart of crashed service com.android.tv.settings/.users.UserSwitchListenerService in 17428ms
01-24 15:42:39.738  4443  4459 E BatteryStatsService: no controller energy info supplied
01-24 15:42:39.738  4443  4459 E BatteryStatsService: no controller energy info supplied
01-24 15:42:39.738  4443  4459 E BatteryStatsService: no controller energy info supplied
01-24 15:42:39.838  4443  4459 E KernelUidCpuTimeReader: Failed to read uid_cputime: /proc/uid_cputime/show_uid_stat (No such file or directory)
01-24 15:42:47.034  4443  4456 I ActivityManager: Start proc 26446:de.vahrmap.vmapper/u0a69 for service de.vahrmap.vmapper/.PogoPatcher
01-24 15:42:52.562  4443  6634 I ActivityManager: Process de.vahrmap.vmapper (pid 26446) has died
01-24 15:42:52.563  4443  6634 D ActivityManager: cleanUpApplicationRecord -- 26446
01-24 15:42:52.563  4443  6634 W ActivityManager: Scheduling restart of crashed service de.vahrmap.vmapper/.PogoPatcher in 14426ms
01-24 15:42:57.023  4443  4456 I ActivityManager: Start proc 26474:com.android.tv.settings/1000 for service com.android.tv.settings/.users.UserSwitchListenerService
01-24 15:42:58.863  4443  4663 I ActivityManager: Process com.android.tv.settings (pid 26474) has died
01-24 15:42:58.863  4443  4663 D ActivityManager: cleanUpApplicationRecord -- 26474
01-24 15:42:58.883  4443  4663 W ActivityManager: Scheduling restart of crashed service com.android.tv.settings/.users.UserSwitchListenerService in 18106ms
01-24 15:43:07.019  4443  4456 I ActivityManager: Start proc 26495:de.vahrmap.vmapper/u0a69 for service de.vahrmap.vmapper/.PogoPatcher
01-24 15:43:10.898  4443  6629 I ActivityManager: Process de.vahrmap.vmapper (pid 26495) has died
01-24 15:43:10.898  4443  6629 D ActivityManager: cleanUpApplicationRecord -- 26495
01-24 15:43:10.898  4443  6629 W ActivityManager: Scheduling restart of crashed service de.vahrmap.vmapper/.PogoPatcher in 16091ms
01-24 15:43:17.027  4443  4456 I ActivityManager: Start proc 26518:com.android.tv.settings/1000 for service com.android.tv.settings/.users.UserSwitchListenerService
01-24 15:43:17.322  4443  4454 W ActivityManager: Slow operation: 60ms so far, now at attachApplicationLocked: before bindApplication
01-24 15:43:17.322  4443  4454 W ActivityManager: Slow operation: 61ms so far, now at attachApplicationLocked: immediately before bindApplication
01-24 15:43:17.333  4443  4454 W ActivityManager: Slow operation: 71ms so far, now at attachApplicationLocked: immediately after bindApplication
01-24 15:43:17.333  4443  4454 W ActivityManager: Slow operation: 71ms so far, now at attachApplicationLocked: after updateLruProcessLocked
01-24 15:43:17.360  4443  4454 W ActivityManager: Slow operation: 98ms so far, now at attachApplicationLocked: after mServices.attachApplicationLocked
01-24 15:43:19.472  4443  7113 I ActivityManager: Process com.android.tv.settings (pid 26518) has died
01-24 15:43:19.472  4443  7113 D ActivityManager: cleanUpApplicationRecord -- 26518
01-24 15:43:19.472  4443  7113 W ActivityManager: Scheduling restart of crashed service com.android.tv.settings/.users.UserSwitchListenerService in 17518ms
01-24 15:43:27.079  4443  4456 W ActivityManager: Slow operation: 67ms so far, now at startProcess: returned from zygote!
01-24 15:43:27.080  4443  4456 W ActivityManager: Slow operation: 68ms so far, now at startProcess: done updating battery stats
01-24 15:43:27.080  4443  4456 W ActivityManager: Slow operation: 69ms so far, now at startProcess: building log message
01-24 15:43:27.080  4443  4456 I ActivityManager: Start proc 26540:de.vahrmap.vmapper/u0a69 for service de.vahrmap.vmapper/.PogoPatcher
01-24 15:43:27.081  4443  4456 W ActivityManager: Slow operation: 69ms so far, now at startProcess: starting to update pids map
01-24 15:43:27.081  4443  4456 W ActivityManager: Slow operation: 69ms so far, now at startProcess: done updating pids map
01-24 15:43:27.081  4443  4456 W ActivityManager: Slow operation: 70ms so far, now at startProcess: done starting proc!
01-24 15:43:32.643  4443  6609 I ActivityManager: Process de.vahrmap.vmapper (pid 26540) has died
